Component: ARM Compiler 5.06 update 7 (build 960) Tool: armlink [4d3601]

==============================================================================

Section Cross References

    startup_stm32f103xe.o(RESET) refers to startup_stm32f103xe.o(STACK) for __initial_sp
    startup_stm32f103xe.o(RESET) refers to startup_stm32f103xe.o(.text) for Reset_Handler
    startup_stm32f103xe.o(RESET) refers to stm32f1xx_it.o(i.NMI_Handler) for NMI_Handler
    startup_stm32f103xe.o(RESET) refers to stm32f1xx_it.o(i.HardFault_Handler) for HardFault_Handler
    startup_stm32f103xe.o(RESET) refers to stm32f1xx_it.o(i.MemManage_Handler) for MemManage_Handler
    startup_stm32f103xe.o(RESET) refers to stm32f1xx_it.o(i.BusFault_Handler) for BusFault_Handler
    startup_stm32f103xe.o(RESET) refers to stm32f1xx_it.o(i.UsageFault_Handler) for UsageFault_Handler
    startup_stm32f103xe.o(RESET) refers to stm32f1xx_it.o(i.SVC_Handler) for SVC_Handler
    startup_stm32f103xe.o(RESET) refers to stm32f1xx_it.o(i.DebugMon_Handler) for DebugMon_Handler
    startup_stm32f103xe.o(RESET) refers to stm32f1xx_it.o(i.PendSV_Handler) for PendSV_Handler
    startup_stm32f103xe.o(RESET) refers to stm32f1xx_it.o(i.SysTick_Handler) for SysTick_Handler
    startup_stm32f103xe.o(RESET) refers to stm32f1xx_it.o(i.DMA1_Channel3_IRQHandler) for DMA1_Channel3_IRQHandler
    startup_stm32f103xe.o(RESET) refers to stm32f1xx_it.o(i.DMA1_Channel5_IRQHandler) for DMA1_Channel5_IRQHandler
    startup_stm32f103xe.o(RESET) refers to stm32f1xx_it.o(i.DMA1_Channel6_IRQHandler) for DMA1_Channel6_IRQHandler
    startup_stm32f103xe.o(RESET) refers to stm32f1xx_it.o(i.DMA1_Channel7_IRQHandler) for DMA1_Channel7_IRQHandler
    startup_stm32f103xe.o(RESET) refers to stm32f1xx_it.o(i.USART1_IRQHandler) for USART1_IRQHandler
    startup_stm32f103xe.o(RESET) refers to stm32f1xx_it.o(i.USART2_IRQHandler) for USART2_IRQHandler
    startup_stm32f103xe.o(RESET) refers to stm32f1xx_it.o(i.USART3_IRQHandler) for USART3_IRQHandler
    startup_stm32f103xe.o(RESET) refers to stm32f1xx_it.o(i.UART4_IRQHandler) for UART4_IRQHandler
    startup_stm32f103xe.o(RESET) refers to stm32f1xx_it.o(i.DMA2_Channel3_IRQHandler) for DMA2_Channel3_IRQHandler
    startup_stm32f103xe.o(RESET) refers to stm32f1xx_it.o(i.DMA2_Channel4_5_IRQHandler) for DMA2_Channel4_5_IRQHandler
    startup_stm32f103xe.o(.text) refers to system_stm32f1xx.o(i.SystemInit) for SystemInit
    startup_stm32f103xe.o(.text) refers to entry.o(.ARM.Collect$$$$00000000) for __main
    main.o(i.AppTaskCreate) refers to los_task.o(i.LOS_TaskCreate) for LOS_TaskCreate
    main.o(i.AppTaskCreate) refers to printfa.o(i.__0printf) for __2printf
    main.o(i.AppTaskCreate) refers to main.o(i.VoiceTask) for VoiceTask
    main.o(i.AppTaskCreate) refers to main.o(.data) for .data
    main.o(i.AppTaskCreate) refers to main.o(i.SensorTask) for SensorTask
    main.o(i.AppTaskCreate) refers to main.o(i.DisplayTask) for DisplayTask
    main.o(i.DisplayTask) refers to strcpy.o(.text) for strcpy
    main.o(i.DisplayTask) refers to main.o(i.send_to_lcd) for send_to_lcd
    main.o(i.DisplayTask) refers to los_task.o(i.LOS_TaskDelay) for LOS_TaskDelay
    main.o(i.DisplayTask) refers to stm32f1xx_hal_gpio.o(i.HAL_GPIO_TogglePin) for HAL_GPIO_TogglePin
    main.o(i.DisplayTask) refers to main.o(i.uiCrc16Cal) for uiCrc16Cal
    main.o(i.DisplayTask) refers to printfa.o(i.__0sprintf) for __2sprintf
    main.o(i.DisplayTask) refers to main.o(.bss) for .bss
    main.o(i.DisplayTask) refers to main.o(.data) for .data
    main.o(i.DisplayTask) refers to usart.o(.data) for Uart2Rx
    main.o(i.SensorTask) refers to stm32f1xx_hal_uart.o(i.HAL_UART_Transmit_DMA) for HAL_UART_Transmit_DMA
    main.o(i.SensorTask) refers to los_task.o(i.LOS_TaskDelay) for LOS_TaskDelay
    main.o(i.SensorTask) refers to main.o(i.uiCrc16Cal) for uiCrc16Cal
    main.o(i.SensorTask) refers to main.o(.data) for .data
    main.o(i.SensorTask) refers to usart.o(.data) for Uart4Rx
    main.o(i.SensorTask) refers to usart.o(.bss) for huart4
    main.o(i.SystemClock_Config) refers to memseta.o(.text) for __aeabi_memclr4
    main.o(i.SystemClock_Config) refers to stm32f1xx_hal_rcc.o(i.HAL_RCC_OscConfig) for HAL_RCC_OscConfig
    main.o(i.SystemClock_Config) refers to stm32f1xx_hal_rcc.o(i.HAL_RCC_ClockConfig) for HAL_RCC_ClockConfig
    main.o(i.VoiceTask) refers to los_task.o(i.LOS_TaskDelay) for LOS_TaskDelay
    main.o(i.VoiceTask) refers to strstr.o(.text) for strstr
    main.o(i.VoiceTask) refers to main.o(i.uiCrc16Cal) for uiCrc16Cal
    main.o(i.VoiceTask) refers to main.o(.data) for .data
    main.o(i.VoiceTask) refers to usart.o(.data) for Uart3Rx
    main.o(i.main) refers to stm32f1xx_hal.o(i.HAL_Init) for HAL_Init
    main.o(i.main) refers to main.o(i.SystemClock_Config) for SystemClock_Config
    main.o(i.main) refers to gpio.o(i.MX_GPIO_Init) for MX_GPIO_Init
    main.o(i.main) refers to dma.o(i.MX_DMA_Init) for MX_DMA_Init
[...]
    g_schedResponseTime                      0x200000b8   Data           8  los_sched.o(.data)
    oldSchedTime                             0x200000c8   Data           8  los_sched.o(.data)
    g_schedTimerBase                         0x200000d0   Data           8  los_sched.o(.data)
    .data                                    0x200000d8   Section       12  los_sem.o(.data)
    .data                                    0x200000e4   Section       16  los_sortlink.o(.data)
    g_taskSortLink                           0x200000e4   Data           8  los_sortlink.o(.data)
    g_swtmrSortLink                          0x200000ec   Data           8  los_sortlink.o(.data)
    .data                                    0x200000f4   Section       16  los_swtmr.o(.data)
    .data                                    0x20000104   Section       52  los_task.o(.data)
    PmEnter                                  0x20000110   Data           4  los_task.o(.data)
    .data                                    0x20000138   Section        8  los_tick.o(.data)
    .data                                    0x20000140   Section        4  los_membox.o(.data)
    g_memBoxHead                             0x20000140   Data           4  los_membox.o(.data)
    .data                                    0x20000144   Section        8  los_memory.o(.data)
    .data                                    0x20000150   Section        8  los_pm.o(.data)
    g_pmSleepTime                            0x20000150   Data           8  los_pm.o(.data)
    .data                                    0x20000158   Section       16  los_exc_info.o(.data)
    .data                                    0x20000168   Section       32  los_debug.o(.data)
    g_backTraceHook                          0x20000168   Data           4  los_debug.o(.data)
    g_excHook                                0x2000016c   Data           4  los_debug.o(.data)
    g_logString                              0x20000170   Data          24  los_debug.o(.data)
    .data                                    0x20000188   Section        4  stdout.o(.data)
    .bss                                     0x2000018c   Section       32  main.o(.bss)
    .bss                                     0x200001ac   Section      696  usart.o(.bss)
    .bss                                     0x20000464   Section       65  usart.o(.bss)
    Uart1RxBuff                              0x20000464   Data          65  usart.o(.bss)
    .bss                                     0x200004a5   Section       65  usart.o(.bss)
    Uart2RxBuff                              0x200004a5   Data          65  usart.o(.bss)
    .bss                                     0x200004e6   Section       65  usart.o(.bss)
    Uart3RxBuff                              0x200004e6   Data          65  usart.o(.bss)
    .bss                                     0x20000527   Section       65  usart.o(.bss)
    Uart4RxBuff                              0x20000527   Data          65  usart.o(.bss)
    .bss                                     0x20000568   Section      596  los_interrupt.o(.bss)
    g_hwiHandlerForm                         0x20000568   Data         576  los_interrupt.o(.bss)
    .bss                                     0x200007bc   Section      256  los_sched.o(.bss)
    g_priQueueList                           0x200007bc   Data         256  los_sched.o(.bss)
    .bss                                     0x200008bc   Section      192  los_swtmr.o(.bss)
    .bss                                     0x2000097c   Section    16400  los_memory.o(.bss)
    g_memStart                               0x2000098c   Data       16384  los_memory.o(.bss)
    .bss                                     0x20004990   Section       96  los_pm.o(.bss)
    g_pmEvent                                0x20004990   Data          12  los_pm.o(.bss)
    g_pmCB                                   0x200049a0   Data          40  los_pm.o(.bss)
    g_sysctrl                                0x200049c8   Data          40  los_pm.o(.bss)
    .bss                                     0x200049f0   Section     4404  los_exc_info.o(.bss)
    g_excArray                               0x20005ac4   Data          96  los_exc_info.o(.bss)
    .bss                                     0x20005b24   Section      148  los_exchook.o(.bss)
    g_excNodes                               0x20005b24   Data         128  los_exchook.o(.bss)
    g_excHeads                               0x20005ba4   Data          20  los_exchook.o(.bss)
    STACK                                    0x20005bb8   Section     1024  startup_stm32f103xe.o(STACK)
    .vector                                  0x2000a000   Section      576  los_interrupt.o(.vector)
    g_hwiForm                                0x2000a000   Data         576  los_interrupt.o(.vector)

    Global Symbols

    Symbol Name                              Value     Ov Type        Size  Object(Section)

    BuildAttributes$$THM_ISAv4$P$D$K$B$S$PE$A:L22UL41UL21$X:L11$S22US41US21$IEEE1$IW$USESV6$~STKCKD$USESV7$~SHL$OSPACE$ROPI$EBA8$MICROLIB$REQ8$PRES8$EABIv2 0x00000000   Number         0  anon$$obj.o ABSOLUTE
    __ARM_use_no_argv                        0x00000000   Number         0  main.o ABSOLUTE
    _printf_a                                0x00000000   Number         0  stubs.o ABSOLUTE
    _printf_c                                0x00000000   Number         0  stubs.o ABSOLUTE
    _printf_charcount                        0x00000000   Number         0  stubs.o ABSOLUTE
    _printf_d                                0x00000000   Number         0  stubs.o ABSOLUTE
    _printf_e                                0x00000000   Number         0  stubs.o ABSOLUTE
    _printf_f                                0x00000000   Number         0  stubs.o ABSOLUTE
    _printf_flags                            0x00000000   Number         0  stubs.o ABSOLUTE
    _printf_fp_dec                           0x00000000   Number         0  stubs.o ABSOLUTE
    _printf_fp_hex                           0x00000000   Number         0  stubs.o ABSOLUTE
    _printf_g                                0x00000000   Number         0  stubs.o ABSOLUTE
    _printf_i                                0x00000000   Number         0  stubs.o ABSOLUTE
    _printf_int_dec                          0x00000000   Number         0  stubs.o ABSOLUTE
    _printf_l                                0x00000000   Number         0  stubs.o ABSOLUTE
    _printf_lc                               0x00000000   Number         0  stubs.o ABSOLUTE
    _printf_ll                               0x00000000   Number         0  stubs.o ABSOLUTE
    _printf_lld                              0x00000000   Number         0  stubs.o ABSOLUTE
    _printf_lli                              0x00000000   Number         0  stubs.o ABSOLUTE
    _printf_llo                              0x00000000   Number         0  stubs.o ABSOLUTE
    _printf_llu                              0x00000000   Number         0  stubs.o ABSOLUTE
    _printf_llx                              0x00000000   Number         0  stubs.o ABSOLUTE
    _printf_longlong_dec                     0x00000000   Number         0  stubs.o ABSOLUTE
    _printf_longlong_hex                     0x00000000   Number         0  stubs.o ABSOLUTE
    _printf_longlong_oct                     0x00000000   Number         0  stubs.o ABSOLUTE
    _printf_ls                               0x00000000   Number         0  stubs.o ABSOLUTE
    _printf_mbtowc                           0x00000000   Number         0  stubs.o ABSOLUTE
    _printf_n                                0x00000000   Number         0  stubs.o ABSOLUTE
    _printf_o                                0x00000000   Number         0  stubs.o ABSOLUTE
    _printf_p                                0x00000000   Number         0  stubs.o ABSOLUTE
    _printf_percent                          0x00000000   Number         0  stubs.o ABSOLUTE
    _printf_pre_padding                      0x00000000   Number         0  stubs.o ABSOLUTE
    _printf_return_value                     0x00000000   Number         0  stubs.o ABSOLUTE
    _printf_s                                0x00000000   Number         0  stubs.o ABSOLUTE
    _printf_sizespec                         0x00000000   Number         0  stubs.o ABSOLUTE
    _printf_str                              0x00000000   Number         0  stubs.o ABSOLUTE
    _printf_truncate_signed                  0x00000000   Number         0  stubs.o ABSOLUTE
    _printf_truncate_unsigned                0x00000000   Number         0  stubs.o ABSOLUTE
    _printf_u                                0x00000000   Number         0  stubs.o ABSOLUTE
    _printf_wc                               0x00000000   Number         0  stubs.o ABSOLUTE
    _printf_wctomb                           0x00000000   Number         0  stubs.o ABSOLUTE
    _printf_widthprec                        0x00000000   Number         0  stubs.o ABSOLUTE
    _printf_x                                0x00000000   Number         0  stubs.o ABSOLUTE
    __arm_fini_                               - Undefined Weak Reference
    __cpp_initialize__aeabi_                  - Undefined Weak Reference
    __cxa_finalize                            - Undefined Weak Reference
    _clock_init                               - Undefined Weak Reference
    _microlib_exit                            - Undefined Weak Reference
    __Vectors_Size                           0x00000130   Number         0  startup_stm32f103xe.o ABSOLUTE
    __Vectors                                0x08000000   Data           4  startup_stm32f103xe.o(RESET)
    __Vectors_End                            0x08000130   Data           0  startup_stm32f103xe.o(RESET)
    __main                                   0x08000131   Thumb Code     0  entry.o(.ARM.Collect$$$$00000000)
    _main_stk                                0x08000131   Thumb Code     0  entry2.o(.ARM.Collect$$$$00000001)
    _main_scatterload                        0x08000135   Thumb Code     0  entry5.o(.ARM.Collect$$$$00000004)
    __main_after_scatterload                 0x08000139   Thumb Code     0  entry5.o(.ARM.Collect$$$$00000004)
    _main_clock                              0x08000139   Thumb Code     0  entry7b.o(.ARM.Collect$$$$00000008)
    _main_cpp_init                           0x08000139   Thumb Code     0  entry8b.o(.ARM.Collect$$$$0000000A)
    _main_init                               0x08000139   Thumb Code     0  entry9a.o(.ARM.Collect$$$$0000000B)
    __rt_lib_shutdown_fini                   0x08000141   Thumb Code     0  entry12b.o(.ARM.Collect$$$$0000000E)
    __rt_final_cpp                           0x08000145   Thumb Code     0  entry10a.o(.ARM.Collect$$$$0000000F)
    __rt_final_exit                          0x08000145   Thumb Code     0  entry11a.o(.ARM.Collect$$$$00000011)
    Reset_Handler                            0x08000149   Thumb Code     8  startup_stm32f103xe.o(.text)
    ADC1_2_IRQHandler                        0x08000163   Thumb Code     0  startup_stm32f103xe.o(.text)
    ADC3_IRQHandler                          0x08000163   Thumb Code     0  startup_stm32f103xe.o(.text)
    CAN1_RX1_IRQHandler                      0x08000163   Thumb Code     0  startup_stm32f103xe.o(.text)
    CAN1_SCE_IRQHandler                      0x08000163   Thumb Code     0  startup_stm32f103xe.o(.text)
    DMA1_Channel1_IRQHandler                 0x08000163   Thumb Code     0  startup_stm32f103xe.o(.text)
    DMA1_Channel2_IRQHandler                 0x08000163   Thumb Code     0  startup_stm32f103xe.o(.text)
    DMA1_Channel4_IRQHandler                 0x08000163   Thumb Code     0  startup_stm32f103xe.o(.text)
    DMA2_Channel1_IRQHandler                 0x08000163   Thumb Code     0  startup_stm32f103xe.o(.text)
    DMA2_Channel2_IRQHandler                 0x08000163   Thumb Code     0  startup_stm32f103xe.o(.text)
    EXTI0_IRQHandler                         0x08000163   Thumb Code     0  startup_stm32f103xe.o(.text)
    EXTI15_10_IRQHandler                     0x08000163   Thumb Code     0  startup_stm32f103xe.o(.text)
    EXTI1_IRQHandler                         0x08000163   Thumb Code     0  startup_stm32f103xe.o(.text)
    EXTI2_IRQHandler                         0x08000163   Thumb Code     0  startup_stm32f103xe.o(.text)
    EXTI3_IRQHandler                         0x08000163   Thumb Code     0  startup_stm32f103xe.o(.text)
    EXTI4_IRQHandler                         0x08000163   Thumb Code     0  startup_stm32f103xe.o(.text)
    EXTI9_5_IRQHandler                       0x08000163   Thumb Code     0  startup_stm32f103xe.o(.text)
    FLASH_IRQHandler                         0x08000163   Thumb Code     0  startup_stm32f103xe.o(.text)
    FSMC_IRQHandler                          0x08000163   Thumb Code     0  startup_stm32f103xe.o(.text)
    I2C1_ER_IRQHandler                       0x08000163   Thumb Code     0  startup_stm32f103xe.o(.text)
    I2C1_EV_IRQHandler                       0x08000163   Thumb Code     0  startup_stm32f103xe.o(.text)
    I2C2_ER_IRQHandler                       0x08000163   Thumb Code     0  startup_stm32f103xe.o(.text)
    I2C2_EV_IRQHandler                       0x08000163   Thumb Code     0  startup_stm32f103xe.o(.text)
    PVD_IRQHandler                           0x08000163   Thumb Code     0  startup_stm32f103xe.o(.text)
    RCC_IRQHandler                           0x08000163   Thumb Code     0  startup_stm32f103xe.o(.text)
    RTC_Alarm_IRQHandler                     0x08000163   Thumb Code     0  startup_stm32f103xe.o(.text)
    RTC_IRQHandler                           0x08000163   Thumb Code     0  startup_stm32f103xe.o(.text)
    SDIO_IRQHandler                          0x08000163   Thumb Code     0  startup_stm32f103xe.o(.text)
    SPI1_IRQHandler                          0x08000163   Thumb Code     0  startup_stm32f103xe.o(.text)
    SPI2_IRQHandler                          0x08000163   Thumb Code     0  startup_stm32f103xe.o(.text)
    SPI3_IRQHandler                          0x08000163   Thumb Code     0  startup_stm32f103xe.o(.text)
    TAMPER_IRQHandler                        0x08000163   Thumb Code     0  startup_stm32f103xe.o(.text)
    TIM1_BRK_IRQHandler                      0x08000163   Thumb Code     0  startup_stm32f103xe.o(.text)
    TIM1_CC_IRQHandler                       0x08000163   Thumb Code     0  startup_stm32f103xe.o(.text)
    TIM1_TRG_COM_IRQHandler                  0x08000163   Thumb Code     0  startup_stm32f103xe.o(.text)
    TIM1_UP_IRQHandler                       0x08000163   Thumb Code     0  startup_stm32f103xe.o(.text)
    TIM2_IRQHandler                          0x08000163   Thumb Code     0  startup_stm32f103xe.o(.text)
    TIM3_IRQHandler                          0x08000163   Thumb Code     0  startup_stm32f103xe.o(.text)
    TIM4_IRQHandler                          0x08000163   Thumb Code     0  startup_stm32f103xe.o(.text)
    TIM5_IRQHandler                          0x08000163   Thumb Code     0  startup_stm32f103xe.o(.text)
    TIM6_IRQHandler                          0x08000163   Thumb Code     0  startup_stm32f103xe.o(.text)
    TIM7_IRQHandler                          0x08000163   Thumb Code     0  startup_stm32f103xe.o(.text)
    TIM8_BRK_IRQHandler                      0x08000163   Thumb Code     0  startup_stm32f103xe.o(.text)
    TIM8_CC_IRQHandler                       0x08000163   Thumb Code     0  startup_stm32f103xe.o(.text)
    TIM8_TRG_COM_IRQHandler                  0x08000163   Thumb Code     0  startup_stm32f103xe.o(.text)
    TIM8_UP_IRQHandler                       0x08000163   Thumb Code     0  startup_stm32f103xe.o(.text)
    UART5_IRQHandler                         0x08000163   Thumb Code     0  startup_stm32f103xe.o(.text)
    USBWakeUp_IRQHandler                     0x08000163   Thumb Code     0  startup_stm32f103xe.o(.text)
    USB_HP_CAN1_TX_IRQHandler                0x08000163   Thumb Code     0  startup_stm32f103xe.o(.text)
    USB_LP_CAN1_RX0_IRQHandler               0x08000163   Thumb Code     0  startup_stm32f103xe.o(.text)
    WWDG_IRQHandler                          0x08000163   Thumb Code     0  startup_stm32f103xe.o(.text)
    HalStartToRun                            0x0800016d   Thumb Code     0  los_dispatch.o(.text)
    HalIntLock                               0x08000195   Thumb Code     0  los_dispatch.o(.text)
    HalIntUnLock                             0x0800019d   Thumb Code     0  los_dispatch.o(.text)
    HalIntRestore                            0x080001a5   Thumb Code     0  los_dispatch.o(.text)
    HalTaskSchedule                          0x080001ab   Thumb Code     0  los_dispatch.o(.text)
    HalPendSV                                0x080001bd   Thumb Code     0  los_dispatch.o(.text)
    HalExcNMI                                0x08000211   Thumb Code     0  los_exc.o(.text)
    HalExcHardFault                          0x0800021b   Thumb Code     0  los_exc.o(.text)
    HalExcSvcCall                            0x08000283   Thumb Code     0  los_exc.o(.text)
    HalExcBusFault                           0x0800029d   Thumb Code     0  los_exc.o(.text)
    HalExcMemFault                           0x080002bb   Thumb Code     0  los_exc.o(.text)
    HalExcUsageFault                         0x080002d9   Thumb Code     0  los_exc.o(.text)
    __aeabi_uldivmod                         0x080003dd   Thumb Code    98  uldiv.o(.text)
    __aeabi_llsr                             0x0800043f   Thumb Code    32  llushr.o(.text)
    _ll_ushift_r                             0x0800043f   Thumb Code     0  llushr.o(.text)
    __aeabi_memcpy                           0x0800045f   Thumb Code    36  memcpya.o(.text)
    __aeabi_memcpy4                          0x0800045f   Thumb Code     0  memcpya.o(.text)
    __aeabi_memcpy8                          0x0800045f   Thumb Code     0  memcpya.o(.text)
    __aeabi_memset                           0x08000483   Thumb Code    14  memseta.o(.text)
    __aeabi_memset4                          0x08000483   Thumb Code     0  memseta.o(.text)
    __aeabi_memset8                          0x08000483   Thumb Code     0  memseta.o(.text)
    __aeabi_memclr                           0x08000491   Thumb Code     4  memseta.o(.text)
    __aeabi_memclr4                          0x08000491   Thumb Code     0  memseta.o(.text)
    __aeabi_memclr8                          0x08000491   Thumb Code     0  memseta.o(.text)
    _memset$wrapper                          0x08000495   Thumb Code    18  memseta.o(.text)
    strstr                                   0x080004a7   Thumb Code    36  strstr.o(.text)
    strcpy                                   0x080004cb   Thumb Code    18  strcpy.o(.text)
    __aeabi_ddiv                             0x080004dd   Thumb Code   222  ddiv.o(.text)
    __aeabi_d2ulz                            0x080005bb   Thumb Code    48  dfixul.o(.text)
    __aeabi_uidiv                            0x080005eb   Thumb Code     0  uidiv.o(.text)
    __aeabi_uidivmod                         0x080005eb   Thumb Code    44  uidiv.o(.text)
    __aeabi_llsl                             0x08000617   Thumb Code    30  llshl.o(.text)
    _ll_shift_l                              0x08000617   Thumb Code     0  llshl.o(.text)
    __I$use$fp                               0x08000635   Thumb Code     0  iusefp.o(.text)
    _double_round                            0x08000635   Thumb Code    30  depilogue.o(.text)
    _double_epilogue                         0x08000653   Thumb Code   156  depilogue.o(.text)
    __aeabi_dadd                             0x080006ef   Thumb Code   322  dadd.o(.text)
    __aeabi_dsub                             0x08000831   Thumb Code     6  dadd.o(.text)
    __aeabi_drsub                            0x08000837   Thumb Code     6  dadd.o(.text)
    __aeabi_dmul                             0x0800083d   Thumb Code   228  dmul.o(.text)
    __aeabi_cdrcmple                         0x08000921   Thumb Code    48  cdrcmple.o(.text)
    __scatterload                            0x08000951   Thumb Code    28  init.o(.text)
    __scatterload_rt2                        0x08000951   Thumb Code     0  init.o(.text)
    __aeabi_lasr                             0x08000975   Thumb Code    36  llsshr.o(.text)
    _ll_sshift_r                             0x08000975   Thumb Code     0  llsshr.o(.text)
    __decompress                             0x08000999   Thumb Code     0  __dczerorl2.o(.text)
    __decompress1                            0x08000999   Thumb Code    86  __dczerorl2.o(.text)
    BusFault_Handler                         0x08000b09   Thumb Code     2  stm32f1xx_it.o(i.BusFault_Handler)
    DMA1_Channel3_IRQHandler                 0x08000b0d   Thumb Code     6  stm32f1xx_it.o(i.DMA1_Channel3_IRQHandler)
    DMA1_Channel5_IRQHandler                 0x08000b19   Thumb Code     6  stm32f1xx_it.o(i.DMA1_Channel5_IRQHandler)
    DMA1_Channel6_IRQHandler                 0x08000b25   Thumb Code     6  stm32f1xx_it.o(i.DMA1_Channel6_IRQHandler)
    DMA1_Channel7_IRQHandler                 0x08000b31   Thumb Code     6  stm32f1xx_it.o(i.DMA1_Channel7_IRQHandler)
    DMA2_Channel3_IRQHandler                 0x08000b3d   Thumb Code     6  stm32f1xx_it.o(i.DMA2_Channel3_IRQHandler)
    DMA2_Channel4_5_IRQHandler               0x08000b49   Thumb Code     6  stm32f1xx_it.o(i.DMA2_Channel4_5_IRQHandler)
    DebugMon_Handler                         0x08000b7f   Thumb Code     2  stm32f1xx_it.o(i.DebugMon_Handler)
    Error_Handler                            0x08000d1b   Thumb Code     4  main.o(i.Error_Handler)
    HAL_DMA_Abort                            0x08000d1f   Thumb Code    70  stm32f1xx_hal_dma.o(i.HAL_DMA_Abort)
    HAL_DMA_Abort_IT                         0x08000d65   Thumb Code   296  stm32f1xx_hal_dma.o(i.HAL_DMA_Abort_IT)
    HAL_DMA_IRQHandler                       0x08000e95   Thumb Code   552  stm32f1xx_hal_dma.o(i.HAL_DMA_IRQHandler)
    HAL_DMA_Init                             0x080010dd   Thumb Code   112  stm32f1xx_hal_dma.o(i.HAL_DMA_Init)
    HAL_DMA_Start_IT                         0x08001159   Thumb Code   112  stm32f1xx_hal_dma.o(i.HAL_DMA_Start_IT)
    HAL_Delay                                0x080011c9   Thumb Code    32  stm32f1xx_hal.o(i.HAL_Delay)
    HAL_GPIO_Init                            0x080011ed   Thumb Code   462  stm32f1xx_hal_gpio.o(i.HAL_GPIO_Init)
    HAL_GPIO_TogglePin                       0x080013e5   Thumb Code    16  stm32f1xx_hal_gpio.o(i.HAL_GPIO_TogglePin)
    HAL_GPIO_WritePin                        0x080013f5   Thumb Code    10  stm32f1xx_hal_gpio.o(i.HAL_GPIO_WritePin)
    HAL_GetTick                              0x08001401   Thumb Code     6  stm32f1xx_hal.o(i.HAL_GetTick)
    HAL_IncTick                              0x0800140d   Thumb Code    12  stm32f1xx_hal.o(i.HAL_IncTick)
    HAL_Init                                 0x0800141d   Thumb Code    32  stm32f1xx_hal.o(i.HAL_Init)
    HAL_InitTick                             0x08001441   Thumb Code    54  stm32f1xx_hal.o(i.HAL_InitTick)
    HAL_MspInit                              0x08001481   Thumb Code    52  stm32f1xx_hal_msp.o(i.HAL_MspInit)
    HAL_NVIC_EnableIRQ                       0x080014bd   Thumb Code    26  stm32f1xx_hal_cortex.o(i.HAL_NVIC_EnableIRQ)
    HAL_NVIC_SetPriority                     0x080014d9   Thumb Code    60  stm32f1xx_hal_cortex.o(i.HAL_NVIC_SetPriority)
    HAL_NVIC_SetPriorityGrouping             0x08001519   Thumb Code    26  stm32f1xx_hal_cortex.o(i.HAL_NVIC_SetPriorityGrouping)
    HAL_RCC_ClockConfig                      0x0800153d   Thumb Code   280  stm32f1xx_hal_rcc.o(i.HAL_RCC_ClockConfig)
    HAL_RCC_GetPCLK1Freq                     0x08001669   Thumb Code    20  stm32f1xx_hal_rcc.o(i.HAL_RCC_GetPCLK1Freq)
    HAL_RCC_GetPCLK2Freq                     0x08001689   Thumb Code    20  stm32f1xx_hal_rcc.o(i.HAL_RCC_GetPCLK2Freq)
    HAL_RCC_GetSysClockFreq                  0x080016a9   Thumb Code    58  stm32f1xx_hal_rcc.o(i.HAL_RCC_GetSysClockFreq)
    HAL_RCC_OscConfig                        0x080016f5   Thumb Code   778  stm32f1xx_hal_rcc.o(i.HAL_RCC_OscConfig)
    HAL_SYSTICK_Config                       0x08001a15   Thumb Code    40  stm32f1xx_hal_cortex.o(i.HAL_SYSTICK_Config)
    HAL_UARTEx_RxEventCallback               0x08001a3d   Thumb Code     2  stm32f1xx_hal_uart.o(i.HAL_UARTEx_RxEventCallback)
    HAL_UART_DMAStop                         0x08001a3f   Thumb Code   112  stm32f1xx_hal_uart.o(i.HAL_UART_DMAStop)
    HAL_UART_ErrorCallback                   0x08001aaf   Thumb Code     2  stm32f1xx_hal_uart.o(i.HAL_UART_ErrorCallback)
    HAL_UART_IRQHandler                      0x08001ab1   Thumb Code   616  stm32f1xx_hal_uart.o(i.HAL_UART_IRQHandler)
    HAL_UART_Init                            0x08001d1d   Thumb Code   100  stm32f1xx_hal_uart.o(i.HAL_UART_Init)
    HAL_UART_MspInit                         0x08001d81   Thumb Code   616  usart.o(i.HAL_UART_MspInit)
    HAL_UART_Receive_DMA                     0x08002019   Thumb Code    28  stm32f1xx_hal_uart.o(i.HAL_UART_Receive_DMA)
    HAL_UART_RxCpltCallback                  0x08002035   Thumb Code     2  stm32f1xx_hal_uart.o(i.HAL_UART_RxCpltCallback)
    HAL_UART_RxHalfCpltCallback              0x08002037   Thumb Code     2  stm32f1xx_hal_uart.o(i.HAL_UART_RxHalfCpltCallback)
    HAL_UART_Transmit_DMA                    0x08002039   Thumb Code   106  stm32f1xx_hal_uart.o(i.HAL_UART_Transmit_DMA)
    HAL_UART_TxCpltCallback                  0x080020b1   Thumb Code     2  stm32f1xx_hal_uart.o(i.HAL_UART_TxCpltCallback)
    HAL_UART_TxHalfCpltCallback              0x080020b3   Thumb Code     2  stm32f1xx_hal_uart.o(i.HAL_UART_TxHalfCpltCallback)
    HalAftInterruptHandler                   0x080020b5   Thumb Code     2  los_interrupt.o(i.HalAftInterruptHandler)
    HalArchInit                              0x080020b9   Thumb Code    38  los_context.o(i.HalArchInit)
    HalEnterSleep                            0x080020f9   Thumb Code    14  los_timer.o(i.HalEnterSleep)
    HalExcHandleEntry                        0x08002109   Thumb Code   132  los_interrupt.o(i.HalExcHandleEntry)
    HalGetTickCycle                          0x080021cd   Thumb Code    34  los_timer.o(i.HalGetTickCycle)
    HalHwiDefaultHandler                     0x080021f1   Thumb Code    26  los_interrupt.o(i.HalHwiDefaultHandler)
    HalHwiInit                               0x08002221   Thumb Code   164  los_interrupt.o(i.HalHwiInit)
    HalInterrupt                             0x08002321   Thumb Code    62  los_interrupt.o(i.HalInterrupt)
    HalIsIntActive                           0x08002369   Thumb Code    12  los_interrupt.o(i.HalIsIntActive)
    HalPreInterruptHandler                   0x08002379   Thumb Code     2  los_interrupt.o(i.HalPreInterruptHandler)
    HalStartSchedule                         0x0800237b   Thumb Code    18  los_context.o(i.HalStartSchedule)
    HalSysExit                               0x0800238d   Thumb Code     6  los_context.o(i.HalSysExit)
    HalSysTickReload                         0x08002393   Thumb Code    32  los_timer.o(i.HalSysTickReload)
    HalTickStart                             0x080023b5   Thumb Code    52  los_timer.o(i.HalTickStart)
    HalTskStackInit                          0x08002401   Thumb Code   132  los_context.o(i.HalTskStackInit)
    HardFault_Handler                        0x080024ad   Thumb Code     2  stm32f1xx_it.o(i.HardFault_Handler)
    LOS_CurTaskIDGet                         0x080024b1   Thumb Code    14  los_task.o(i.LOS_CurTaskIDGet)
    LOS_EventDestroy                         0x080024c9   Thumb Code    46  los_event.o(i.LOS_EventDestroy)
    LOS_EventInit                            0x080024fd   Thumb Code    18  los_event.o(i.LOS_EventInit)
    LOS_KernelInit                           0x08002515   Thumb Code   174  los_init.o(i.LOS_KernelInit)
    LOS_MemAlloc                             0x080026cd   Thumb Code    74  los_memory.o(i.LOS_MemAlloc)
    LOS_MemAllocAlign                        0x08002717   Thumb Code   132  los_memory.o(i.LOS_MemAllocAlign)
    LOS_MemFree                              0x0800279b   Thumb Code    80  los_memory.o(i.LOS_MemFree)
    LOS_MemInfoGet                           0x080027ed   Thumb Code   116  los_memory.o(i.LOS_MemInfoGet)
    LOS_MemInit                              0x080028ad   Thumb Code   142  los_memory.o(i.LOS_MemInit)
    LOS_MemIntegrityCheck                    0x08002941   Thumb Code    70  los_memory.o(i.LOS_MemIntegrityCheck)
    LOS_MemPoolSizeGet                       0x08002987   Thumb Code    10  los_memory.o(i.LOS_MemPoolSizeGet)
    LOS_Panic                                0x08002991   Thumb Code    26  los_init.o(i.LOS_Panic)
    LOS_QueueCreate                          0x080029ad   Thumb Code   180  los_queue.o(i.LOS_QueueCreate)
    LOS_QueueInfoGet                         0x08002a6d   Thumb Code   238  los_queue.o(i.LOS_QueueInfoGet)
    LOS_QueueReadCopy                        0x08002b65   Thumb Code    34  los_queue.o(i.LOS_QueueReadCopy)
    LOS_QueueWriteCopy                       0x08002b87   Thumb Code    38  los_queue.o(i.LOS_QueueWriteCopy)
    LOS_RegExcHook                           0x08002bad   Thumb Code   108  los_exchook.o(i.LOS_RegExcHook)
    LOS_SchedTickHandler                     0x08002c25   Thumb Code   228  los_sched.o(i.LOS_SchedTickHandler)
    LOS_Schedule                             0x08002d19   Thumb Code    22  los_sched.o(i.LOS_Schedule)
    LOS_Start                                0x08002d39   Thumb Code     4  los_init.o(i.LOS_Start)
    LOS_TaskCreate                           0x08002d3d   Thumb Code    52  los_task.o(i.LOS_TaskCreate)
    LOS_TaskCreateOnly                       0x08002d75   Thumb Code   224  los_task.o(i.LOS_TaskCreateOnly)
    LOS_TaskDelay                            0x08002e69   Thumb Code    66  los_task.o(i.LOS_TaskDelay)
    LOS_TaskDelete                           0x08002eb9   Thumb Code   254  los_task.o(i.LOS_TaskDelete)
    LOS_TaskInfoGet                          0x08002ffd   Thumb Code   196  los_task.o(i.LOS_TaskInfoGet)
    LOS_TaskYield                            0x080030c9   Thumb Code    26  los_task.o(i.LOS_TaskYield)
    LOS_TickCountGet                         0x080030e5   Thumb Code    46  los_tick.o(i.LOS_TickCountGet)
    MX_DMA_Init                              0x0800311d   Thumb Code   136  dma.o(i.MX_DMA_Init)
    MX_GPIO_Init                             0x080031a9   Thumb Code   120  gpio.o(i.MX_GPIO_Init)
    MX_UART4_Init                            0x08003229   Thumb Code    82  usart.o(i.MX_UART4_Init)
    MX_USART1_UART_Init                      0x08003289   Thumb Code    82  usart.o(i.MX_USART1_UART_Init)
    MX_USART2_UART_Init                      0x080032e9   Thumb Code    82  usart.o(i.MX_USART2_UART_Init)
    MX_USART3_UART_Init                      0x08003349   Thumb Code    82  usart.o(i.MX_USART3_UART_Init)
    MemManage_Handler                        0x080033a9   Thumb Code     2  stm32f1xx_it.o(i.MemManage_Handler)
    NMI_Handler                              0x080033ab   Thumb Code     2  stm32f1xx_it.o(i.NMI_Handler)
    OsAdd2SortLink                           0x080033ad   Thumb Code   114  los_sortlink.o(i.OsAdd2SortLink)
    OsBackTraceHookCall                      0x080034fd   Thumb Code    38  los_debug.o(i.OsBackTraceHookCall)
    OsConvertTskStatus                       0x0800355d   Thumb Code    60  los_task.o(i.OsConvertTskStatus)
    OsDeleteNodeSortLink                     0x080035e1   Thumb Code    26  los_sortlink.o(i.OsDeleteNodeSortLink)
    OsDeleteSortLink                         0x080035fd   Thumb Code    66  los_sortlink.o(i.OsDeleteSortLink)
    OsDoExcHook                              0x08003661   Thumb Code    30  los_debug.o(i.OsDoExcHook)
    OsExcHookRegister                        0x08003941   Thumb Code    24  los_debug.o(i.OsExcHookRegister)
    OsExcMsgDumpInit                         0x08003c7d   Thumb Code    82  los_exc_info.o(i.OsExcMsgDumpInit)
    OsExcRegister                            0x08004199   Thumb Code    52  los_exc_info.o(i.OsExcRegister)
    OsGetAllTskInfo                          0x0800435d   Thumb Code   138  los_task.o(i.OsGetAllTskInfo)
    OsGetCurrSysTimeCycle                    0x08004491   Thumb Code   126  los_sched.o(i.OsGetCurrSysTimeCycle)
    OsGetNextExpireTime                      0x0800455d   Thumb Code    76  los_sortlink.o(i.OsGetNextExpireTime)
    OsGetSortLinkAttribute                   0x0800461d   Thumb Code    40  los_sortlink.o(i.OsGetSortLinkAttribute)
    OsGetTaskWaterLine                       0x08004695   Thumb Code    84  los_task.o(i.OsGetTaskWaterLine)
    OsGetTopTask                             0x08004711   Thumb Code    36  los_sched.o(i.OsGetTopTask)
    OsIdleTask                               0x08004745   Thumb Code    22  los_task.o(i.OsIdleTask)
    OsIdleTaskCreate                         0x08004761   Thumb Code    70  los_task.o(i.OsIdleTaskCreate)
    OsIsPmMode                               0x080047bd   Thumb Code    32  los_pm.o(i.OsIsPmMode)
    OsLogLevelCheck                          0x080047e1   Thumb Code    46  los_debug.o(i.OsLogLevelCheck)
    OsMemExcInfoGet                          0x08004a01   Thumb Code    46  los_memory.o(i.OsMemExcInfoGet)
    OsMemSystemInit                          0x08005359   Thumb Code    42  los_memory.o(i.OsMemSystemInit)
    OsMemboxExcInfoGet                       0x080053c9   Thumb Code    44  los_membox.o(i.OsMemboxExcInfoGet)
    OsMuxInit                                0x08005479   Thumb Code    74  los_mux.o(i.OsMuxInit)
    OsNewTaskInit                            0x080054d1   Thumb Code   102  los_task.o(i.OsNewTaskInit)
    OsPmEnterHandlerSet                      0x080055f1   Thumb Code    14  los_task.o(i.OsPmEnterHandlerSet)
    OsPmInit                                 0x08005605   Thumb Code    70  los_pm.o(i.OsPmInit)
    OsPrintAllTskInfoHeader                  0x080056ad   Thumb Code    80  los_task.o(i.OsPrintAllTskInfoHeader)
    OsQueueInit                              0x08005855   Thumb Code    84  los_queue.o(i.OsQueueInit)
    OsQueueOperate                           0x080058b5   Thumb Code   260  los_queue.o(i.OsQueueOperate)
    OsSchedDelay                             0x08005ab1   Thumb Code    12  los_sched.o(i.OsSchedDelay)
    OsSchedInit                              0x08005abd   Thumb Code    62  los_sched.o(i.OsSchedInit)
    OsSchedRealSleepTimeSet                  0x08005b05   Thumb Code    14  los_sched.o(i.OsSchedRealSleepTimeSet)
    OsSchedResetSchedResponseTime            0x08005b19   Thumb Code    26  los_sched.o(i.OsSchedResetSchedResponseTime)
    OsSchedSetIdleTaskSchedParam             0x08005b39   Thumb Code     4  los_sched.o(i.OsSchedSetIdleTaskSchedParam)
    OsSchedStart                             0x08005bf5   Thumb Code   114  los_sched.o(i.OsSchedStart)
    OsSchedSwtmrScanRegister                 0x08005c89   Thumb Code    14  los_sched.o(i.OsSchedSwtmrScanRegister)
    OsSchedTaskDeQueue                       0x08005c9d   Thumb Code    66  los_sched.o(i.OsSchedTaskDeQueue)
    OsSchedTaskEnQueue                       0x08005ced   Thumb Code   144  los_sched.o(i.OsSchedTaskEnQueue)
    OsSchedTaskExit                          0x08005dd5   Thumb Code    66  los_sched.o(i.OsSchedTaskExit)
    OsSchedTaskSwitch                        0x08005e19   Thumb Code   184  los_sched.o(i.OsSchedTaskSwitch)
    OsSchedTaskWait                          0x08005ee1   Thumb Code    42  los_sched.o(i.OsSchedTaskWait)
    OsSchedTaskWake                          0x08005f11   Thumb Code    60  los_sched.o(i.OsSchedTaskWake)
    OsSchedUpdateExpireTime                  0x08005fe9   Thumb Code    84  los_sched.o(i.OsSchedUpdateExpireTime)
    OsSchedUpdateSchedTimeBase               0x08006055   Thumb Code    30  los_sched.o(i.OsSchedUpdateSchedTimeBase)
    OsSchedYield                             0x08006079   Thumb Code    10  los_sched.o(i.OsSchedYield)
    OsSemInit                                0x08006089   Thumb Code    72  los_sem.o(i.OsSemInit)
    OsSetVector                              0x080060dd   Thumb Code    28  los_interrupt.o(i.OsSetVector)
    OsSortLinkInit                           0x08006105   Thumb Code     8  los_sortlink.o(i.OsSortLinkInit)
    OsSwtmrFindAlignPos                      0x0800619d   Thumb Code   258  los_swtmr.o(i.OsSwtmrFindAlignPos)
    OsSwtmrInit                              0x080062a9   Thumb Code   170  los_swtmr.o(i.OsSwtmrInit)
    OsSwtmrStart                             0x080063c9   Thumb Code   128  los_swtmr.o(i.OsSwtmrStart)
    OsSwtmrTask                              0x0800644d   Thumb Code   122  los_swtmr.o(i.OsSwtmrTask)
    OsSwtmrTaskCreate                        0x080064f5   Thumb Code    48  los_swtmr.o(i.OsSwtmrTaskCreate)
    OsTaskEntry                              0x08006599   Thumb Code    52  los_task.o(i.OsTaskEntry)
    OsTaskInit                               0x080065f1   Thumb Code   144  los_task.o(i.OsTaskInit)
    OsTickHandler                            0x0800668d   Thumb Code    14  los_tick.o(i.OsTickHandler)
    PendSV_Handler                           0x08006731   Thumb Code     2  stm32f1xx_it.o(i.PendSV_Handler)
    SVC_Handler                              0x08006733   Thumb Code     2  stm32f1xx_it.o(i.SVC_Handler)
    SysTick_Handler                          0x080068a1   Thumb Code     4  stm32f1xx_it.o(i.SysTick_Handler)
    SystemClock_Config                       0x080068a5   Thumb Code    94  main.o(i.SystemClock_Config)
    SystemInit                               0x08006903   Thumb Code     2  system_stm32f1xx.o(i.SystemInit)
    UART4_IRQHandler                         0x08006905   Thumb Code    16  stm32f1xx_it.o(i.UART4_IRQHandler)
    UART_SendByte                            0x08006b8f   Thumb Code    16  usart.o(i.UART_SendByte)
    UART_SendData                            0x08006ba1   Thumb Code    30  usart.o(i.UART_SendData)
    UART_Start_Receive_DMA                   0x08006c79   Thumb Code   130  stm32f1xx_hal_uart.o(i.UART_Start_Receive_DMA)
    USART1_IRQHandler                        0x08006d09   Thumb Code    16  stm32f1xx_it.o(i.USART1_IRQHandler)
    USART1_ReceiveIDLE                       0x08006d1d   Thumb Code    74  usart.o(i.USART1_ReceiveIDLE)
    USART2_IRQHandler                        0x08006d71   Thumb Code    16  stm32f1xx_it.o(i.USART2_IRQHandler)
    USART2_ReceiveIDLE                       0x08006d85   Thumb Code    74  usart.o(i.USART2_ReceiveIDLE)
    USART3_IRQHandler                        0x08006dd9   Thumb Code    16  stm32f1xx_it.o(i.USART3_IRQHandler)
    USART3_ReceiveIDLE                       0x08006ded   Thumb Code    74  usart.o(i.USART3_ReceiveIDLE)
    USART4_ReceiveIDLE                       0x08006e41   Thumb Code    74  usart.o(i.USART4_ReceiveIDLE)
    UsageFault_Handler                       0x08006e95   Thumb Code     2  stm32f1xx_it.o(i.UsageFault_Handler)
    __0printf                                0x08006f15   Thumb Code    22  printfa.o(i.__0printf)
    __1printf                                0x08006f15   Thumb Code     0  printfa.o(i.__0printf)
    __2printf                                0x08006f15   Thumb Code     0  printfa.o(i.__0printf)
    __c89printf                              0x08006f15   Thumb Code     0  printfa.o(i.__0printf)
    printf                                   0x08006f15   Thumb Code     0  printfa.o(i.__0printf)
    __0sprintf                               0x08006f35   Thumb Code    34  printfa.o(i.__0sprintf)
    __1sprintf                               0x08006f35   Thumb Code     0  printfa.o(i.__0sprintf)
    __2sprintf                               0x08006f35   Thumb Code     0  printfa.o(i.__0sprintf)
    __c89sprintf                             0x08006f35   Thumb Code     0  printfa.o(i.__0sprintf)
    sprintf                                  0x08006f35   Thumb Code     0  printfa.o(i.__0sprintf)
    __scatterload_copy                       0x08006f7d   Thumb Code    14  handlers.o(i.__scatterload_copy)
    __scatterload_null                       0x08006f8b   Thumb Code     2  handlers.o(i.__scatterload_null)
    __scatterload_zeroinit                   0x08006f8d   Thumb Code    14  handlers.o(i.__scatterload_zeroinit)
    fputc                                    0x08007831   Thumb Code    16  usart.o(i.fputc)
    main                                     0x08007845   Thumb Code   114  main.o(i.main)
    memcpy_s                                 0x080078fd   Thumb Code    62  memcpy_s.o(i.memcpy_s)
    memset_s                                 0x0800793b   Thumb Code    32  memset_s.o(i.memset_s)
    strncpy_error                            0x08007985   Thumb Code    76  strncpy_s.o(i.strncpy_error)
    strncpy_s                                0x080079d1   Thumb Code   138  strncpy_s.o(i.strncpy_s)
    AHBPrescTable                            0x08007aa6   Data          16  system_stm32f1xx.o(.constdata)
    APBPrescTable                            0x08007ab6   Data           8  system_stm32f1xx.o(.constdata)
    Region$$Table$$Base                      0x08008064   Number         0  anon$$obj.o(Region$$Table)
    Region$$Table$$Limit                     0x08008094   Number         0  anon$$obj.o(Region$$Table)
    voiceFlag                                0x20000000   Data           1  main.o(.data)
    index_cmd                                0x20000004   Data           2  main.o(.data)
    Voice_Task_Handle                        0x20000008   Data           4  main.o(.data)
    Sensor_Task_Handle                       0x2000000c   Data           4  main.o(.data)
    Display_Task_Handle                      0x20000010   Data           4  main.o(.data)
    cmdBuf                                   0x20000014   Data           8  main.o(.data)
    sensor                                   0x20000024   Data           8  main.o(.data)
    Uart1Rx                                  0x2000002c   Data           8  usart.o(.data)
    Uart2Rx                                  0x20000034   Data           8  usart.o(.data)
    Uart3Rx                                  0x2000003c   Data           8  usart.o(.data)
    Uart4Rx                                  0x20000044   Data           8  usart.o(.data)
    uwTickFreq                               0x2000004c   Data           1  stm32f1xx_hal.o(.data)
    uwTickPrio                               0x20000050   Data           4  stm32f1xx_hal.o(.data)
    uwTick                                   0x20000054   Data           4  stm32f1xx_hal.o(.data)
    SystemCoreClock                          0x20000058   Data           4  system_stm32f1xx.o(.data)
    g_intCount                               0x2000005c   Data           4  los_interrupt.o(.data)
    g_uwExcTbl                               0x20000060   Data          32  los_interrupt.o(.data)
    g_allMux                                 0x20000080   Data           4  los_mux.o(.data)
    g_unusedMuxList                          0x20000084   Data           8  los_mux.o(.data)
    g_allQueue                               0x2000008c   Data           4  los_queue.o(.data)
    g_freeQueueList                          0x20000090   Data           8  los_queue.o(.data)
    g_sysSchedStartTime                      0x200000c0   Data           8  los_sched.o(.data)
    g_allSem                                 0x200000d8   Data           4  los_sem.o(.data)
    g_unusedSemList                          0x200000dc   Data           8  los_sem.o(.data)
    g_swtmrCBArray                           0x200000f4   Data           4  los_swtmr.o(.data)
    g_swtmrFreeList                          0x200000f8   Data           4  los_swtmr.o(.data)
    g_swtmrSortLinkList                      0x200000fc   Data           4  los_swtmr.o(.data)
    g_swtmrHandlerQueue                      0x20000100   Data           4  los_swtmr.o(.data)
    g_losTaskLock                            0x20000104   Data           2  los_task.o(.data)
    g_taskCBArray                            0x20000108   Data           4  los_task.o(.data)
    g_taskScheduled                          0x2000010c   Data           4  los_task.o(.data)
    g_taskMaxNum                             0x20000114   Data           4  los_task.o(.data)
    g_idleTaskID                             0x20000118   Data           4  los_task.o(.data)
    g_swtmrTaskID                            0x2000011c   Data           4  los_task.o(.data)
    g_losTask                                0x20000120   Data           8  los_task.o(.data)
    g_losFreeTask                            0x20000128   Data           8  los_task.o(.data)
    g_taskRecyleList                         0x20000130   Data           8  los_task.o(.data)
    g_cyclesPerTick                          0x20000138   Data           4  los_tick.o(.data)
    g_sysClock                               0x2000013c   Data           4  los_tick.o(.data)
    m_aucSysMem0                             0x20000144   Data           4  los_memory.o(.data)
    g_poolHead                               0x20000148   Data           4  los_memory.o(.data)
    g_excContent                             0x20000158   Data           4  los_exc_info.o(.data)
    g_excArraySize                           0x2000015c   Data           4  los_exc_info.o(.data)
    g_excQueueMaxNum                         0x20000160   Data           4  los_exc_info.o(.data)
    g_excMemMaxNum                           0x20000164   Data           4  los_exc_info.o(.data)
    __stdout                                 0x20000188   Data           4  stdout.o(.data)
    dispCmdBuf                               0x2000018c   Data          32  main.o(.bss)
    huart4                                   0x200001ac   Data          72  usart.o(.bss)
    huart1                                   0x200001f4   Data          72  usart.o(.bss)
    huart2                                   0x2000023c   Data          72  usart.o(.bss)
    huart3                                   0x20000284   Data          72  usart.o(.bss)
    hdma_uart4_rx                            0x200002cc   Data          68  usart.o(.bss)
    hdma_uart4_tx                            0x20000310   Data          68  usart.o(.bss)
    hdma_usart1_rx                           0x20000354   Data          68  usart.o(.bss)
    hdma_usart2_rx                           0x20000398   Data          68  usart.o(.bss)
    hdma_usart2_tx                           0x200003dc   Data          68  usart.o(.bss)
    hdma_usart3_rx                           0x20000420   Data          68  usart.o(.bss)
    g_excInfo                                0x200007a8   Data          20  los_interrupt.o(.bss)
    g_swtmrAlignID                           0x200008bc   Data         192  los_swtmr.o(.bss)
    g_integrityCheckRecord                   0x2000097c   Data          16  los_memory.o(.bss)
    g_excMsgArray                            0x200049f0   Data        4308  los_exc_info.o(.bss)
    __initial_sp                             0x20005fb8   Data           0  startup_stm32f103xe.o(STACK)



==============================================================================

Memory Map of the image

  Image Entry point : 0x08000131

  Load Region LR_IROM1 (Base: 0x08000000, Size: 0x00008460, Max: 0x00040000, ABSOLUTE, COMPRESSED[0x000080f4])

    Execution Region ER_IROM1 (Exec base: 0x08000000, Load base: 0x08000000, Size: 0x00008094, Max: 0x00040000, ABSOLUTE)

    Exec Addr    Load Addr    Size         Type   Attr      Idx    E Section Name        Object

    0x08000000   0x08000000   0x00000130   Data   RO            3    RESET               startup_stm32f103xe.o
    0x08000130   0x08000130   0x00000000   Code   RO         4478  * .ARM.Collect$$$$00000000  mc_w.l(entry.o)
    0x08000130   0x08000130   0x00000004   Code   RO         4766    .ARM.Collect$$$$00000001  mc_w.l(entry2.o)
    0x08000134   0x08000134   0x00000004   Code   RO         4769    .ARM.Collect$$$$00000004  mc_w.l(entry5.o)
    0x08000138   0x08000138   0x00000000   Code   RO         4771    .ARM.Collect$$$$00000008  mc_w.l(entry7b.o)
    0x08000138   0x08000138   0x00000000   Code   RO         4773    .ARM.Collect$$$$0000000A  mc_w.l(entry8b.o)
    0x08000138   0x08000138   0x00000008   Code   RO         4774    .ARM.Collect$$$$0000000B  mc_w.l(entry9a.o)
    0x08000140   0x08000140   0x00000004   Code   RO         4781    .ARM.Collect$$$$0000000E  mc_w.l(entry12b.o)
    0x08000144   0x08000144   0x00000000   Code   RO         4776    .ARM.Collect$$$$0000000F  mc_w.l(entry10a.o)
    0x08000144   0x08000144   0x00000000   Code   RO         4778    .ARM.Collect$$$$00000011  mc_w.l(entry11a.o)
    0x08000144   0x08000144   0x00000004   Code   RO         4767    .ARM.Collect$$$$00002712  mc_w.l(entry2.o)
    0x08000148   0x08000148   0x00000024   Code   RO            4    .text               startup_stm32f103xe.o
    0x0800016c   0x0800016c   0x000000a4   Code   RO         2076    .text               los_dispatch.o
    0x08000210   0x08000210   0x000001cc   Code   RO         2079    .text               los_exc.o
    0x080003dc   0x080003dc   0x00000062   Code   RO         4481    .text               mc_w.l(uldiv.o)
    0x0800043e   0x0800043e   0x00000020   Code   RO         4483    .text               mc_w.l(llushr.o)
    0x0800045e   0x0800045e   0x00000024   Code   RO         4485    .text               mc_w.l(memcpya.o)
    0x08000482   0x08000482   0x00000024   Code   RO         4487    .text               mc_w.l(memseta.o)
    0x080004a6   0x080004a6   0x00000024   Code   RO         4489    .text               mc_w.l(strstr.o)
    0x080004ca   0x080004ca   0x00000012   Code   RO         4493    .text               mc_w.l(strcpy.o)
    0x080004dc   0x080004dc   0x000000de   Code   RO         4758    .text               mf_w.l(ddiv.o)
    0x080005ba   0x080005ba   0x00000030   Code   RO         4764    .text               mf_w.l(dfixul.o)
    0x080005ea   0x080005ea   0x0000002c   Code   RO         4783    .text               mc_w.l(uidiv.o)
    0x08000616   0x08000616   0x0000001e   Code   RO         4785    .text               mc_w.l(llshl.o)
    0x08000634   0x08000634   0x00000000   Code   RO         4787    .text               mc_w.l(iusefp.o)
    0x08000634   0x08000634   0x000000ba   Code   RO         4788    .text               mf_w.l(depilogue.o)
    0x080006ee   0x080006ee   0x0000014e   Code   RO         4790    .text               mf_w.l(dadd.o)
    0x0800083c   0x0800083c   0x000000e4   Code   RO         4792    .text               mf_w.l(dmul.o)
    0x08000920   0x08000920   0x00000030   Code   RO         4794    .text               mf_w.l(cdrcmple.o)
    0x08000950   0x08000950   0x00000024   Code   RO         4796    .text               mc_w.l(init.o)
    0x08000974   0x08000974   0x00000024   Code   RO         4798    .text               mc_w.l(llsshr.o)
    0x08000998   0x08000998   0x00000056   Code   RO         4808    .text               mc_w.l(__dczerorl2.o)
    0x080009ee   0x080009ee   0x00000002   PAD
    0x080009f0   0x080009f0   0x00000118   Code   RO           13    i.AppTaskCreate     main.o
    0x08000b08   0x08000b08   0x00000002   Code   RO          380    i.BusFault_Handler  stm32f1xx_it.o
    0x08000b0a   0x08000b0a   0x00000002   PAD
    0x08000b0c   0x08000b0c   0x0000000c   Code   RO          381    i.DMA1_Channel3_IRQHandler  stm32f1xx_it.o
    0x08000b18   0x08000b18   0x0000000c   Code   RO          382    i.DMA1_Channel5_IRQHandler  stm32f1xx_it.o
    0x08000b24   0x08000b24   0x0000000c   Code   RO          383    i.DMA1_Channel6_IRQHandler  stm32f1xx_it.o
    0x08000b30   0x08000b30   0x0000000c   Code   RO          384    i.DMA1_Channel7_IRQHandler  stm32f1xx_it.o
    0x08000b3c   0x08000b3c   0x0000000c   Code   RO          385    i.DMA2_Channel3_IRQHandler  stm32f1xx_it.o
    0x08000b48   0x08000b48   0x0000000c   Code   RO          386    i.DMA2_Channel4_5_IRQHandler  stm32f1xx_it.o
    0x08000b54   0x08000b54   0x0000002a   Code   RO         1319    i.DMA_SetConfig     stm32f1xx_hal_dma.o
    0x08000b7e   0x08000b7e   0x00000002   Code   RO          387    i.DebugMon_Handler  stm32f1xx_it.o
    0x08000b80   0x08000b80   0x00000154   Code   RO           14    i.DisplayTask       main.o
    0x08000cd4   0x08000cd4   0x0000002c   Code   RO         4226    i.DoExcHook         los_exchook.o
    0x08000d00   0x08000d00   0x0000001a   Code   RO         4227    i.DoExcHookInRegOrder  los_exchook.o
    0x08000d1a   0x08000d1a   0x00000004   Code   RO           15    i.Error_Handler     main.o
    0x08000d1e   0x08000d1e   0x00000046   Code   RO         1320    i.HAL_DMA_Abort     stm32f1xx_hal_dma.o
    0x08000d64   0x08000d64   0x00000130   Code   RO         1321    i.HAL_DMA_Abort_IT  stm32f1xx_hal_dma.o
    0x08000e94   0x08000e94   0x00000248   Code   RO         1325    i.HAL_DMA_IRQHandler  stm32f1xx_hal_dma.o
    0x080010dc   0x080010dc   0x0000007c   Code   RO         1326    i.HAL_DMA_Init      stm32f1xx_hal_dma.o
    0x08001158   0x08001158   0x00000070   Code   RO         1330    i.HAL_DMA_Start_IT  stm32f1xx_hal_dma.o
    0x080011c8   0x080011c8   0x00000024   Code   RO          946    i.HAL_Delay         stm32f1xx_hal.o
    0x080011ec   0x080011ec   0x000001f8   Code   RO         1256    i.HAL_GPIO_Init     stm32f1xx_hal_gpio.o
    0x080013e4   0x080013e4   0x00000010   Code   RO         1259    i.HAL_GPIO_TogglePin  stm32f1xx_hal_gpio.o
    0x080013f4   0x080013f4   0x0000000a   Code   RO         1260    i.HAL_GPIO_WritePin  stm32f1xx_hal_gpio.o
    0x080013fe   0x080013fe   0x00000002   PAD
    0x08001400   0x08001400   0x0000000c   Code   RO          950    i.HAL_GetTick       stm32f1xx_hal.o
    0x0800140c   0x0800140c   0x00000010   Code   RO          956    i.HAL_IncTick       stm32f1xx_hal.o
    0x0800141c   0x0800141c   0x00000024   Code   RO          957    i.HAL_Init          stm32f1xx_hal.o
    0x08001440   0x08001440   0x00000040   Code   RO          958    i.HAL_InitTick      stm32f1xx_hal.o
    0x08001480   0x08001480   0x0000003c   Code   RO          516    i.HAL_MspInit       stm32f1xx_hal_msp.o
    0x080014bc   0x080014bc   0x0000001a   Code   RO         1416    i.HAL_NVIC_EnableIRQ  stm32f1xx_hal_cortex.o
    0x080014d6   0x080014d6   0x00000002   PAD
    0x080014d8   0x080014d8   0x00000040   Code   RO         1422    i.HAL_NVIC_SetPriority  stm32f1xx_hal_cortex.o
    0x08001518   0x08001518   0x00000024   Code   RO         1423    i.HAL_NVIC_SetPriorityGrouping  stm32f1xx_hal_cortex.o
    0x0800153c   0x0800153c   0x0000012c   Code   RO         1114    i.HAL_RCC_ClockConfig  stm32f1xx_hal_rcc.o
    0x08001668   0x08001668   0x00000020   Code   RO         1121    i.HAL_RCC_GetPCLK1Freq  stm32f1xx_hal_rcc.o
    0x08001688   0x08001688   0x00000020   Code   RO         1122    i.HAL_RCC_GetPCLK2Freq  stm32f1xx_hal_rcc.o
    0x080016a8   0x080016a8   0x0000004c   Code   RO         1123    i.HAL_RCC_GetSysClockFreq  stm32f1xx_hal_rcc.o
    0x080016f4   0x080016f4   0x00000320   Code   RO         1126    i.HAL_RCC_OscConfig  stm32f1xx_hal_rcc.o
    0x08001a14   0x08001a14   0x00000028   Code   RO         1427    i.HAL_SYSTICK_Config  stm32f1xx_hal_cortex.o
    0x08001a3c   0x08001a3c   0x00000002   Code   RO          588    i.HAL_UARTEx_RxEventCallback  stm32f1xx_hal_uart.o
    0x08001a3e   0x08001a3e   0x00000070   Code   RO          600    i.HAL_UART_DMAStop  stm32f1xx_hal_uart.o
    0x08001aae   0x08001aae   0x00000002   Code   RO          602    i.HAL_UART_ErrorCallback  stm32f1xx_hal_uart.o
    0x08001ab0   0x08001ab0   0x0000026c   Code   RO          605    i.HAL_UART_IRQHandler  stm32f1xx_hal_uart.o
    0x08001d1c   0x08001d1c   0x00000064   Code   RO          606    i.HAL_UART_Init     stm32f1xx_hal_uart.o
    0x08001d80   0x08001d80   0x00000298   Code   RO          268    i.HAL_UART_MspInit  usart.o
    0x08002018   0x08002018   0x0000001c   Code   RO          610    i.HAL_UART_Receive_DMA  stm32f1xx_hal_uart.o
    0x08002034   0x08002034   0x00000002   Code   RO          612    i.HAL_UART_RxCpltCallback  stm32f1xx_hal_uart.o
    0x08002036   0x08002036   0x00000002   Code   RO          613    i.HAL_UART_RxHalfCpltCallback  stm32f1xx_hal_uart.o
    0x08002038   0x08002038   0x00000078   Code   RO          615    i.HAL_UART_Transmit_DMA  stm32f1xx_hal_uart.o
    0x080020b0   0x080020b0   0x00000002   Code   RO          617    i.HAL_UART_TxCpltCallback  stm32f1xx_hal_uart.o
    0x080020b2   0x080020b2   0x00000002   Code   RO          618    i.HAL_UART_TxHalfCpltCallback  stm32f1xx_hal_uart.o
    0x080020b4   0x080020b4   0x00000002   Code   RO         2085    i.HalAftInterruptHandler  los_interrupt.o
    0x080020b6   0x080020b6   0x00000002   PAD
    0x080020b8   0x080020b8   0x00000040   Code   RO         1954    i.HalArchInit       los_context.o
    0x080020f8   0x080020f8   0x0000000e   Code   RO         2258    i.HalEnterSleep     los_timer.o
    0x08002106   0x08002106   0x00000002   PAD
    0x08002108   0x08002108   0x000000c4   Code   RO         2086    i.HalExcHandleEntry  los_interrupt.o
    0x080021cc   0x080021cc   0x00000022   Code   RO         2259    i.HalGetTickCycle   los_timer.o
    0x080021ee   0x080021ee   0x00000002   PAD
    0x080021f0   0x080021f0   0x00000030   Code   RO         2088    i.HalHwiDefaultHandler  los_interrupt.o
    0x08002220   0x08002220   0x00000100   Code   RO         2090    i.HalHwiInit        los_interrupt.o
    0x08002320   0x08002320   0x00000048   Code   RO         2092    i.HalInterrupt      los_interrupt.o
    0x08002368   0x08002368   0x00000010   Code   RO         2199    i.HalIsIntActive    los_interrupt.o
    0x08002378   0x08002378   0x00000002   Code   RO         2093    i.HalPreInterruptHandler  los_interrupt.o
    0x0800237a   0x0800237a   0x00000012   Code   RO         1955    i.HalStartSchedule  los_context.o
    0x0800238c   0x0800238c   0x00000006   Code   RO         1956    i.HalSysExit        los_context.o
    0x08002392   0x08002392   0x00000020   Code   RO         2260    i.HalSysTickReload  los_timer.o
    0x080023b2   0x080023b2   0x00000002   PAD
    0x080023b4   0x080023b4   0x0000004c   Code   RO         2262    i.HalTickStart      los_timer.o
    0x08002400   0x08002400   0x000000ac   Code   RO         1957    i.HalTskStackInit   los_context.o
    0x080024ac   0x080024ac   0x00000002   Code   RO          388    i.HardFault_Handler  stm32f1xx_it.o
    0x080024ae   0x080024ae   0x00000002   PAD
    0x080024b0   0x080024b0   0x00000018   Code   RO         3213    i.LOS_CurTaskIDGet  los_task.o
    0x080024c8   0x080024c8   0x00000034   Code   RO         2317    i.LOS_EventDestroy  los_event.o
    0x080024fc   0x080024fc   0x00000018   Code   RO         2318    i.LOS_EventInit     los_event.o
    0x08002514   0x08002514   0x0000013c   Code   RO         2399    i.LOS_KernelInit    los_init.o
    0x08002650   0x08002650   0x0000000e   Code   RO         2455    i.LOS_ListAdd       los_mux.o
    0x0800265e   0x0800265e   0x0000000e   Code   RO         2539    i.LOS_ListAdd       los_queue.o
    0x0800266c   0x0800266c   0x0000000e   Code   RO         2693    i.LOS_ListAdd       los_sched.o
    0x0800267a   0x0800267a   0x0000000e   Code   RO         2899    i.LOS_ListAdd       los_sem.o
    0x08002688   0x08002688   0x0000000e   Code   RO         2975    i.LOS_ListAdd       los_sortlink.o
    0x08002696   0x08002696   0x0000000e   Code   RO         3216    i.LOS_ListAdd       los_task.o
    0x080026a4   0x080026a4   0x00000014   Code   RO         2694    i.LOS_ListDelete    los_sched.o
    0x080026b8   0x080026b8   0x00000014   Code   RO         3217    i.LOS_ListDelete    los_task.o
    0x080026cc   0x080026cc   0x0000004a   Code   RO         3680    i.LOS_MemAlloc      los_memory.o
    0x08002716   0x08002716   0x00000084   Code   RO         3681    i.LOS_MemAllocAlign  los_memory.o
    0x0800279a   0x0800279a   0x00000050   Code   RO         3683    i.LOS_MemFree       los_memory.o
    0x080027ea   0x080027ea   0x00000002   PAD
    0x080027ec   0x080027ec   0x000000c0   Code   RO         3685    i.LOS_MemInfoGet    los_memory.o
    0x080028ac   0x080028ac   0x00000094   Code   RO         3686    i.LOS_MemInit       los_memory.o
    0x08002940   0x08002940   0x00000046   Code   RO         3687    i.LOS_MemIntegrityCheck  los_memory.o
    0x08002986   0x08002986   0x0000000a   Code   RO         3689    i.LOS_MemPoolSizeGet  los_memory.o
    0x08002990   0x08002990   0x0000001a   Code   RO         2400    i.LOS_Panic         los_init.o
    0x080029aa   0x080029aa   0x00000002   PAD
    0x080029ac   0x080029ac   0x000000c0   Code   RO         2540    i.LOS_QueueCreate   los_queue.o
    0x08002a6c   0x08002a6c   0x000000f8   Code   RO         2542    i.LOS_QueueInfoGet  los_queue.o
    0x08002b64   0x08002b64   0x00000022   Code   RO         2544    i.LOS_QueueReadCopy  los_queue.o
    0x08002b86   0x08002b86   0x00000026   Code   RO         2546    i.LOS_QueueWriteCopy  los_queue.o
    0x08002bac   0x08002bac   0x00000078   Code   RO         4228    i.LOS_RegExcHook    los_exchook.o
    0x08002c24   0x08002c24   0x000000f4   Code   RO         2695    i.LOS_SchedTickHandler  los_sched.o
    0x08002d18   0x08002d18   0x00000020   Code   RO         2697    i.LOS_Schedule      los_sched.o
    0x08002d38   0x08002d38   0x00000004   Code   RO         2402    i.LOS_Start         los_init.o
    0x08002d3c   0x08002d3c   0x00000038   Code   RO         3221    i.LOS_TaskCreate    los_task.o
    0x08002d74   0x08002d74   0x000000f4   Code   RO         3222    i.LOS_TaskCreateOnly  los_task.o
    0x08002e68   0x08002e68   0x00000050   Code   RO         3223    i.LOS_TaskDelay     los_task.o
    0x08002eb8   0x08002eb8   0x00000144   Code   RO         3224    i.LOS_TaskDelete    los_task.o
    0x08002ffc   0x08002ffc   0x000000cc   Code   RO         3226    i.LOS_TaskInfoGet   los_task.o
    0x080030c8   0x080030c8   0x0000001a   Code   RO         3238    i.LOS_TaskYield     los_task.o
    0x080030e2   0x080030e2   0x00000002   PAD
    0x080030e4   0x080030e4   0x00000038   Code   RO         3534    i.LOS_TickCountGet  los_tick.o
    0x0800311c   0x0800311c   0x0000008c   Code   RO          243    i.MX_DMA_Init       dma.o
    0x080031a8   0x080031a8   0x00000080   Code   RO          219    i.MX_GPIO_Init      gpio.o
    0x08003228   0x08003228   0x00000060   Code   RO          269    i.MX_UART4_Init     usart.o
    0x08003288   0x08003288   0x00000060   Code   RO          270    i.MX_USART1_UART_Init  usart.o
    0x080032e8   0x080032e8   0x00000060   Code   RO          271    i.MX_USART2_UART_Init  usart.o
    0x08003348   0x08003348   0x00000060   Code   RO          272    i.MX_USART3_UART_Init  usart.o
    0x080033a8   0x080033a8   0x00000002   Code   RO          389    i.MemManage_Handler  stm32f1xx_it.o
    0x080033aa   0x080033aa   0x00000002   Code   RO          390    i.NMI_Handler       stm32f1xx_it.o
    0x080033ac   0x080033ac   0x00000098   Code   RO         2976    i.OsAdd2SortLink    los_sortlink.o
    0x08003444   0x08003444   0x000000b8   Code   RO         3694    i.OsAllMemNodeDoHandle  los_memory.o
    0x080034fc   0x080034fc   0x00000030   Code   RO         4403    i.OsBackTraceHookCall  los_debug.o
    0x0800352c   0x0800352c   0x00000030   Code   RO         3240    i.OsCheckTaskIDValid  los_task.o
    0x0800355c   0x0800355c   0x00000084   Code   RO         3241    i.OsConvertTskStatus  los_task.o
    0x080035e0   0x080035e0   0x0000001a   Code   RO         2977    i.OsDeleteNodeSortLink  los_sortlink.o
    0x080035fa   0x080035fa   0x00000002   PAD
    0x080035fc   0x080035fc   0x00000064   Code   RO         2978    i.OsDeleteSortLink  los_sortlink.o
    0x08003660   0x08003660   0x00000024   Code   RO         4405    i.OsDoExcHook       los_debug.o
    0x08003684   0x08003684   0x000000bc   Code   RO         2094    i.OsExcBackTraceInfo  los_interrupt.o
    0x08003740   0x08003740   0x00000054   Code   RO         4151    i.OsExcContentGet   los_exc_info.o
    0x08003794   0x08003794   0x00000164   Code   RO         2095    i.OsExcCurTaskInfo  los_interrupt.o
    0x080038f8   0x080038f8   0x00000048   Code   RO         4152    i.OsExcHookFunc     los_exc_info.o
    0x08003940   0x08003940   0x0000001c   Code   RO         4406    i.OsExcHookRegister  los_debug.o
    0x0800395c   0x0800395c   0x00000044   Code   RO         4153    i.OsExcMemMsgGet    los_exc_info.o
    0x080039a0   0x080039a0   0x00000288   Code   RO         2096    i.OsExcMemPoolCheckInfo  los_interrupt.o
    0x08003c28   0x08003c28   0x00000054   Code   RO         4154    i.OsExcMsgDump      los_exc_info.o
    0x08003c7c   0x08003c7c   0x00000078   Code   RO         4155    i.OsExcMsgDumpInit  los_exc_info.o
    0x08003cf4   0x08003cf4   0x000001ac   Code   RO         2097    i.OsExcNvicDump     los_interrupt.o
    0x08003ea0   0x08003ea0   0x00000018   Code   RO         4156    i.OsExcQueueMsgGet  los_exc_info.o
    0x08003eb8   0x08003eb8   0x000002e0   Code   RO         2098    i.OsExcRegInfo      los_interrupt.o
    0x08004198   0x08004198   0x00000050   Code   RO         4157    i.OsExcRegister     los_exc_info.o
    0x080041e8   0x080041e8   0x000000c0   Code   RO         4158    i.OsExcSaveIntStatus  los_exc_info.o
    0x080042a8   0x080042a8   0x00000018   Code   RO         4159    i.OsExcTaskMsgGet   los_exc_info.o
    0x080042c0   0x080042c0   0x0000009c   Code   RO         2099    i.OsExcTypeInfo     los_interrupt.o
    0x0800435c   0x0800435c   0x000000dc   Code   RO         3242    i.OsGetAllTskInfo   los_task.o
    0x08004438   0x08004438   0x0000002c   Code   RO         2698    i.OsGetCurrSchedTimeCycle  los_sched.o
    0x08004464   0x08004464   0x0000002c   Code   RO         3075    i.OsGetCurrSchedTimeCycle  los_swtmr.o
    0x08004490   0x08004490   0x000000cc   Code   RO         2699    i.OsGetCurrSysTimeCycle  los_sched.o
    0x0800455c   0x0800455c   0x00000050   Code   RO         2979    i.OsGetNextExpireTime  los_sortlink.o
    0x080045ac   0x080045ac   0x00000070   Code   RO         3695    i.OsGetRealPtr      los_memory.o
    0x0800461c   0x0800461c   0x00000048   Code   RO         2980    i.OsGetSortLinkAttribute  los_sortlink.o
    0x08004664   0x08004664   0x00000030   Code   RO         2981    i.OsGetSortLinkNextExpireTime  los_sortlink.o
    0x08004694   0x08004694   0x0000007c   Code   RO         3243    i.OsGetTaskWaterLine  los_task.o
    0x08004710   0x08004710   0x00000034   Code   RO         2700    i.OsGetTopTask      los_sched.o
    0x08004744   0x08004744   0x0000001c   Code   RO         3244    i.OsIdleTask        los_task.o
    0x08004760   0x08004760   0x0000005c   Code   RO         3245    i.OsIdleTaskCreate  los_task.o
    0x080047bc   0x080047bc   0x00000024   Code   RO         3988    i.OsIsPmMode        los_pm.o
    0x080047e0   0x080047e0   0x0000003c   Code   RO         4407    i.OsLogLevelCheck   los_debug.o
    0x0800481c   0x0800481c   0x00000018   Code   RO         3696    i.OsMemAddrValidCheck  los_memory.o
    0x08004834   0x08004834   0x00000064   Code   RO         3697    i.OsMemAddrValidCheckPrint  los_memory.o
    0x08004898   0x08004898   0x000000e0   Code   RO         3698    i.OsMemAlloc        los_memory.o
    0x08004978   0x08004978   0x0000001c   Code   RO         3614    i.OsMemBoxCheckMagic  los_membox.o
    0x08004994   0x08004994   0x0000006c   Code   RO         3699    i.OsMemCheckUsedNode  los_memory.o
    0x08004a00   0x08004a00   0x00000034   Code   RO         3700    i.OsMemExcInfoGet   los_memory.o
    0x08004a34   0x08004a34   0x000000a2   Code   RO         3701    i.OsMemExcInfoGetSub  los_memory.o
    0x08004ad6   0x08004ad6   0x00000012   Code   RO         3702    i.OsMemFFS          los_memory.o
    0x08004ae8   0x08004ae8   0x000000ac   Code   RO         3703    i.OsMemFindNextSuitableBlock  los_memory.o
    0x08004b94   0x08004b94   0x00000018   Code   RO         3704    i.OsMemFlGet        los_memory.o
    0x08004bac   0x08004bac   0x00000094   Code   RO         3705    i.OsMemFree         los_memory.o
    0x08004c40   0x08004c40   0x0000001e   Code   RO         3706    i.OsMemFreeListIndexGet  los_memory.o
    0x08004c5e   0x08004c5e   0x00000002   PAD
    0x08004c60   0x08004c60   0x00000070   Code   RO         3707    i.OsMemFreeNodeAdd  los_memory.o
    0x08004cd0   0x08004cd0   0x0000001a   Code   RO         3708    i.OsMemFreeNodeDelete  los_memory.o
    0x08004cea   0x08004cea   0x00000002   PAD
    0x08004cec   0x08004cec   0x00000078   Code   RO         3709    i.OsMemInfoPrint    los_memory.o
    0x08004d64   0x08004d64   0x0000007c   Code   RO         3710    i.OsMemIntegrityCheck  los_memory.o
    0x08004de0   0x08004de0   0x00000084   Code   RO         3711    i.OsMemIntegrityCheckError  los_memory.o
    0x08004e64   0x08004e64   0x00000024   Code   RO         3712    i.OsMemIsNodeValid  los_memory.o
    0x08004e88   0x08004e88   0x00000040   Code   RO         3713    i.OsMemListDelete   los_memory.o
    0x08004ec8   0x08004ec8   0x00000014   Code   RO         3714    i.OsMemMergeNode    los_memory.o
    0x08004edc   0x08004edc   0x00000134   Code   RO         3715    i.OsMemNodeInfo     los_memory.o
    0x08005010   0x08005010   0x00000048   Code   RO         3716    i.OsMemNodeInfoGetHandle  los_memory.o
    0x08005058   0x08005058   0x000000a0   Code   RO         3717    i.OsMemPoolAdd      los_memory.o
    0x080050f8   0x080050f8   0x0000000c   Code   RO         3718    i.OsMemPoolDeinit   los_memory.o
    0x08005104   0x08005104   0x000001b8   Code   RO         3719    i.OsMemPoolHeadCheck  los_memory.o
    0x080052bc   0x080052bc   0x00000060   Code   RO         3721    i.OsMemSlGet        los_memory.o
    0x0800531c   0x0800531c   0x0000003a   Code   RO         3722    i.OsMemSplitNode    los_memory.o
    0x08005356   0x08005356   0x00000002   PAD
    0x08005358   0x08005358   0x00000060   Code   RO         3723    i.OsMemSystemInit   los_memory.o
    0x080053b8   0x080053b8   0x00000010   Code   RO         3724    i.OsMemWaterUsedRecord  los_memory.o
    0x080053c8   0x080053c8   0x00000030   Code   RO         3615    i.OsMemboxExcInfoGet  los_membox.o
    0x080053f8   0x080053f8   0x0000007e   Code   RO         3616    i.OsMemboxExcInfoGetSub  los_membox.o
    0x08005476   0x08005476   0x00000002   PAD
    0x08005478   0x08005478   0x00000058   Code   RO         2460    i.OsMuxInit         los_mux.o
    0x080054d0   0x080054d0   0x00000066   Code   RO         3246    i.OsNewTaskInit     los_task.o
    0x08005536   0x08005536   0x00000024   Code   RO         3989    i.OsPmCpuResume     los_pm.o
    0x0800555a   0x0800555a   0x00000002   PAD
    0x0800555c   0x0800555c   0x00000094   Code   RO         3990    i.OsPmCpuSuspend    los_pm.o
    0x080055f0   0x080055f0   0x00000014   Code   RO         3247    i.OsPmEnterHandlerSet  los_task.o
    0x08005604   0x08005604   0x00000054   Code   RO         3992    i.OsPmInit          los_pm.o
    0x08005658   0x08005658   0x00000024   Code   RO         3994    i.OsPmNormalSleep   los_pm.o
    0x0800567c   0x0800567c   0x0000000c   Code   RO         3995    i.OsPmSleepTimeSet  los_pm.o
    0x08005688   0x08005688   0x00000024   Code   RO         3998    i.OsPmSysctrlInit   los_pm.o
    0x080056ac   0x080056ac   0x00000084   Code   RO         3248    i.OsPrintAllTskInfoHeader  los_task.o
    0x08005730   0x08005730   0x00000124   Code   RO         2549    i.OsQueueBufferOperate  los_queue.o
    0x08005854   0x08005854   0x00000060   Code   RO         2550    i.OsQueueInit       los_queue.o
    0x080058b4   0x080058b4   0x00000114   Code   RO         2553    i.OsQueueOperate    los_queue.o
    0x080059c8   0x080059c8   0x00000034   Code   RO         2554    i.OsQueueReadParameterCheck  los_queue.o
    0x080059fc   0x080059fc   0x00000034   Code   RO         2555    i.OsQueueWriteParameterCheck  los_queue.o
    0x08005a30   0x08005a30   0x0000002c   Code   RO         3249    i.OsRecycleTaskResources  los_task.o
    0x08005a5c   0x08005a5c   0x00000054   Code   RO         3250    i.OsRecyleFinishedTask  los_task.o
    0x08005ab0   0x08005ab0   0x0000000c   Code   RO         2701    i.OsSchedDelay      los_sched.o
    0x08005abc   0x08005abc   0x00000048   Code   RO         2702    i.OsSchedInit       los_sched.o
    0x08005b04   0x08005b04   0x00000014   Code   RO         2704    i.OsSchedRealSleepTimeSet  los_sched.o
    0x08005b18   0x08005b18   0x00000020   Code   RO         2705    i.OsSchedResetSchedResponseTime  los_sched.o
    0x08005b38   0x08005b38   0x00000004   Code   RO         2706    i.OsSchedSetIdleTaskSchedParam  los_sched.o
    0x08005b3c   0x08005b3c   0x000000b8   Code   RO         2707    i.OsSchedSetNextExpireTime  los_sched.o
    0x08005bf4   0x08005bf4   0x00000094   Code   RO         2708    i.OsSchedStart      los_sched.o
    0x08005c88   0x08005c88   0x00000014   Code   RO         2709    i.OsSchedSwtmrScanRegister  los_sched.o
    0x08005c9c   0x08005c9c   0x00000050   Code   RO         2710    i.OsSchedTaskDeQueue  los_sched.o
    0x08005cec   0x08005cec   0x000000e8   Code   RO         2711    i.OsSchedTaskEnQueue  los_sched.o
    0x08005dd4   0x08005dd4   0x00000042   Code   RO         2712    i.OsSchedTaskExit   los_sched.o
    0x08005e16   0x08005e16   0x00000002   PAD
    0x08005e18   0x08005e18   0x000000c8   Code   RO         2713    i.OsSchedTaskSwitch  los_sched.o
    0x08005ee0   0x08005ee0   0x00000030   Code   RO         2714    i.OsSchedTaskWait   los_sched.o
    0x08005f10   0x08005f10   0x0000003c   Code   RO         2715    i.OsSchedTaskWake   los_sched.o
    0x08005f4c   0x08005f4c   0x0000009c   Code   RO         2716    i.OsSchedTickReload  los_sched.o
    0x08005fe8   0x08005fe8   0x0000006c   Code   RO         2718    i.OsSchedUpdateExpireTime  los_sched.o
    0x08006054   0x08006054   0x00000024   Code   RO         2719    i.OsSchedUpdateSchedTimeBase  los_sched.o
    0x08006078   0x08006078   0x00000010   Code   RO         2720    i.OsSchedYield      los_sched.o
    0x08006088   0x08006088   0x00000054   Code   RO         2906    i.OsSemInit         los_sem.o
    0x080060dc   0x080060dc   0x00000028   Code   RO         2100    i.OsSetVector       los_interrupt.o
    0x08006104   0x08006104   0x00000008   Code   RO         2984    i.OsSortLinkInit    los_sortlink.o
    0x0800610c   0x0800610c   0x00000060   Code   RO         3076    i.OsSwtmrCalcStartTime  los_swtmr.o
    0x0800616c   0x0800616c   0x00000030   Code   RO         3077    i.OsSwtmrDelete     los_swtmr.o
    0x0800619c   0x0800619c   0x0000010c   Code   RO         3078    i.OsSwtmrFindAlignPos  los_swtmr.o
    0x080062a8   0x080062a8   0x000000c0   Code   RO         3080    i.OsSwtmrInit       los_swtmr.o
    0x08006368   0x08006368   0x00000060   Code   RO         3081    i.OsSwtmrScan       los_swtmr.o
    0x080063c8   0x080063c8   0x00000084   Code   RO         3082    i.OsSwtmrStart      los_swtmr.o
    0x0800644c   0x0800644c   0x000000a8   Code   RO         3084    i.OsSwtmrTask       los_swtmr.o
    0x080064f4   0x080064f4   0x00000044   Code   RO         3085    i.OsSwtmrTaskCreate  los_swtmr.o
    0x08006538   0x08006538   0x00000060   Code   RO         3087    i.OsSwtmrTimeoutHandle  los_swtmr.o
    0x08006598   0x08006598   0x00000058   Code   RO         3251    i.OsTaskEntry       los_task.o
    0x080065f0   0x080065f0   0x0000009c   Code   RO         3252    i.OsTaskInit        los_task.o
    0x0800668c   0x0800668c   0x0000000e   Code   RO         3537    i.OsTickHandler     los_tick.o
    0x0800669a   0x0800669a   0x00000002   PAD
    0x0800669c   0x0800669c   0x00000094   Code   RO         2722    i.OsTimeSliceUpdate  los_sched.o
    0x08006730   0x08006730   0x00000002   Code   RO          391    i.PendSV_Handler    stm32f1xx_it.o
    0x08006732   0x08006732   0x00000002   Code   RO          392    i.SVC_Handler       stm32f1xx_it.o
    0x08006734   0x08006734   0x0000004e   Code   RO         4274    i.SecMemcpyError    memcpy_s.o
    0x08006782   0x08006782   0x00000024   Code   RO         4324    i.SecMemsetError    memset_s.o
    0x080067a6   0x080067a6   0x00000016   Code   RO         4377    i.SecMinStrLen      strncpy_s.o
    0x080067bc   0x080067bc   0x000000e4   Code   RO           16    i.SensorTask        main.o
    0x080068a0   0x080068a0   0x00000004   Code   RO          393    i.SysTick_Handler   stm32f1xx_it.o
    0x080068a4   0x080068a4   0x0000005e   Code   RO           17    i.SystemClock_Config  main.o
    0x08006902   0x08006902   0x00000002   Code   RO         1917    i.SystemInit        system_stm32f1xx.o
    0x08006904   0x08006904   0x00000014   Code   RO          394    i.UART4_IRQHandler  stm32f1xx_it.o
    0x08006918   0x08006918   0x00000010   Code   RO          619    i.UART_DMAAbortOnError  stm32f1xx_hal_uart.o
    0x08006928   0x08006928   0x0000004a   Code   RO          620    i.UART_DMAError     stm32f1xx_hal_uart.o
    0x08006972   0x08006972   0x00000086   Code   RO          621    i.UART_DMAReceiveCplt  stm32f1xx_hal_uart.o
    0x080069f8   0x080069f8   0x0000001e   Code   RO          623    i.UART_DMARxHalfCplt  stm32f1xx_hal_uart.o
    0x08006a16   0x08006a16   0x00000042   Code   RO          625    i.UART_DMATransmitCplt  stm32f1xx_hal_uart.o
    0x08006a58   0x08006a58   0x0000000a   Code   RO          627    i.UART_DMATxHalfCplt  stm32f1xx_hal_uart.o
    0x08006a62   0x08006a62   0x0000004e   Code   RO          629    i.UART_EndRxTransfer  stm32f1xx_hal_uart.o
    0x08006ab0   0x08006ab0   0x0000001c   Code   RO          630    i.UART_EndTxTransfer  stm32f1xx_hal_uart.o
    0x08006acc   0x08006acc   0x000000c2   Code   RO          631    i.UART_Receive_IT   stm32f1xx_hal_uart.o
    0x08006b8e   0x08006b8e   0x00000010   Code   RO          273    i.UART_SendByte     usart.o
    0x08006b9e   0x08006b9e   0x00000002   PAD
    0x08006ba0   0x08006ba0   0x0000001e   Code   RO          274    i.UART_SendData     usart.o
    0x08006bbe   0x08006bbe   0x00000002   PAD
    0x08006bc0   0x08006bc0   0x000000b8   Code   RO          632    i.UART_SetConfig    stm32f1xx_hal_uart.o
    0x08006c78   0x08006c78   0x00000090   Code   RO          633    i.UART_Start_Receive_DMA  stm32f1xx_hal_uart.o
    0x08006d08   0x08006d08   0x00000014   Code   RO          395    i.USART1_IRQHandler  stm32f1xx_it.o
    0x08006d1c   0x08006d1c   0x00000054   Code   RO          275    i.USART1_ReceiveIDLE  usart.o
    0x08006d70   0x08006d70   0x00000014   Code   RO          396    i.USART2_IRQHandler  stm32f1xx_it.o
    0x08006d84   0x08006d84   0x00000054   Code   RO          276    i.USART2_ReceiveIDLE  usart.o
    0x08006dd8   0x08006dd8   0x00000014   Code   RO          397    i.USART3_IRQHandler  stm32f1xx_it.o
    0x08006dec   0x08006dec   0x00000054   Code   RO          277    i.USART3_ReceiveIDLE  usart.o
    0x08006e40   0x08006e40   0x00000054   Code   RO          278    i.USART4_ReceiveIDLE  usart.o
    0x08006e94   0x08006e94   0x00000002   Code   RO          398    i.UsageFault_Handler  stm32f1xx_it.o
    0x08006e96   0x08006e96   0x00000002   PAD
    0x08006e98   0x08006e98   0x0000007c   Code   RO           18    i.VoiceTask         main.o
    0x08006f14   0x08006f14   0x00000020   Code   RO         4730    i.__0printf         mc_w.l(printfa.o)
    0x08006f34   0x08006f34   0x00000028   Code   RO         4732    i.__0sprintf        mc_w.l(printfa.o)
    0x08006f5c   0x08006f5c   0x00000020   Code   RO         1429    i.__NVIC_SetPriority  stm32f1xx_hal_cortex.o
    0x08006f7c   0x08006f7c   0x0000000e   Code   RO         4802    i.__scatterload_copy  mc_w.l(handlers.o)
    0x08006f8a   0x08006f8a   0x00000002   Code   RO         4803    i.__scatterload_null  mc_w.l(handlers.o)
    0x08006f8c   0x08006f8c   0x0000000e   Code   RO         4804    i.__scatterload_zeroinit  mc_w.l(handlers.o)
    0x08006f9a   0x08006f9a   0x00000002   PAD
    0x08006f9c   0x08006f9c   0x00000184   Code   RO         4737    i._fp_digits        mc_w.l(printfa.o)
    0x08007120   0x08007120   0x000006b4   Code   RO         4738    i._printf_core      mc_w.l(printfa.o)
    0x080077d4   0x080077d4   0x00000024   Code   RO         4739    i._printf_post_padding  mc_w.l(printfa.o)
    0x080077f8   0x080077f8   0x0000002e   Code   RO         4740    i._printf_pre_padding  mc_w.l(printfa.o)
    0x08007826   0x08007826   0x0000000a   Code   RO         4742    i._sputc            mc_w.l(printfa.o)
    0x08007830   0x08007830   0x00000014   Code   RO          280    i.fputc             usart.o
    0x08007844   0x08007844   0x000000b8   Code   RO           19    i.main              main.o
    0x080078fc   0x080078fc   0x0000003e   Code   RO         4275    i.memcpy_s          memcpy_s.o
    0x0800793a   0x0800793a   0x00000020   Code   RO         4325    i.memset_s          memset_s.o
    0x0800795a   0x0800795a   0x00000002   PAD
    0x0800795c   0x0800795c   0x00000028   Code   RO           20    i.send_to_lcd       main.o
    0x08007984   0x08007984   0x0000004c   Code   RO         4378    i.strncpy_error     strncpy_s.o
    0x080079d0   0x080079d0   0x00000090   Code   RO         4379    i.strncpy_s         strncpy_s.o
    0x08007a60   0x08007a60   0x00000034   Code   RO           21    i.uiCrc16Cal        main.o
    0x08007a94   0x08007a94   0x00000012   Data   RO         1127    .constdata          stm32f1xx_hal_rcc.o
    0x08007aa6   0x08007aa6   0x00000010   Data   RO         1918    .constdata          system_stm32f1xx.o
    0x08007ab6   0x08007ab6   0x00000008   Data   RO         1919    .constdata          system_stm32f1xx.o
    0x08007abe   0x08007abe   0x00000010   Data   RO         1958    .constdata          los_context.o
    0x08007ace   0x08007ace   0x00000002   PAD
    0x08007ad0   0x08007ad0   0x0000005c   Data   RO         2103    .constdata          los_interrupt.o
    0x08007b2c   0x08007b2c   0x00000015   Data   RO         2556    .constdata          los_queue.o
    0x08007b41   0x08007b41   0x00000051   Data   RO         2724    .constdata          los_sched.o
    0x08007b92   0x08007b92   0x0000005b   Data   RO         3726    .constdata          los_memory.o
    0x08007bed   0x08007bed   0x0000000f   Data   RO         4004    .constdata          los_pm.o
    0x08007bfc   0x08007bfc   0x00000024   Data   RO         2104    .conststring        los_interrupt.o
    0x08007c20   0x08007c20   0x000000a5   Data   RO         3253    .conststring        los_task.o
    0x08007cc5   0x08007cc5   0x00000003   PAD
    0x08007cc8   0x08007cc8   0x00000309   Data   RO         3727    .conststring        los_memory.o
    0x08007fd1   0x08007fd1   0x00000003   PAD
    0x08007fd4   0x08007fd4   0x00000090   Data   RO         4408    .conststring        los_debug.o
    0x08008064   0x08008064   0x00000030   Data   RO         4800    Region$$Table       anon$$obj.o


    Execution Region RW_IRAM1 (Exec base: 0x20000000, Load base: 0x08008094, Size: 0x00005fb8, Max: 0x0000a000, ABSOLUTE, COMPRESSED[0x00000058])

    Exec Addr    Load Addr    Size         Type   Attr      Idx    E Section Name        Object

    0x20000000   COMPRESSED   0x0000002c   Data   RW           23    .data               main.o
    0x2000002c   COMPRESSED   0x00000020   Data   RW          286    .data               usart.o
    0x2000004c   COMPRESSED   0x0000000c   Data   RW          964    .data               stm32f1xx_hal.o
    0x20000058   COMPRESSED   0x00000004   Data   RW         1920    .data               system_stm32f1xx.o
    0x2000005c   COMPRESSED   0x00000004   Data   RW         2105    .data               los_interrupt.o
    0x20000060   COMPRESSED   0x00000020   Data   RW         2106    .data               los_interrupt.o
    0x20000080   COMPRESSED   0x0000000c   Data   RW         2461    .data               los_mux.o
    0x2000008c   COMPRESSED   0x0000000c   Data   RW         2557    .data               los_queue.o
    0x20000098   COMPRESSED   0x00000040   Data   RW         2725    .data               los_sched.o
    0x200000d8   COMPRESSED   0x0000000c   Data   RW         2907    .data               los_sem.o
    0x200000e4   COMPRESSED   0x00000010   Data   RW         2985    .data               los_sortlink.o
    0x200000f4   COMPRESSED   0x00000010   Data   RW         3089    .data               los_swtmr.o
    0x20000104   COMPRESSED   0x00000034   Data   RW         3254    .data               los_task.o
    0x20000138   COMPRESSED   0x00000008   Data   RW         3540    .data               los_tick.o
    0x20000140   COMPRESSED   0x00000004   Data   RW         3617    .data               los_membox.o
    0x20000144   COMPRESSED   0x00000008   Data   RW         3728    .data               los_memory.o
    0x2000014c   COMPRESSED   0x00000004   PAD
    0x20000150   COMPRESSED   0x00000008   Data   RW         4005    .data               los_pm.o
    0x20000158   COMPRESSED   0x00000010   Data   RW         4161    .data               los_exc_info.o
    0x20000168   COMPRESSED   0x00000020   Data   RW         4409    .data               los_debug.o
    0x20000188   COMPRESSED   0x00000004   Data   RW         4782    .data               mc_w.l(stdout.o)
    0x2000018c        -       0x00000020   Zero   RW           22    .bss                main.o
    0x200001ac        -       0x000002b8   Zero   RW          281    .bss                usart.o
    0x20000464        -       0x00000041   Zero   RW          282    .bss                usart.o
    0x200004a5        -       0x00000041   Zero   RW          283    .bss                usart.o
    0x200004e6        -       0x00000041   Zero   RW          284    .bss                usart.o
    0x20000527        -       0x00000041   Zero   RW          285    .bss                usart.o
    0x20000568        -       0x00000254   Zero   RW         2102    .bss                los_interrupt.o
    0x200007bc        -       0x00000100   Zero   RW         2723    .bss                los_sched.o
    0x200008bc        -       0x000000c0   Zero   RW         3088    .bss                los_swtmr.o
    0x2000097c        -       0x00004010   Zero   RW         3725    .bss                los_memory.o
    0x2000498c   COMPRESSED   0x00000004   PAD
    0x20004990        -       0x00000060   Zero   RW         4003    .bss                los_pm.o
    0x200049f0        -       0x00001134   Zero   RW         4160    .bss                los_exc_info.o
    0x20005b24        -       0x00000094   Zero   RW         4230    .bss                los_exchook.o
    0x20005bb8        -       0x00000400   Zero   RW            1    STACK               startup_stm32f103xe.o


    Execution Region VECTOR (Exec base: 0x2000a000, Load base: 0x080080ec, Size: 0x00000240, Max: 0x00000400, ABSOLUTE, COMPRESSED[0x00000008])

    Exec Addr    Load Addr    Size         Type   Attr      Idx    E Section Name        Object

    0x2000a000   COMPRESSED   0x00000240   Data   RW         2107    .vector             los_interrupt.o


==============================================================================

Image component sizes


      Code (inc. data)   RO Data    RW Data    ZI Data      Debug   Object Name

       140          4          0          0          0        774   dma.o
       128          8          0          0          0        891   gpio.o
       260         66         16          0          0      10684   los_context.o
       172         34        144         32          0       4982   los_debug.o
       164         18          0          0          0        352   los_dispatch.o
        76         12          0          0          0       4087   los_event.o
       460         32          0          0          0        432   los_exc.o
       748        140          0         16       4404       8739   los_exc_info.o
       190         18          0          0        148       2829   los_exchook.o
       346        142          0          0          0       5967   los_init.o
      3144       1446        128        612        596      50449   los_interrupt.o
       202          8          0          4          0       3513   los_membox.o
      3956        978        868          8      16400      34126   los_memory.o
       102         14          0         12          0      13210   los_mux.o
       388        112         15          8         96       7548   los_pm.o
      1294        136         21         12          0      24454   los_queue.o
      2252        440         81         64        256      19387   los_sched.o
        98         12          0         12          0       3247   los_sem.o
       500        114          0         16          0       9369   los_sortlink.o
      1208        130          0         16        192      19051   los_swtmr.o
      2262        474        165         52          0      31258   los_task.o
        70         10          0          8          0       1394   los_tick.o
       156         24          0          0          0      28315   los_timer.o
      1346        344          0         44         32     473779   main.o
       140          0          0          0          0       6719   memcpy_s.o
        68          0          0          0          0       5831   memset_s.o
        36          8        304          0       1024        772   startup_stm32f103xe.o
       164         28          0         12          0       6273   stm32f1xx_hal.o
       198         14          0          0          0      28755   stm32f1xx_hal_cortex.o
      1236         52          0          0          0       4910   stm32f1xx_hal_dma.o
       530         42          0          0          0       3393   stm32f1xx_hal_gpio.o
        60          8          0          0          0        814   stm32f1xx_hal_msp.o
      1240         84         18          0          0       4932   stm32f1xx_hal_rcc.o
      1950         38          0          0          0      15079   stm32f1xx_hal_uart.o
       172         52          0          0          0       7909   stm32f1xx_it.o
       242          6          0          0          0       3104   strncpy_s.o
         2          0         24          4          0       1023   system_stm32f1xx.o
      1450        148          0         32        956       8179   usart.o

    ----------------------------------------------------------------------
     27196       5196       1840        968      24108     856530   Object Totals
         0          0         48          0          0          0   (incl. Generated)
        46          0          8          4          4          0   (incl. Padding)

    ----------------------------------------------------------------------

      Code (inc. data)   RO Data    RW Data    ZI Data      Debug   Library Member Name

        86          0          0          0          0          0   __dczerorl2.o
         0          0          0          0          0          0   entry.o
         0          0          0          0          0          0   entry10a.o
         0          0          0          0          0          0   entry11a.o
         4          0          0          0          0          0   entry12b.o
         8          4          0          0          0          0   entry2.o
         4          0          0          0          0          0   entry5.o
         0          0          0          0          0          0   entry7b.o
         0          0          0          0          0          0   entry8b.o
         8          4          0          0          0          0   entry9a.o
        30          0          0          0          0          0   handlers.o
        36          8          0          0          0         68   init.o
         0          0          0          0          0          0   iusefp.o
        30          0          0          0          0         68   llshl.o
        36          0          0          0          0         68   llsshr.o
        32          0          0          0          0         68   llushr.o
        36          0          0          0          0         68   memcpya.o
        36          0          0          0          0        108   memseta.o
      2268         96          0          0          0        616   printfa.o
         0          0          0          4          0          0   stdout.o
        18          0          0          0          0         68   strcpy.o
        36          0          0          0          0         80   strstr.o
        44          0          0          0          0         80   uidiv.o
        98          0          0          0          0         92   uldiv.o
        48          0          0          0          0         68   cdrcmple.o
       334          0          0          0          0        148   dadd.o
       222          0          0          0          0        100   ddiv.o
       186          0          0          0          0        176   depilogue.o
        48          0          0          0          0         68   dfixul.o
       228          0          0          0          0         96   dmul.o

    ----------------------------------------------------------------------
      3880        112          0          4          0       2040   Library Totals
         4          0          0          0          0          0   (incl. Padding)

    ----------------------------------------------------------------------

      Code (inc. data)   RO Data    RW Data    ZI Data      Debug   Library Name

      2810        112          0          4          0       1384   mc_w.l
      1066          0          0          0          0        656   mf_w.l

    ----------------------------------------------------------------------
      3880        112          0          4          0       2040   Library Totals

    ----------------------------------------------------------------------

==============================================================================


      Code (inc. data)   RO Data    RW Data    ZI Data      Debug   

     31076       5308       1840        972      24108     844034   Grand Totals
     31076       5308       1840         96      24108     844034   ELF Image Totals (compressed)
     31076       5308       1840         96          0          0   ROM Totals

==============================================================================

    Total RO  Size (Code + RO Data)                32916 (  32.14kB)
    Total RW  Size (RW Data + ZI Data)             25080 (  24.49kB)
    Total ROM Size (Code + RO Data + RW Data)      33012 (  32.24kB)

==============================================================================

