<!doctype html public "-//w3c//dtd html 4.0 transitional//en">
<html><head>
<title>Static Call Graph - [liteos\liteos.axf]</title></head>
<body><HR>
<H1>Static Call Graph for image liteos\liteos.axf</H1><HR>
<BR><P>#&#060CALLGRAPH&#062# ARM Linker, 5060960: Last Updated: Wed Jun 18 13:39:59 2025
<BR><P>
<H3>Maximum Stack Usage =        768 bytes + Unknown(Functions without stacksize, Cycles, Untraceable Function Pointers)</H3><H3>
Call chain for Maximum Stack Depth:</H3>
HalExcUsageFault &rArr; HalExcHandleEntry &rArr; OsExcMemPoolCheckInfo &rArr; LOS_MemIntegrityCheck &rArr; OsMemIntegrityCheck &rArr; OsMemPoolHeadCheck &rArr; OsLogLevelCheck &rArr;  OsLogLevelCheck (Cycle)
<P>
<H3>
Functions with no stack information
</H3><UL>
 <LI><a href="#[c4]">HalStartToRun</a>
 <LI><a href="#[8e]">HalIntLock</a>
 <LI><a href="#[176]">HalIntUnLock</a>
 <LI><a href="#[90]">HalIntRestore</a>
 <LI><a href="#[f3]">HalTaskSchedule</a>
 <LI><a href="#[58]">HalPendSV</a>
 <LI><a href="#[52]">HalExcNMI</a>
 <LI><a href="#[53]">HalExcHardFault</a>
 <LI><a href="#[57]">HalExcSvcCall</a>
 <LI><a href="#[55]">HalExcBusFault</a>
 <LI><a href="#[54]">HalExcMemFault</a>
 <LI><a href="#[56]">HalExcUsageFault</a>
</UL>
</UL>
<P>
<H3>
Mutually Recursive functions
</H3> <LI><a href="#[1c]">ADC1_2_IRQHandler</a>&nbsp;&nbsp;&nbsp;&rArr;&nbsp;&nbsp;&nbsp;<a href="#[1c]">ADC1_2_IRQHandler</a><BR>
 <LI><a href="#[b6]">OsLogLevelCheck</a>&nbsp;&nbsp;&nbsp;&rArr;&nbsp;&nbsp;&nbsp;<a href="#[b6]">OsLogLevelCheck</a><BR>
 <LI><a href="#[4]">BusFault_Handler</a>&nbsp;&nbsp;&nbsp;&rArr;&nbsp;&nbsp;&nbsp;<a href="#[4]">BusFault_Handler</a><BR>
 <LI><a href="#[2]">HardFault_Handler</a>&nbsp;&nbsp;&nbsp;&rArr;&nbsp;&nbsp;&nbsp;<a href="#[2]">HardFault_Handler</a><BR>
 <LI><a href="#[3]">MemManage_Handler</a>&nbsp;&nbsp;&nbsp;&rArr;&nbsp;&nbsp;&nbsp;<a href="#[3]">MemManage_Handler</a><BR>
 <LI><a href="#[1]">NMI_Handler</a>&nbsp;&nbsp;&nbsp;&rArr;&nbsp;&nbsp;&nbsp;<a href="#[1]">NMI_Handler</a><BR>
 <LI><a href="#[a2]">UART_EndRxTransfer</a>&nbsp;&nbsp;&nbsp;&rArr;&nbsp;&nbsp;&nbsp;<a href="#[a2]">UART_EndRxTransfer</a><BR>
 <LI><a href="#[a1]">UART_EndTxTransfer</a>&nbsp;&nbsp;&nbsp;&rArr;&nbsp;&nbsp;&nbsp;<a href="#[a1]">UART_EndTxTransfer</a><BR>
 <LI><a href="#[5]">UsageFault_Handler</a>&nbsp;&nbsp;&nbsp;&rArr;&nbsp;&nbsp;&nbsp;<a href="#[5]">UsageFault_Handler</a><BR>
 <LI><a href="#[8f]">DoExcHookInRegOrder</a>&nbsp;&nbsp;&nbsp;&rArr;&nbsp;&nbsp;&nbsp;<a href="#[8f]">DoExcHookInRegOrder</a><BR>
</UL>
<P>
<H3>
Function Pointers
</H3><UL>
 <LI><a href="#[1c]">ADC1_2_IRQHandler</a> from startup_stm32f103xe.o(.text) referenced from startup_stm32f103xe.o(RESET)
 <LI><a href="#[39]">ADC3_IRQHandler</a> from startup_stm32f103xe.o(.text) referenced from startup_stm32f103xe.o(RESET)
 <LI><a href="#[4]">BusFault_Handler</a> from stm32f1xx_it.o(i.BusFault_Handler) referenced from startup_stm32f103xe.o(RESET)
 <LI><a href="#[1f]">CAN1_RX1_IRQHandler</a> from startup_stm32f103xe.o(.text) referenced from startup_stm32f103xe.o(RESET)
 <LI><a href="#[20]">CAN1_SCE_IRQHandler</a> from startup_stm32f103xe.o(.text) referenced from startup_stm32f103xe.o(RESET)
 <LI><a href="#[15]">DMA1_Channel1_IRQHandler</a> from startup_stm32f103xe.o(.text) referenced from startup_stm32f103xe.o(RESET)
 <LI><a href="#[16]">DMA1_Channel2_IRQHandler</a> from startup_stm32f103xe.o(.text) referenced from startup_stm32f103xe.o(RESET)
 <LI><a href="#[17]">DMA1_Channel3_IRQHandler</a> from stm32f1xx_it.o(i.DMA1_Channel3_IRQHandler) referenced from startup_stm32f103xe.o(RESET)
 <LI><a href="#[17]">DMA1_Channel3_IRQHandler</a> from stm32f1xx_it.o(i.DMA1_Channel3_IRQHandler) referenced from los_interrupt.o(i.HalHwiInit)
 <LI><a href="#[18]">DMA1_Channel4_IRQHandler</a> from startup_stm32f103xe.o(.text) referenced from startup_stm32f103xe.o(RESET)
 <LI><a href="#[19]">DMA1_Channel5_IRQHandler</a> from stm32f1xx_it.o(i.DMA1_Channel5_IRQHandler) referenced from startup_stm32f103xe.o(RESET)
 <LI><a href="#[19]">DMA1_Channel5_IRQHandler</a> from stm32f1xx_it.o(i.DMA1_Channel5_IRQHandler) referenced from los_interrupt.o(i.HalHwiInit)
 <LI><a href="#[1a]">DMA1_Channel6_IRQHandler</a> from stm32f1xx_it.o(i.DMA1_Channel6_IRQHandler) referenced from startup_stm32f103xe.o(RESET)
 <LI><a href="#[1a]">DMA1_Channel6_IRQHandler</a> from stm32f1xx_it.o(i.DMA1_Channel6_IRQHandler) referenced from los_interrupt.o(i.HalHwiInit)
 <LI><a href="#[1b]">DMA1_Channel7_IRQHandler</a> from stm32f1xx_it.o(i.DMA1_Channel7_IRQHandler) referenced from startup_stm32f103xe.o(RESET)
 <LI><a href="#[1b]">DMA1_Channel7_IRQHandler</a> from stm32f1xx_it.o(i.DMA1_Channel7_IRQHandler) referenced from los_interrupt.o(i.HalHwiInit)
 <LI><a href="#[42]">DMA2_Channel1_IRQHandler</a> from startup_stm32f103xe.o(.text) referenced from startup_stm32f103xe.o(RESET)
 <LI><a href="#[43]">DMA2_Channel2_IRQHandler</a> from startup_stm32f103xe.o(.text) referenced from startup_stm32f103xe.o(RESET)
 <LI><a href="#[44]">DMA2_Channel3_IRQHandler</a> from stm32f1xx_it.o(i.DMA2_Channel3_IRQHandler) referenced from startup_stm32f103xe.o(RESET)
 <LI><a href="#[44]">DMA2_Channel3_IRQHandler</a> from stm32f1xx_it.o(i.DMA2_Channel3_IRQHandler) referenced from los_interrupt.o(i.HalHwiInit)
 <LI><a href="#[45]">DMA2_Channel4_5_IRQHandler</a> from stm32f1xx_it.o(i.DMA2_Channel4_5_IRQHandler) referenced from startup_stm32f103xe.o(RESET)
 <LI><a href="#[45]">DMA2_Channel4_5_IRQHandler</a> from stm32f1xx_it.o(i.DMA2_Channel4_5_IRQHandler) referenced from los_interrupt.o(i.HalHwiInit)
 <LI><a href="#[7]">DebugMon_Handler</a> from stm32f1xx_it.o(i.DebugMon_Handler) referenced from startup_stm32f103xe.o(RESET)
 <LI><a href="#[4b]">DisplayTask</a> from main.o(i.DisplayTask) referenced from main.o(i.AppTaskCreate)
 <LI><a href="#[5c]">DoExcHook</a> from los_exchook.o(i.DoExcHook) referenced from los_exchook.o(i.LOS_RegExcHook)
 <LI><a href="#[10]">EXTI0_IRQHandler</a> from startup_stm32f103xe.o(.text) referenced from startup_stm32f103xe.o(RESET)
 <LI><a href="#[32]">EXTI15_10_IRQHandler</a> from startup_stm32f103xe.o(.text) referenced from startup_stm32f103xe.o(RESET)
 <LI><a href="#[11]">EXTI1_IRQHandler</a> from startup_stm32f103xe.o(.text) referenced from startup_stm32f103xe.o(RESET)
 <LI><a href="#[12]">EXTI2_IRQHandler</a> from startup_stm32f103xe.o(.text) referenced from startup_stm32f103xe.o(RESET)
 <LI><a href="#[13]">EXTI3_IRQHandler</a> from startup_stm32f103xe.o(.text) referenced from startup_stm32f103xe.o(RESET)
 <LI><a href="#[14]">EXTI4_IRQHandler</a> from startup_stm32f103xe.o(.text) referenced from startup_stm32f103xe.o(RESET)
 <LI><a href="#[21]">EXTI9_5_IRQHandler</a> from startup_stm32f103xe.o(.text) referenced from startup_stm32f103xe.o(RESET)
 <LI><a href="#[e]">FLASH_IRQHandler</a> from startup_stm32f103xe.o(.text) referenced from startup_stm32f103xe.o(RESET)
 <LI><a href="#[3a]">FSMC_IRQHandler</a> from startup_stm32f103xe.o(.text) referenced from startup_stm32f103xe.o(RESET)
 <LI><a href="#[68]">HalEnterSleep</a> from los_timer.o(i.HalEnterSleep) referenced from los_pm.o(i.OsPmSysctrlInit)
 <LI><a href="#[55]">HalExcBusFault</a> from los_exc.o(.text) referenced from los_interrupt.o(i.HalHwiInit)
 <LI><a href="#[53]">HalExcHardFault</a> from los_exc.o(.text) referenced from los_interrupt.o(i.HalHwiInit)
 <LI><a href="#[54]">HalExcMemFault</a> from los_exc.o(.text) referenced from los_interrupt.o(i.HalHwiInit)
 <LI><a href="#[52]">HalExcNMI</a> from los_exc.o(.text) referenced from los_interrupt.o(i.HalHwiInit)
 <LI><a href="#[57]">HalExcSvcCall</a> from los_exc.o(.text) referenced from los_interrupt.o(i.HalHwiInit)
 <LI><a href="#[56]">HalExcUsageFault</a> from los_exc.o(.text) referenced from los_interrupt.o(i.HalHwiInit)
 <LI><a href="#[51]">HalHwiDefaultHandler</a> from los_interrupt.o(i.HalHwiDefaultHandler) referenced from los_interrupt.o(i.HalHwiInit)
 <LI><a href="#[69]">HalInterrupt</a> from los_interrupt.o(i.HalInterrupt) referenced from los_interrupt.o(i.OsSetVector)
 <LI><a href="#[58]">HalPendSV</a> from los_dispatch.o(.text) referenced from los_interrupt.o(i.HalHwiInit)
 <LI><a href="#[59]">HalSysExit</a> from los_context.o(i.HalSysExit) referenced from los_context.o(i.HalTskStackInit)
 <LI><a href="#[2]">HardFault_Handler</a> from stm32f1xx_it.o(i.HardFault_Handler) referenced from startup_stm32f103xe.o(RESET)
 <LI><a href="#[2a]">I2C1_ER_IRQHandler</a> from startup_stm32f103xe.o(.text) referenced from startup_stm32f103xe.o(RESET)
 <LI><a href="#[29]">I2C1_EV_IRQHandler</a> from startup_stm32f103xe.o(.text) referenced from startup_stm32f103xe.o(RESET)
 <LI><a href="#[2c]">I2C2_ER_IRQHandler</a> from startup_stm32f103xe.o(.text) referenced from startup_stm32f103xe.o(RESET)
 <LI><a href="#[2b]">I2C2_EV_IRQHandler</a> from startup_stm32f103xe.o(.text) referenced from startup_stm32f103xe.o(RESET)
 <LI><a href="#[64]">LOS_QueueInfoGet</a> from los_queue.o(i.LOS_QueueInfoGet) referenced from los_exc_info.o(i.OsExcQueueMsgGet)
 <LI><a href="#[65]">LOS_TaskInfoGet</a> from los_task.o(i.LOS_TaskInfoGet) referenced from los_exc_info.o(i.OsExcTaskMsgGet)
 <LI><a href="#[3]">MemManage_Handler</a> from stm32f1xx_it.o(i.MemManage_Handler) referenced from startup_stm32f103xe.o(RESET)
 <LI><a href="#[1]">NMI_Handler</a> from stm32f1xx_it.o(i.NMI_Handler) referenced from startup_stm32f103xe.o(RESET)
 <LI><a href="#[5e]">OsExcContentGet</a> from los_exc_info.o(i.OsExcContentGet) referenced from los_exc_info.o(i.OsExcMsgDumpInit)
 <LI><a href="#[62]">OsExcMemMsgGet</a> from los_exc_info.o(i.OsExcMemMsgGet) referenced from los_exc_info.o(i.OsExcMsgDumpInit)
 <LI><a href="#[63]">OsExcMsgDump</a> from los_exc_info.o(i.OsExcMsgDump) referenced from los_exc_info.o(i.OsExcMsgDumpInit)
 <LI><a href="#[60]">OsExcQueueMsgGet</a> from los_exc_info.o(i.OsExcQueueMsgGet) referenced from los_exc_info.o(i.OsExcMsgDumpInit)
 <LI><a href="#[61]">OsExcSaveIntStatus</a> from los_exc_info.o(i.OsExcSaveIntStatus) referenced from los_exc_info.o(i.OsExcMsgDumpInit)
 <LI><a href="#[5f]">OsExcTaskMsgGet</a> from los_exc_info.o(i.OsExcTaskMsgGet) referenced from los_exc_info.o(i.OsExcMsgDumpInit)
 <LI><a href="#[5d]">OsIdleTask</a> from los_task.o(i.OsIdleTask) referenced from los_task.o(i.LOS_TaskCreateOnly)
 <LI><a href="#[5d]">OsIdleTask</a> from los_task.o(i.OsIdleTask) referenced from los_task.o(i.OsIdleTaskCreate)
 <LI><a href="#[5b]">OsMemNodeInfoGetHandle</a> from los_memory.o(i.OsMemNodeInfoGetHandle) referenced from los_memory.o(i.LOS_MemInfoGet)
 <LI><a href="#[67]">OsPmNormalSleep</a> from los_pm.o(i.OsPmNormalSleep) referenced from los_pm.o(i.OsPmInit)
 <LI><a href="#[66]">OsPmSleepTimeSet</a> from los_pm.o(i.OsPmSleepTimeSet) referenced from los_pm.o(i.OsPmInit)
 <LI><a href="#[6a]">OsSwtmrScan</a> from los_swtmr.o(i.OsSwtmrScan) referenced from los_swtmr.o(i.OsSwtmrInit)
 <LI><a href="#[6b]">OsSwtmrTask</a> from los_swtmr.o(i.OsSwtmrTask) referenced from los_swtmr.o(i.OsSwtmrTaskCreate)
 <LI><a href="#[5a]">OsTaskEntry</a> from los_task.o(i.OsTaskEntry) referenced from los_context.o(i.HalTskStackInit)
 <LI><a href="#[50]">OsTickHandler</a> from los_tick.o(i.OsTickHandler) referenced from los_context.o(i.HalArchInit)
 <LI><a href="#[b]">PVD_IRQHandler</a> from startup_stm32f103xe.o(.text) referenced from startup_stm32f103xe.o(RESET)
 <LI><a href="#[8]">PendSV_Handler</a> from stm32f1xx_it.o(i.PendSV_Handler) referenced from startup_stm32f103xe.o(RESET)
 <LI><a href="#[f]">RCC_IRQHandler</a> from startup_stm32f103xe.o(.text) referenced from startup_stm32f103xe.o(RESET)
 <LI><a href="#[33]">RTC_Alarm_IRQHandler</a> from startup_stm32f103xe.o(.text) referenced from startup_stm32f103xe.o(RESET)
 <LI><a href="#[d]">RTC_IRQHandler</a> from startup_stm32f103xe.o(.text) referenced from startup_stm32f103xe.o(RESET)
 <LI><a href="#[0]">Reset_Handler</a> from startup_stm32f103xe.o(.text) referenced from startup_stm32f103xe.o(RESET)
 <LI><a href="#[0]">Reset_Handler</a> from startup_stm32f103xe.o(.text) referenced from los_interrupt.o(i.HalHwiInit)
 <LI><a href="#[3b]">SDIO_IRQHandler</a> from startup_stm32f103xe.o(.text) referenced from startup_stm32f103xe.o(RESET)
 <LI><a href="#[2d]">SPI1_IRQHandler</a> from startup_stm32f103xe.o(.text) referenced from startup_stm32f103xe.o(RESET)
 <LI><a href="#[2e]">SPI2_IRQHandler</a> from startup_stm32f103xe.o(.text) referenced from startup_stm32f103xe.o(RESET)
 <LI><a href="#[3d]">SPI3_IRQHandler</a> from startup_stm32f103xe.o(.text) referenced from startup_stm32f103xe.o(RESET)
 <LI><a href="#[6]">SVC_Handler</a> from stm32f1xx_it.o(i.SVC_Handler) referenced from startup_stm32f103xe.o(RESET)
 <LI><a href="#[4a]">SensorTask</a> from main.o(i.SensorTask) referenced from main.o(i.AppTaskCreate)
 <LI><a href="#[9]">SysTick_Handler</a> from stm32f1xx_it.o(i.SysTick_Handler) referenced from startup_stm32f103xe.o(RESET)
 <LI><a href="#[9]">SysTick_Handler</a> from stm32f1xx_it.o(i.SysTick_Handler) referenced from los_interrupt.o(i.HalHwiInit)
 <LI><a href="#[47]">SystemInit</a> from system_stm32f1xx.o(i.SystemInit) referenced from startup_stm32f103xe.o(.text)
 <LI><a href="#[c]">TAMPER_IRQHandler</a> from startup_stm32f103xe.o(.text) referenced from startup_stm32f103xe.o(RESET)
 <LI><a href="#[22]">TIM1_BRK_IRQHandler</a> from startup_stm32f103xe.o(.text) referenced from startup_stm32f103xe.o(RESET)
 <LI><a href="#[25]">TIM1_CC_IRQHandler</a> from startup_stm32f103xe.o(.text) referenced from startup_stm32f103xe.o(RESET)
 <LI><a href="#[24]">TIM1_TRG_COM_IRQHandler</a> from startup_stm32f103xe.o(.text) referenced from startup_stm32f103xe.o(RESET)
 <LI><a href="#[23]">TIM1_UP_IRQHandler</a> from startup_stm32f103xe.o(.text) referenced from startup_stm32f103xe.o(RESET)
 <LI><a href="#[26]">TIM2_IRQHandler</a> from startup_stm32f103xe.o(.text) referenced from startup_stm32f103xe.o(RESET)
 <LI><a href="#[27]">TIM3_IRQHandler</a> from startup_stm32f103xe.o(.text) referenced from startup_stm32f103xe.o(RESET)
 <LI><a href="#[28]">TIM4_IRQHandler</a> from startup_stm32f103xe.o(.text) referenced from startup_stm32f103xe.o(RESET)
 <LI><a href="#[3c]">TIM5_IRQHandler</a> from startup_stm32f103xe.o(.text) referenced from startup_stm32f103xe.o(RESET)
 <LI><a href="#[40]">TIM6_IRQHandler</a> from startup_stm32f103xe.o(.text) referenced from startup_stm32f103xe.o(RESET)
 <LI><a href="#[41]">TIM7_IRQHandler</a> from startup_stm32f103xe.o(.text) referenced from startup_stm32f103xe.o(RESET)
 <LI><a href="#[35]">TIM8_BRK_IRQHandler</a> from startup_stm32f103xe.o(.text) referenced from startup_stm32f103xe.o(RESET)
 <LI><a href="#[38]">TIM8_CC_IRQHandler</a> from startup_stm32f103xe.o(.text) referenced from startup_stm32f103xe.o(RESET)
 <LI><a href="#[37]">TIM8_TRG_COM_IRQHandler</a> from startup_stm32f103xe.o(.text) referenced from startup_stm32f103xe.o(RESET)
 <LI><a href="#[36]">TIM8_UP_IRQHandler</a> from startup_stm32f103xe.o(.text) referenced from startup_stm32f103xe.o(RESET)
 <LI><a href="#[3e]">UART4_IRQHandler</a> from stm32f1xx_it.o(i.UART4_IRQHandler) referenced from startup_stm32f103xe.o(RESET)
 <LI><a href="#[3e]">UART4_IRQHandler</a> from stm32f1xx_it.o(i.UART4_IRQHandler) referenced from los_interrupt.o(i.HalHwiInit)
 <LI><a href="#[3f]">UART5_IRQHandler</a> from startup_stm32f103xe.o(.text) referenced from startup_stm32f103xe.o(RESET)
 <LI><a href="#[4c]">UART_DMAAbortOnError</a> from stm32f1xx_hal_uart.o(i.UART_DMAAbortOnError) referenced from stm32f1xx_hal_uart.o(i.HAL_UART_IRQHandler)
 <LI><a href="#[4f]">UART_DMAError</a> from stm32f1xx_hal_uart.o(i.UART_DMAError) referenced from stm32f1xx_hal_uart.o(i.HAL_UART_Transmit_DMA)
 <LI><a href="#[4f]">UART_DMAError</a> from stm32f1xx_hal_uart.o(i.UART_DMAError) referenced from stm32f1xx_hal_uart.o(i.UART_Start_Receive_DMA)
 <LI><a href="#[6c]">UART_DMAReceiveCplt</a> from stm32f1xx_hal_uart.o(i.UART_DMAReceiveCplt) referenced from stm32f1xx_hal_uart.o(i.UART_Start_Receive_DMA)
 <LI><a href="#[6d]">UART_DMARxHalfCplt</a> from stm32f1xx_hal_uart.o(i.UART_DMARxHalfCplt) referenced from stm32f1xx_hal_uart.o(i.UART_Start_Receive_DMA)
 <LI><a href="#[4d]">UART_DMATransmitCplt</a> from stm32f1xx_hal_uart.o(i.UART_DMATransmitCplt) referenced from stm32f1xx_hal_uart.o(i.HAL_UART_Transmit_DMA)
 <LI><a href="#[4e]">UART_DMATxHalfCplt</a> from stm32f1xx_hal_uart.o(i.UART_DMATxHalfCplt) referenced from stm32f1xx_hal_uart.o(i.HAL_UART_Transmit_DMA)
 <LI><a href="#[2f]">USART1_IRQHandler</a> from stm32f1xx_it.o(i.USART1_IRQHandler) referenced from startup_stm32f103xe.o(RESET)
 <LI><a href="#[2f]">USART1_IRQHandler</a> from stm32f1xx_it.o(i.USART1_IRQHandler) referenced from los_interrupt.o(i.HalHwiInit)
 <LI><a href="#[30]">USART2_IRQHandler</a> from stm32f1xx_it.o(i.USART2_IRQHandler) referenced from startup_stm32f103xe.o(RESET)
 <LI><a href="#[30]">USART2_IRQHandler</a> from stm32f1xx_it.o(i.USART2_IRQHandler) referenced from los_interrupt.o(i.HalHwiInit)
 <LI><a href="#[31]">USART3_IRQHandler</a> from stm32f1xx_it.o(i.USART3_IRQHandler) referenced from startup_stm32f103xe.o(RESET)
 <LI><a href="#[31]">USART3_IRQHandler</a> from stm32f1xx_it.o(i.USART3_IRQHandler) referenced from los_interrupt.o(i.HalHwiInit)
 <LI><a href="#[34]">USBWakeUp_IRQHandler</a> from startup_stm32f103xe.o(.text) referenced from startup_stm32f103xe.o(RESET)
 <LI><a href="#[1d]">USB_HP_CAN1_TX_IRQHandler</a> from startup_stm32f103xe.o(.text) referenced from startup_stm32f103xe.o(RESET)
 <LI><a href="#[1e]">USB_LP_CAN1_RX0_IRQHandler</a> from startup_stm32f103xe.o(.text) referenced from startup_stm32f103xe.o(RESET)
 <LI><a href="#[5]">UsageFault_Handler</a> from stm32f1xx_it.o(i.UsageFault_Handler) referenced from startup_stm32f103xe.o(RESET)
 <LI><a href="#[49]">VoiceTask</a> from main.o(i.VoiceTask) referenced from main.o(i.AppTaskCreate)
 <LI><a href="#[a]">WWDG_IRQHandler</a> from startup_stm32f103xe.o(.text) referenced from startup_stm32f103xe.o(RESET)
 <LI><a href="#[48]">__main</a> from entry.o(.ARM.Collect$$$$00000000) referenced from startup_stm32f103xe.o(.text)
 <LI><a href="#[6f]">_sputc</a> from printfa.o(i._sputc) referenced from printfa.o(i.__0sprintf)
 <LI><a href="#[6e]">fputc</a> from usart.o(i.fputc) referenced from printfa.o(i.__0printf)
 <LI><a href="#[46]">main</a> from main.o(i.main) referenced from entry9a.o(.ARM.Collect$$$$0000000B)
</UL>
<P>
<H3>
Global Symbols
</H3>
<P><STRONG><a name="[48]"></a>__main</STRONG> (Thumb, 0 bytes, Stack size unknown bytes, entry.o(.ARM.Collect$$$$00000000))
<BR>[Address Reference Count : 1]<UL><LI> startup_stm32f103xe.o(.text)
</UL>
<P><STRONG><a name="[16f]"></a>_main_stk</STRONG> (Thumb, 0 bytes, Stack size unknown bytes, entry2.o(.ARM.Collect$$$$00000001))

<P><STRONG><a name="[70]"></a>_main_scatterload</STRONG> (Thumb, 0 bytes, Stack size unknown bytes, entry5.o(.ARM.Collect$$$$00000004))
<BR><BR>[Calls]<UL><LI><a href="#[71]">&gt;&gt;</a>&nbsp;&nbsp;&nbsp;__scatterload
</UL>

<P><STRONG><a name="[83]"></a>__main_after_scatterload</STRONG> (Thumb, 0 bytes, Stack size unknown bytes, entry5.o(.ARM.Collect$$$$00000004))
<BR><BR>[Called By]<UL><LI><a href="#[71]">&gt;&gt;</a>&nbsp;&nbsp;&nbsp;__scatterload
</UL>

<P><STRONG><a name="[170]"></a>_main_clock</STRONG> (Thumb, 0 bytes, Stack size unknown bytes, entry7b.o(.ARM.Collect$$$$00000008))

<P><STRONG><a name="[171]"></a>_main_cpp_init</STRONG> (Thumb, 0 bytes, Stack size unknown bytes, entry8b.o(.ARM.Collect$$$$0000000A))

<P><STRONG><a name="[172]"></a>_main_init</STRONG> (Thumb, 0 bytes, Stack size unknown bytes, entry9a.o(.ARM.Collect$$$$0000000B))

<P><STRONG><a name="[173]"></a>__rt_lib_shutdown_fini</STRONG> (Thumb, 0 bytes, Stack size unknown bytes, entry12b.o(.ARM.Collect$$$$0000000E))

<P><STRONG><a name="[174]"></a>__rt_final_cpp</STRONG> (Thumb, 0 bytes, Stack size unknown bytes, entry10a.o(.ARM.Collect$$$$0000000F))

<P><STRONG><a name="[175]"></a>__rt_final_exit</STRONG> (Thumb, 0 bytes, Stack size unknown bytes, entry11a.o(.ARM.Collect$$$$00000011))

<P><STRONG><a name="[0]"></a>Reset_Handler</STRONG> (Thumb, 8 bytes, Stack size 0 bytes, startup_stm32f103xe.o(.text))
<BR>[Address Reference Count : 2]<UL><LI> startup_stm32f103xe.o(RESET)
<LI> los_interrupt.o(i.HalHwiInit)
</UL>
<P><STRONG><a name="[1c]"></a>ADC1_2_IRQHandler</STRONG> (Thumb, 0 bytes, Stack size 0 bytes, startup_stm32f103xe.o(.text))
<BR><BR>[Calls]<UL><LI><a href="#[1c]">&gt;&gt;</a>&nbsp;&nbsp;&nbsp;ADC1_2_IRQHandler
</UL>
<BR>[Called By]<UL><LI><a href="#[1c]">&gt;&gt;</a>&nbsp;&nbsp;&nbsp;ADC1_2_IRQHandler
</UL>
<BR>[Address Reference Count : 1]<UL><LI> startup_stm32f103xe.o(RESET)
</UL>
<P><STRONG><a name="[39]"></a>ADC3_IRQHandler</STRONG> (Thumb, 0 bytes, Stack size 0 bytes, startup_stm32f103xe.o(.text))
<BR>[Address Reference Count : 1]<UL><LI> startup_stm32f103xe.o(RESET)
</UL>
<P><STRONG><a name="[1f]"></a>CAN1_RX1_IRQHandler</STRONG> (Thumb, 0 bytes, Stack size 0 bytes, startup_stm32f103xe.o(.text))
<BR>[Address Reference Count : 1]<UL><LI> startup_stm32f103xe.o(RESET)
</UL>
<P><STRONG><a name="[20]"></a>CAN1_SCE_IRQHandler</STRONG> (Thumb, 0 bytes, Stack size 0 bytes, startup_stm32f103xe.o(.text))
<BR>[Address Reference Count : 1]<UL><LI> startup_stm32f103xe.o(RESET)
</UL>
<P><STRONG><a name="[15]"></a>DMA1_Channel1_IRQHandler</STRONG> (Thumb, 0 bytes, Stack size 0 bytes, startup_stm32f103xe.o(.text))
<BR>[Address Reference Count : 1]<UL><LI> startup_stm32f103xe.o(RESET)
</UL>
<P><STRONG><a name="[16]"></a>DMA1_Channel2_IRQHandler</STRONG> (Thumb, 0 bytes, Stack size 0 bytes, startup_stm32f103xe.o(.text))
<BR>[Address Reference Count : 1]<UL><LI> startup_stm32f103xe.o(RESET)
</UL>
<P><STRONG><a name="[18]"></a>DMA1_Channel4_IRQHandler</STRONG> (Thumb, 0 bytes, Stack size 0 bytes, startup_stm32f103xe.o(.text))
<BR>[Address Reference Count : 1]<UL><LI> startup_stm32f103xe.o(RESET)
</UL>
<P><STRONG><a name="[42]"></a>DMA2_Channel1_IRQHandler</STRONG> (Thumb, 0 bytes, Stack size 0 bytes, startup_stm32f103xe.o(.text))
<BR>[Address Reference Count : 1]<UL><LI> startup_stm32f103xe.o(RESET)
</UL>
<P><STRONG><a name="[43]"></a>DMA2_Channel2_IRQHandler</STRONG> (Thumb, 0 bytes, Stack size 0 bytes, startup_stm32f103xe.o(.text))
<BR>[Address Reference Count : 1]<UL><LI> startup_stm32f103xe.o(RESET)
</UL>
<P><STRONG><a name="[10]"></a>EXTI0_IRQHandler</STRONG> (Thumb, 0 bytes, Stack size 0 bytes, startup_stm32f103xe.o(.text))
<BR>[Address Reference Count : 1]<UL><LI> startup_stm32f103xe.o(RESET)
</UL>
<P><STRONG><a name="[32]"></a>EXTI15_10_IRQHandler</STRONG> (Thumb, 0 bytes, Stack size 0 bytes, startup_stm32f103xe.o(.text))
<BR>[Address Reference Count : 1]<UL><LI> startup_stm32f103xe.o(RESET)
</UL>
<P><STRONG><a name="[11]"></a>EXTI1_IRQHandler</STRONG> (Thumb, 0 bytes, Stack size 0 bytes, startup_stm32f103xe.o(.text))
<BR>[Address Reference Count : 1]<UL><LI> startup_stm32f103xe.o(RESET)
</UL>
<P><STRONG><a name="[12]"></a>EXTI2_IRQHandler</STRONG> (Thumb, 0 bytes, Stack size 0 bytes, startup_stm32f103xe.o(.text))
<BR>[Address Reference Count : 1]<UL><LI> startup_stm32f103xe.o(RESET)
</UL>
<P><STRONG><a name="[13]"></a>EXTI3_IRQHandler</STRONG> (Thumb, 0 bytes, Stack size 0 bytes, startup_stm32f103xe.o(.text))
<BR>[Address Reference Count : 1]<UL><LI> startup_stm32f103xe.o(RESET)
</UL>
<P><STRONG><a name="[14]"></a>EXTI4_IRQHandler</STRONG> (Thumb, 0 bytes, Stack size 0 bytes, startup_stm32f103xe.o(.text))
<BR>[Address Reference Count : 1]<UL><LI> startup_stm32f103xe.o(RESET)
</UL>
<P><STRONG><a name="[21]"></a>EXTI9_5_IRQHandler</STRONG> (Thumb, 0 bytes, Stack size 0 bytes, startup_stm32f103xe.o(.text))
<BR>[Address Reference Count : 1]<UL><LI> startup_stm32f103xe.o(RESET)
</UL>
<P><STRONG><a name="[e]"></a>FLASH_IRQHandler</STRONG> (Thumb, 0 bytes, Stack size 0 bytes, startup_stm32f103xe.o(.text))
<BR>[Address Reference Count : 1]<UL><LI> startup_stm32f103xe.o(RESET)
</UL>
<P><STRONG><a name="[3a]"></a>FSMC_IRQHandler</STRONG> (Thumb, 0 bytes, Stack size 0 bytes, startup_stm32f103xe.o(.text))
<BR>[Address Reference Count : 1]<UL><LI> startup_stm32f103xe.o(RESET)
</UL>
<P><STRONG><a name="[2a]"></a>I2C1_ER_IRQHandler</STRONG> (Thumb, 0 bytes, Stack size 0 bytes, startup_stm32f103xe.o(.text))
<BR>[Address Reference Count : 1]<UL><LI> startup_stm32f103xe.o(RESET)
</UL>
<P><STRONG><a name="[29]"></a>I2C1_EV_IRQHandler</STRONG> (Thumb, 0 bytes, Stack size 0 bytes, startup_stm32f103xe.o(.text))
<BR>[Address Reference Count : 1]<UL><LI> startup_stm32f103xe.o(RESET)
</UL>
<P><STRONG><a name="[2c]"></a>I2C2_ER_IRQHandler</STRONG> (Thumb, 0 bytes, Stack size 0 bytes, startup_stm32f103xe.o(.text))
<BR>[Address Reference Count : 1]<UL><LI> startup_stm32f103xe.o(RESET)
</UL>
<P><STRONG><a name="[2b]"></a>I2C2_EV_IRQHandler</STRONG> (Thumb, 0 bytes, Stack size 0 bytes, startup_stm32f103xe.o(.text))
<BR>[Address Reference Count : 1]<UL><LI> startup_stm32f103xe.o(RESET)
</UL>
<P><STRONG><a name="[b]"></a>PVD_IRQHandler</STRONG> (Thumb, 0 bytes, Stack size 0 bytes, startup_stm32f103xe.o(.text))
<BR>[Address Reference Count : 1]<UL><LI> startup_stm32f103xe.o(RESET)
</UL>
<P><STRONG><a name="[f]"></a>RCC_IRQHandler</STRONG> (Thumb, 0 bytes, Stack size 0 bytes, startup_stm32f103xe.o(.text))
<BR>[Address Reference Count : 1]<UL><LI> startup_stm32f103xe.o(RESET)
</UL>
<P><STRONG><a name="[33]"></a>RTC_Alarm_IRQHandler</STRONG> (Thumb, 0 bytes, Stack size 0 bytes, startup_stm32f103xe.o(.text))
<BR>[Address Reference Count : 1]<UL><LI> startup_stm32f103xe.o(RESET)
</UL>
<P><STRONG><a name="[d]"></a>RTC_IRQHandler</STRONG> (Thumb, 0 bytes, Stack size 0 bytes, startup_stm32f103xe.o(.text))
<BR>[Address Reference Count : 1]<UL><LI> startup_stm32f103xe.o(RESET)
</UL>
<P><STRONG><a name="[3b]"></a>SDIO_IRQHandler</STRONG> (Thumb, 0 bytes, Stack size 0 bytes, startup_stm32f103xe.o(.text))
<BR>[Address Reference Count : 1]<UL><LI> startup_stm32f103xe.o(RESET)
</UL>
<P><STRONG><a name="[2d]"></a>SPI1_IRQHandler</STRONG> (Thumb, 0 bytes, Stack size 0 bytes, startup_stm32f103xe.o(.text))
<BR>[Address Reference Count : 1]<UL><LI> startup_stm32f103xe.o(RESET)
</UL>
<P><STRONG><a name="[2e]"></a>SPI2_IRQHandler</STRONG> (Thumb, 0 bytes, Stack size 0 bytes, startup_stm32f103xe.o(.text))
<BR>[Address Reference Count : 1]<UL><LI> startup_stm32f103xe.o(RESET)
</UL>
<P><STRONG><a name="[3d]"></a>SPI3_IRQHandler</STRONG> (Thumb, 0 bytes, Stack size 0 bytes, startup_stm32f103xe.o(.text))
<BR>[Address Reference Count : 1]<UL><LI> startup_stm32f103xe.o(RESET)
</UL>
<P><STRONG><a name="[c]"></a>TAMPER_IRQHandler</STRONG> (Thumb, 0 bytes, Stack size 0 bytes, startup_stm32f103xe.o(.text))
<BR>[Address Reference Count : 1]<UL><LI> startup_stm32f103xe.o(RESET)
</UL>
<P><STRONG><a name="[22]"></a>TIM1_BRK_IRQHandler</STRONG> (Thumb, 0 bytes, Stack size 0 bytes, startup_stm32f103xe.o(.text))
<BR>[Address Reference Count : 1]<UL><LI> startup_stm32f103xe.o(RESET)
</UL>
<P><STRONG><a name="[25]"></a>TIM1_CC_IRQHandler</STRONG> (Thumb, 0 bytes, Stack size 0 bytes, startup_stm32f103xe.o(.text))
<BR>[Address Reference Count : 1]<UL><LI> startup_stm32f103xe.o(RESET)
</UL>
<P><STRONG><a name="[24]"></a>TIM1_TRG_COM_IRQHandler</STRONG> (Thumb, 0 bytes, Stack size 0 bytes, startup_stm32f103xe.o(.text))
<BR>[Address Reference Count : 1]<UL><LI> startup_stm32f103xe.o(RESET)
</UL>
<P><STRONG><a name="[23]"></a>TIM1_UP_IRQHandler</STRONG> (Thumb, 0 bytes, Stack size 0 bytes, startup_stm32f103xe.o(.text))
<BR>[Address Reference Count : 1]<UL><LI> startup_stm32f103xe.o(RESET)
</UL>
<P><STRONG><a name="[26]"></a>TIM2_IRQHandler</STRONG> (Thumb, 0 bytes, Stack size 0 bytes, startup_stm32f103xe.o(.text))
<BR>[Address Reference Count : 1]<UL><LI> startup_stm32f103xe.o(RESET)
</UL>
<P><STRONG><a name="[27]"></a>TIM3_IRQHandler</STRONG> (Thumb, 0 bytes, Stack size 0 bytes, startup_stm32f103xe.o(.text))
<BR>[Address Reference Count : 1]<UL><LI> startup_stm32f103xe.o(RESET)
</UL>
<P><STRONG><a name="[28]"></a>TIM4_IRQHandler</STRONG> (Thumb, 0 bytes, Stack size 0 bytes, startup_stm32f103xe.o(.text))
<BR>[Address Reference Count : 1]<UL><LI> startup_stm32f103xe.o(RESET)
</UL>
<P><STRONG><a name="[3c]"></a>TIM5_IRQHandler</STRONG> (Thumb, 0 bytes, Stack size 0 bytes, startup_stm32f103xe.o(.text))
<BR>[Address Reference Count : 1]<UL><LI> startup_stm32f103xe.o(RESET)
</UL>
<P><STRONG><a name="[40]"></a>TIM6_IRQHandler</STRONG> (Thumb, 0 bytes, Stack size 0 bytes, startup_stm32f103xe.o(.text))
<BR>[Address Reference Count : 1]<UL><LI> startup_stm32f103xe.o(RESET)
</UL>
<P><STRONG><a name="[41]"></a>TIM7_IRQHandler</STRONG> (Thumb, 0 bytes, Stack size 0 bytes, startup_stm32f103xe.o(.text))
<BR>[Address Reference Count : 1]<UL><LI> startup_stm32f103xe.o(RESET)
</UL>
<P><STRONG><a name="[35]"></a>TIM8_BRK_IRQHandler</STRONG> (Thumb, 0 bytes, Stack size 0 bytes, startup_stm32f103xe.o(.text))
<BR>[Address Reference Count : 1]<UL><LI> startup_stm32f103xe.o(RESET)
</UL>
<P><STRONG><a name="[38]"></a>TIM8_CC_IRQHandler</STRONG> (Thumb, 0 bytes, Stack size 0 bytes, startup_stm32f103xe.o(.text))
<BR>[Address Reference Count : 1]<UL><LI> startup_stm32f103xe.o(RESET)
</UL>
<P><STRONG><a name="[37]"></a>TIM8_TRG_COM_IRQHandler</STRONG> (Thumb, 0 bytes, Stack size 0 bytes, startup_stm32f103xe.o(.text))
<BR>[Address Reference Count : 1]<UL><LI> startup_stm32f103xe.o(RESET)
</UL>
<P><STRONG><a name="[36]"></a>TIM8_UP_IRQHandler</STRONG> (Thumb, 0 bytes, Stack size 0 bytes, startup_stm32f103xe.o(.text))
<BR>[Address Reference Count : 1]<UL><LI> startup_stm32f103xe.o(RESET)
</UL>
<P><STRONG><a name="[3f]"></a>UART5_IRQHandler</STRONG> (Thumb, 0 bytes, Stack size 0 bytes, startup_stm32f103xe.o(.text))
<BR>[Address Reference Count : 1]<UL><LI> startup_stm32f103xe.o(RESET)
</UL>
<P><STRONG><a name="[34]"></a>USBWakeUp_IRQHandler</STRONG> (Thumb, 0 bytes, Stack size 0 bytes, startup_stm32f103xe.o(.text))
<BR>[Address Reference Count : 1]<UL><LI> startup_stm32f103xe.o(RESET)
</UL>
<P><STRONG><a name="[1d]"></a>USB_HP_CAN1_TX_IRQHandler</STRONG> (Thumb, 0 bytes, Stack size 0 bytes, startup_stm32f103xe.o(.text))
<BR>[Address Reference Count : 1]<UL><LI> startup_stm32f103xe.o(RESET)
</UL>
<P><STRONG><a name="[1e]"></a>USB_LP_CAN1_RX0_IRQHandler</STRONG> (Thumb, 0 bytes, Stack size 0 bytes, startup_stm32f103xe.o(.text))
<BR>[Address Reference Count : 1]<UL><LI> startup_stm32f103xe.o(RESET)
</UL>
<P><STRONG><a name="[a]"></a>WWDG_IRQHandler</STRONG> (Thumb, 0 bytes, Stack size 0 bytes, startup_stm32f103xe.o(.text))
<BR>[Address Reference Count : 1]<UL><LI> startup_stm32f103xe.o(RESET)
</UL>
<P><STRONG><a name="[c4]"></a>HalStartToRun</STRONG> (Thumb, 0 bytes, Stack size unknown bytes, los_dispatch.o(.text))
<BR><BR>[Called By]<UL><LI><a href="#[c2]">&gt;&gt;</a>&nbsp;&nbsp;&nbsp;HalStartSchedule
</UL>

<P><STRONG><a name="[8e]"></a>HalIntLock</STRONG> (Thumb, 0 bytes, Stack size unknown bytes, los_dispatch.o(.text))
<BR><BR>[Called By]<UL><LI><a href="#[8a]">&gt;&gt;</a>&nbsp;&nbsp;&nbsp;LOS_TaskDelay
<LI><a href="#[85]">&gt;&gt;</a>&nbsp;&nbsp;&nbsp;LOS_TaskCreate
<LI><a href="#[bf]">&gt;&gt;</a>&nbsp;&nbsp;&nbsp;HalGetTickCycle
<LI><a href="#[b7]">&gt;&gt;</a>&nbsp;&nbsp;&nbsp;OsDoExcHook
<LI><a href="#[df]">&gt;&gt;</a>&nbsp;&nbsp;&nbsp;LOS_MemIntegrityCheck
<LI><a href="#[69]">&gt;&gt;</a>&nbsp;&nbsp;&nbsp;HalInterrupt
<LI><a href="#[c3]">&gt;&gt;</a>&nbsp;&nbsp;&nbsp;OsSchedStart
<LI><a href="#[59]">&gt;&gt;</a>&nbsp;&nbsp;&nbsp;HalSysExit
<LI><a href="#[c2]">&gt;&gt;</a>&nbsp;&nbsp;&nbsp;HalStartSchedule
<LI><a href="#[123]">&gt;&gt;</a>&nbsp;&nbsp;&nbsp;OsIsPmMode
<LI><a href="#[11f]">&gt;&gt;</a>&nbsp;&nbsp;&nbsp;OsGetNextExpireTime
<LI><a href="#[113]">&gt;&gt;</a>&nbsp;&nbsp;&nbsp;OsDeleteSortLink
<LI><a href="#[110]">&gt;&gt;</a>&nbsp;&nbsp;&nbsp;OsAdd2SortLink
<LI><a href="#[f0]">&gt;&gt;</a>&nbsp;&nbsp;&nbsp;OsSchedTaskEnQueue
<LI><a href="#[108]">&gt;&gt;</a>&nbsp;&nbsp;&nbsp;OsGetCurrSysTimeCycle
<LI><a href="#[ec]">&gt;&gt;</a>&nbsp;&nbsp;&nbsp;LOS_SchedTickHandler
<LI><a href="#[f1]">&gt;&gt;</a>&nbsp;&nbsp;&nbsp;OsTimeSliceUpdate
<LI><a href="#[d6]">&gt;&gt;</a>&nbsp;&nbsp;&nbsp;LOS_MemFree
<LI><a href="#[e7]">&gt;&gt;</a>&nbsp;&nbsp;&nbsp;OsQueueOperate
<LI><a href="#[64]">&gt;&gt;</a>&nbsp;&nbsp;&nbsp;LOS_QueueInfoGet
<LI><a href="#[e4]">&gt;&gt;</a>&nbsp;&nbsp;&nbsp;LOS_QueueCreate
<LI><a href="#[d3]">&gt;&gt;</a>&nbsp;&nbsp;&nbsp;LOS_MemAlloc
<LI><a href="#[c8]">&gt;&gt;</a>&nbsp;&nbsp;&nbsp;LOS_EventDestroy
<LI><a href="#[12d]">&gt;&gt;</a>&nbsp;&nbsp;&nbsp;OsMemExcInfoGetSub
<LI><a href="#[d4]">&gt;&gt;</a>&nbsp;&nbsp;&nbsp;OsMemAlloc
<LI><a href="#[da]">&gt;&gt;</a>&nbsp;&nbsp;&nbsp;OsAllMemNodeDoHandle
<LI><a href="#[137]">&gt;&gt;</a>&nbsp;&nbsp;&nbsp;OsMemboxExcInfoGetSub
<LI><a href="#[d5]">&gt;&gt;</a>&nbsp;&nbsp;&nbsp;LOS_MemAllocAlign
<LI><a href="#[fd]">&gt;&gt;</a>&nbsp;&nbsp;&nbsp;LOS_TaskYield
<LI><a href="#[65]">&gt;&gt;</a>&nbsp;&nbsp;&nbsp;LOS_TaskInfoGet
<LI><a href="#[fe]">&gt;&gt;</a>&nbsp;&nbsp;&nbsp;LOS_TaskDelete
<LI><a href="#[f6]">&gt;&gt;</a>&nbsp;&nbsp;&nbsp;LOS_TaskCreateOnly
<LI><a href="#[f7]">&gt;&gt;</a>&nbsp;&nbsp;&nbsp;OsRecyleFinishedTask
<LI><a href="#[eb]">&gt;&gt;</a>&nbsp;&nbsp;&nbsp;OsExcHookRegister
<LI><a href="#[5c]">&gt;&gt;</a>&nbsp;&nbsp;&nbsp;DoExcHook
<LI><a href="#[ea]">&gt;&gt;</a>&nbsp;&nbsp;&nbsp;LOS_RegExcHook
<LI><a href="#[67]">&gt;&gt;</a>&nbsp;&nbsp;&nbsp;OsPmNormalSleep
<LI><a href="#[13b]">&gt;&gt;</a>&nbsp;&nbsp;&nbsp;OsPmCpuSuspend
<LI><a href="#[d9]">&gt;&gt;</a>&nbsp;&nbsp;&nbsp;LOS_MemInfoGet
</UL>

<P><STRONG><a name="[176]"></a>HalIntUnLock</STRONG> (Thumb, 0 bytes, Stack size unknown bytes, los_dispatch.o(.text), UNUSED)

<P><STRONG><a name="[90]"></a>HalIntRestore</STRONG> (Thumb, 0 bytes, Stack size unknown bytes, los_dispatch.o(.text))
<BR><BR>[Called By]<UL><LI><a href="#[8a]">&gt;&gt;</a>&nbsp;&nbsp;&nbsp;LOS_TaskDelay
<LI><a href="#[85]">&gt;&gt;</a>&nbsp;&nbsp;&nbsp;LOS_TaskCreate
<LI><a href="#[bf]">&gt;&gt;</a>&nbsp;&nbsp;&nbsp;HalGetTickCycle
<LI><a href="#[b7]">&gt;&gt;</a>&nbsp;&nbsp;&nbsp;OsDoExcHook
<LI><a href="#[df]">&gt;&gt;</a>&nbsp;&nbsp;&nbsp;LOS_MemIntegrityCheck
<LI><a href="#[69]">&gt;&gt;</a>&nbsp;&nbsp;&nbsp;HalInterrupt
<LI><a href="#[123]">&gt;&gt;</a>&nbsp;&nbsp;&nbsp;OsIsPmMode
<LI><a href="#[11f]">&gt;&gt;</a>&nbsp;&nbsp;&nbsp;OsGetNextExpireTime
<LI><a href="#[113]">&gt;&gt;</a>&nbsp;&nbsp;&nbsp;OsDeleteSortLink
<LI><a href="#[110]">&gt;&gt;</a>&nbsp;&nbsp;&nbsp;OsAdd2SortLink
<LI><a href="#[108]">&gt;&gt;</a>&nbsp;&nbsp;&nbsp;OsGetCurrSysTimeCycle
<LI><a href="#[ec]">&gt;&gt;</a>&nbsp;&nbsp;&nbsp;LOS_SchedTickHandler
<LI><a href="#[d6]">&gt;&gt;</a>&nbsp;&nbsp;&nbsp;LOS_MemFree
<LI><a href="#[e7]">&gt;&gt;</a>&nbsp;&nbsp;&nbsp;OsQueueOperate
<LI><a href="#[64]">&gt;&gt;</a>&nbsp;&nbsp;&nbsp;LOS_QueueInfoGet
<LI><a href="#[e4]">&gt;&gt;</a>&nbsp;&nbsp;&nbsp;LOS_QueueCreate
<LI><a href="#[d3]">&gt;&gt;</a>&nbsp;&nbsp;&nbsp;LOS_MemAlloc
<LI><a href="#[c8]">&gt;&gt;</a>&nbsp;&nbsp;&nbsp;LOS_EventDestroy
<LI><a href="#[e1]">&gt;&gt;</a>&nbsp;&nbsp;&nbsp;OsMemIntegrityCheckError
<LI><a href="#[12d]">&gt;&gt;</a>&nbsp;&nbsp;&nbsp;OsMemExcInfoGetSub
<LI><a href="#[d4]">&gt;&gt;</a>&nbsp;&nbsp;&nbsp;OsMemAlloc
<LI><a href="#[da]">&gt;&gt;</a>&nbsp;&nbsp;&nbsp;OsAllMemNodeDoHandle
<LI><a href="#[137]">&gt;&gt;</a>&nbsp;&nbsp;&nbsp;OsMemboxExcInfoGetSub
<LI><a href="#[d5]">&gt;&gt;</a>&nbsp;&nbsp;&nbsp;LOS_MemAllocAlign
<LI><a href="#[fd]">&gt;&gt;</a>&nbsp;&nbsp;&nbsp;LOS_TaskYield
<LI><a href="#[65]">&gt;&gt;</a>&nbsp;&nbsp;&nbsp;LOS_TaskInfoGet
<LI><a href="#[fe]">&gt;&gt;</a>&nbsp;&nbsp;&nbsp;LOS_TaskDelete
<LI><a href="#[f6]">&gt;&gt;</a>&nbsp;&nbsp;&nbsp;LOS_TaskCreateOnly
<LI><a href="#[f7]">&gt;&gt;</a>&nbsp;&nbsp;&nbsp;OsRecyleFinishedTask
<LI><a href="#[eb]">&gt;&gt;</a>&nbsp;&nbsp;&nbsp;OsExcHookRegister
<LI><a href="#[5c]">&gt;&gt;</a>&nbsp;&nbsp;&nbsp;DoExcHook
<LI><a href="#[ea]">&gt;&gt;</a>&nbsp;&nbsp;&nbsp;LOS_RegExcHook
<LI><a href="#[67]">&gt;&gt;</a>&nbsp;&nbsp;&nbsp;OsPmNormalSleep
<LI><a href="#[d9]">&gt;&gt;</a>&nbsp;&nbsp;&nbsp;LOS_MemInfoGet
</UL>

<P><STRONG><a name="[f3]"></a>HalTaskSchedule</STRONG> (Thumb, 0 bytes, Stack size unknown bytes, los_dispatch.o(.text))
<BR><BR>[Called By]<UL><LI><a href="#[ec]">&gt;&gt;</a>&nbsp;&nbsp;&nbsp;LOS_SchedTickHandler
<LI><a href="#[f4]">&gt;&gt;</a>&nbsp;&nbsp;&nbsp;LOS_Schedule
</UL>

<P><STRONG><a name="[58]"></a>HalPendSV</STRONG> (Thumb, 0 bytes, Stack size unknown bytes, los_dispatch.o(.text))
<BR><BR>[Stack]<UL><LI>Max Depth = 200 + Unknown Stack Size
<LI>Call Chain = HalPendSV &rArr; OsSchedTaskSwitch &rArr; OsSchedSetNextExpireTime &rArr; OsSchedTickReload &rArr; OsGetCurrSchedTimeCycle &rArr; OsGetCurrSysTimeCycle &rArr; OsLogLevelCheck &rArr;  OsLogLevelCheck (Cycle)
</UL>
<BR>[Calls]<UL><LI><a href="#[72]">&gt;&gt;</a>&nbsp;&nbsp;&nbsp;OsSchedTaskSwitch
</UL>
<BR>[Address Reference Count : 1]<UL><LI> los_interrupt.o(i.HalHwiInit)
</UL>
<P><STRONG><a name="[52]"></a>HalExcNMI</STRONG> (Thumb, 0 bytes, Stack size unknown bytes, los_exc.o(.text))
<BR>[Address Reference Count : 1]<UL><LI> los_interrupt.o(i.HalHwiInit)
</UL>
<P><STRONG><a name="[53]"></a>HalExcHardFault</STRONG> (Thumb, 0 bytes, Stack size unknown bytes, los_exc.o(.text))
<BR>[Address Reference Count : 1]<UL><LI> los_interrupt.o(i.HalHwiInit)
</UL>
<P><STRONG><a name="[57]"></a>HalExcSvcCall</STRONG> (Thumb, 0 bytes, Stack size unknown bytes, los_exc.o(.text))
<BR>[Address Reference Count : 1]<UL><LI> los_interrupt.o(i.HalHwiInit)
</UL>
<P><STRONG><a name="[55]"></a>HalExcBusFault</STRONG> (Thumb, 0 bytes, Stack size unknown bytes, los_exc.o(.text))
<BR>[Address Reference Count : 1]<UL><LI> los_interrupt.o(i.HalHwiInit)
</UL>
<P><STRONG><a name="[54]"></a>HalExcMemFault</STRONG> (Thumb, 0 bytes, Stack size unknown bytes, los_exc.o(.text))
<BR>[Address Reference Count : 1]<UL><LI> los_interrupt.o(i.HalHwiInit)
</UL>
<P><STRONG><a name="[56]"></a>HalExcUsageFault</STRONG> (Thumb, 0 bytes, Stack size unknown bytes, los_exc.o(.text))
<BR><BR>[Stack]<UL><LI>Max Depth = 768 + Unknown Stack Size
<LI>Call Chain = HalExcUsageFault &rArr; HalExcHandleEntry &rArr; OsExcMemPoolCheckInfo &rArr; LOS_MemIntegrityCheck &rArr; OsMemIntegrityCheck &rArr; OsMemPoolHeadCheck &rArr; OsLogLevelCheck &rArr;  OsLogLevelCheck (Cycle)
</UL>
<BR>[Calls]<UL><LI><a href="#[73]">&gt;&gt;</a>&nbsp;&nbsp;&nbsp;HalExcHandleEntry
</UL>
<BR>[Address Reference Count : 1]<UL><LI> los_interrupt.o(i.HalHwiInit)
</UL>
<P><STRONG><a name="[74]"></a>__aeabi_uldivmod</STRONG> (Thumb, 98 bytes, Stack size 40 bytes, uldiv.o(.text))
<BR><BR>[Stack]<UL><LI>Max Depth = 40<LI>Call Chain = __aeabi_uldivmod
</UL>
<BR>[Calls]<UL><LI><a href="#[75]">&gt;&gt;</a>&nbsp;&nbsp;&nbsp;__aeabi_llsr
<LI><a href="#[76]">&gt;&gt;</a>&nbsp;&nbsp;&nbsp;__aeabi_llsl
</UL>
<BR>[Called By]<UL><LI><a href="#[14d]">&gt;&gt;</a>&nbsp;&nbsp;&nbsp;OsSwtmrCalcStartTime
<LI><a href="#[107]">&gt;&gt;</a>&nbsp;&nbsp;&nbsp;LOS_TickCountGet
<LI><a href="#[6b]">&gt;&gt;</a>&nbsp;&nbsp;&nbsp;OsSwtmrTask
<LI><a href="#[163]">&gt;&gt;</a>&nbsp;&nbsp;&nbsp;_printf_core
<LI><a href="#[165]">&gt;&gt;</a>&nbsp;&nbsp;&nbsp;_fp_digits
</UL>

<P><STRONG><a name="[75]"></a>__aeabi_llsr</STRONG> (Thumb, 32 bytes, Stack size 0 bytes, llushr.o(.text))
<BR><BR>[Called By]<UL><LI><a href="#[7c]">&gt;&gt;</a>&nbsp;&nbsp;&nbsp;__aeabi_d2ulz
<LI><a href="#[74]">&gt;&gt;</a>&nbsp;&nbsp;&nbsp;__aeabi_uldivmod
<LI><a href="#[7d]">&gt;&gt;</a>&nbsp;&nbsp;&nbsp;_double_epilogue
</UL>

<P><STRONG><a name="[177]"></a>_ll_ushift_r</STRONG> (Thumb, 0 bytes, Stack size 0 bytes, llushr.o(.text), UNUSED)

<P><STRONG><a name="[16c]"></a>__aeabi_memcpy</STRONG> (Thumb, 36 bytes, Stack size 0 bytes, memcpya.o(.text))
<BR><BR>[Called By]<UL><LI><a href="#[116]">&gt;&gt;</a>&nbsp;&nbsp;&nbsp;memcpy_s
<LI><a href="#[104]">&gt;&gt;</a>&nbsp;&nbsp;&nbsp;strncpy_s
</UL>

<P><STRONG><a name="[11a]"></a>__aeabi_memcpy4</STRONG> (Thumb, 0 bytes, Stack size 0 bytes, memcpya.o(.text))
<BR><BR>[Called By]<UL><LI><a href="#[bd]">&gt;&gt;</a>&nbsp;&nbsp;&nbsp;OsExcNvicDump
</UL>

<P><STRONG><a name="[178]"></a>__aeabi_memcpy8</STRONG> (Thumb, 0 bytes, Stack size 0 bytes, memcpya.o(.text), UNUSED)

<P><STRONG><a name="[78]"></a>__aeabi_memset</STRONG> (Thumb, 14 bytes, Stack size 0 bytes, memseta.o(.text))
<BR><BR>[Called By]<UL><LI><a href="#[c7]">&gt;&gt;</a>&nbsp;&nbsp;&nbsp;memset_s
<LI><a href="#[79]">&gt;&gt;</a>&nbsp;&nbsp;&nbsp;_memset$wrapper
<LI><a href="#[77]">&gt;&gt;</a>&nbsp;&nbsp;&nbsp;__aeabi_memclr
<LI><a href="#[155]">&gt;&gt;</a>&nbsp;&nbsp;&nbsp;SecMemsetError
</UL>

<P><STRONG><a name="[179]"></a>__aeabi_memset4</STRONG> (Thumb, 0 bytes, Stack size 0 bytes, memseta.o(.text), UNUSED)

<P><STRONG><a name="[17a]"></a>__aeabi_memset8</STRONG> (Thumb, 0 bytes, Stack size 0 bytes, memseta.o(.text), UNUSED)

<P><STRONG><a name="[77]"></a>__aeabi_memclr</STRONG> (Thumb, 4 bytes, Stack size 0 bytes, memseta.o(.text))
<BR><BR>[Calls]<UL><LI><a href="#[78]">&gt;&gt;</a>&nbsp;&nbsp;&nbsp;__aeabi_memset
</UL>
<BR>[Called By]<UL><LI><a href="#[154]">&gt;&gt;</a>&nbsp;&nbsp;&nbsp;SecMemcpyError
</UL>

<P><STRONG><a name="[115]"></a>__aeabi_memclr4</STRONG> (Thumb, 0 bytes, Stack size 0 bytes, memseta.o(.text))
<BR><BR>[Called By]<UL><LI><a href="#[157]">&gt;&gt;</a>&nbsp;&nbsp;&nbsp;SystemClock_Config
<LI><a href="#[bb]">&gt;&gt;</a>&nbsp;&nbsp;&nbsp;OsExcBackTraceInfo
<LI><a href="#[12a]">&gt;&gt;</a>&nbsp;&nbsp;&nbsp;OsMemInfoPrint
</UL>

<P><STRONG><a name="[17b]"></a>__aeabi_memclr8</STRONG> (Thumb, 0 bytes, Stack size 0 bytes, memseta.o(.text), UNUSED)

<P><STRONG><a name="[79]"></a>_memset$wrapper</STRONG> (Thumb, 18 bytes, Stack size 8 bytes, memseta.o(.text), UNUSED)
<BR><BR>[Calls]<UL><LI><a href="#[78]">&gt;&gt;</a>&nbsp;&nbsp;&nbsp;__aeabi_memset
</UL>

<P><STRONG><a name="[161]"></a>strstr</STRONG> (Thumb, 36 bytes, Stack size 12 bytes, strstr.o(.text))
<BR><BR>[Stack]<UL><LI>Max Depth = 12<LI>Call Chain = strstr
</UL>
<BR>[Called By]<UL><LI><a href="#[49]">&gt;&gt;</a>&nbsp;&nbsp;&nbsp;VoiceTask
</UL>

<P><STRONG><a name="[88]"></a>strcpy</STRONG> (Thumb, 18 bytes, Stack size 0 bytes, strcpy.o(.text))
<BR><BR>[Called By]<UL><LI><a href="#[4b]">&gt;&gt;</a>&nbsp;&nbsp;&nbsp;DisplayTask
</UL>

<P><STRONG><a name="[7a]"></a>__aeabi_ddiv</STRONG> (Thumb, 222 bytes, Stack size 32 bytes, ddiv.o(.text), UNUSED)
<BR><BR>[Calls]<UL><LI><a href="#[7b]">&gt;&gt;</a>&nbsp;&nbsp;&nbsp;_double_round
</UL>
<BR>[Called By]<UL><LI><a href="#[165]">&gt;&gt;</a>&nbsp;&nbsp;&nbsp;_fp_digits
</UL>

<P><STRONG><a name="[7c]"></a>__aeabi_d2ulz</STRONG> (Thumb, 48 bytes, Stack size 0 bytes, dfixul.o(.text), UNUSED)
<BR><BR>[Calls]<UL><LI><a href="#[75]">&gt;&gt;</a>&nbsp;&nbsp;&nbsp;__aeabi_llsr
<LI><a href="#[76]">&gt;&gt;</a>&nbsp;&nbsp;&nbsp;__aeabi_llsl
</UL>
<BR>[Called By]<UL><LI><a href="#[165]">&gt;&gt;</a>&nbsp;&nbsp;&nbsp;_fp_digits
</UL>

<P><STRONG><a name="[17c]"></a>__aeabi_uidiv</STRONG> (Thumb, 0 bytes, Stack size 12 bytes, uidiv.o(.text), UNUSED)

<P><STRONG><a name="[169]"></a>__aeabi_uidivmod</STRONG> (Thumb, 44 bytes, Stack size 12 bytes, uidiv.o(.text), UNUSED)
<BR><BR>[Called By]<UL><LI><a href="#[163]">&gt;&gt;</a>&nbsp;&nbsp;&nbsp;_printf_core
</UL>

<P><STRONG><a name="[76]"></a>__aeabi_llsl</STRONG> (Thumb, 30 bytes, Stack size 0 bytes, llshl.o(.text))
<BR><BR>[Called By]<UL><LI><a href="#[7c]">&gt;&gt;</a>&nbsp;&nbsp;&nbsp;__aeabi_d2ulz
<LI><a href="#[74]">&gt;&gt;</a>&nbsp;&nbsp;&nbsp;__aeabi_uldivmod
<LI><a href="#[7d]">&gt;&gt;</a>&nbsp;&nbsp;&nbsp;_double_epilogue
<LI><a href="#[7e]">&gt;&gt;</a>&nbsp;&nbsp;&nbsp;__aeabi_dadd
</UL>

<P><STRONG><a name="[17d]"></a>_ll_shift_l</STRONG> (Thumb, 0 bytes, Stack size 0 bytes, llshl.o(.text), UNUSED)

<P><STRONG><a name="[17e]"></a>__I$use$fp</STRONG> (Thumb, 0 bytes, Stack size 8 bytes, iusefp.o(.text), UNUSED)

<P><STRONG><a name="[7b]"></a>_double_round</STRONG> (Thumb, 30 bytes, Stack size 8 bytes, depilogue.o(.text), UNUSED)
<BR><BR>[Called By]<UL><LI><a href="#[7a]">&gt;&gt;</a>&nbsp;&nbsp;&nbsp;__aeabi_ddiv
<LI><a href="#[7d]">&gt;&gt;</a>&nbsp;&nbsp;&nbsp;_double_epilogue
<LI><a href="#[7e]">&gt;&gt;</a>&nbsp;&nbsp;&nbsp;__aeabi_dadd
</UL>

<P><STRONG><a name="[7d]"></a>_double_epilogue</STRONG> (Thumb, 156 bytes, Stack size 32 bytes, depilogue.o(.text), UNUSED)
<BR><BR>[Calls]<UL><LI><a href="#[75]">&gt;&gt;</a>&nbsp;&nbsp;&nbsp;__aeabi_llsr
<LI><a href="#[76]">&gt;&gt;</a>&nbsp;&nbsp;&nbsp;__aeabi_llsl
<LI><a href="#[7b]">&gt;&gt;</a>&nbsp;&nbsp;&nbsp;_double_round
</UL>
<BR>[Called By]<UL><LI><a href="#[82]">&gt;&gt;</a>&nbsp;&nbsp;&nbsp;__aeabi_dmul
<LI><a href="#[7e]">&gt;&gt;</a>&nbsp;&nbsp;&nbsp;__aeabi_dadd
</UL>

<P><STRONG><a name="[7e]"></a>__aeabi_dadd</STRONG> (Thumb, 322 bytes, Stack size 48 bytes, dadd.o(.text), UNUSED)
<BR><BR>[Calls]<UL><LI><a href="#[7f]">&gt;&gt;</a>&nbsp;&nbsp;&nbsp;__aeabi_lasr
<LI><a href="#[76]">&gt;&gt;</a>&nbsp;&nbsp;&nbsp;__aeabi_llsl
<LI><a href="#[7d]">&gt;&gt;</a>&nbsp;&nbsp;&nbsp;_double_epilogue
<LI><a href="#[7b]">&gt;&gt;</a>&nbsp;&nbsp;&nbsp;_double_round
</UL>
<BR>[Called By]<UL><LI><a href="#[81]">&gt;&gt;</a>&nbsp;&nbsp;&nbsp;__aeabi_drsub
<LI><a href="#[80]">&gt;&gt;</a>&nbsp;&nbsp;&nbsp;__aeabi_dsub
<LI><a href="#[165]">&gt;&gt;</a>&nbsp;&nbsp;&nbsp;_fp_digits
</UL>

<P><STRONG><a name="[80]"></a>__aeabi_dsub</STRONG> (Thumb, 6 bytes, Stack size 0 bytes, dadd.o(.text), UNUSED)
<BR><BR>[Calls]<UL><LI><a href="#[7e]">&gt;&gt;</a>&nbsp;&nbsp;&nbsp;__aeabi_dadd
</UL>

<P><STRONG><a name="[81]"></a>__aeabi_drsub</STRONG> (Thumb, 6 bytes, Stack size 0 bytes, dadd.o(.text), UNUSED)
<BR><BR>[Calls]<UL><LI><a href="#[7e]">&gt;&gt;</a>&nbsp;&nbsp;&nbsp;__aeabi_dadd
</UL>

<P><STRONG><a name="[82]"></a>__aeabi_dmul</STRONG> (Thumb, 228 bytes, Stack size 48 bytes, dmul.o(.text), UNUSED)
<BR><BR>[Calls]<UL><LI><a href="#[7d]">&gt;&gt;</a>&nbsp;&nbsp;&nbsp;_double_epilogue
</UL>
<BR>[Called By]<UL><LI><a href="#[165]">&gt;&gt;</a>&nbsp;&nbsp;&nbsp;_fp_digits
</UL>

<P><STRONG><a name="[166]"></a>__aeabi_cdrcmple</STRONG> (Thumb, 48 bytes, Stack size 0 bytes, cdrcmple.o(.text), UNUSED)
<BR><BR>[Called By]<UL><LI><a href="#[165]">&gt;&gt;</a>&nbsp;&nbsp;&nbsp;_fp_digits
</UL>

<P><STRONG><a name="[71]"></a>__scatterload</STRONG> (Thumb, 28 bytes, Stack size 0 bytes, init.o(.text))
<BR><BR>[Calls]<UL><LI><a href="#[83]">&gt;&gt;</a>&nbsp;&nbsp;&nbsp;__main_after_scatterload
</UL>
<BR>[Called By]<UL><LI><a href="#[70]">&gt;&gt;</a>&nbsp;&nbsp;&nbsp;_main_scatterload
</UL>

<P><STRONG><a name="[17f]"></a>__scatterload_rt2</STRONG> (Thumb, 0 bytes, Stack size 0 bytes, init.o(.text), UNUSED)

<P><STRONG><a name="[7f]"></a>__aeabi_lasr</STRONG> (Thumb, 36 bytes, Stack size 0 bytes, llsshr.o(.text), UNUSED)
<BR><BR>[Called By]<UL><LI><a href="#[7e]">&gt;&gt;</a>&nbsp;&nbsp;&nbsp;__aeabi_dadd
</UL>

<P><STRONG><a name="[180]"></a>_ll_sshift_r</STRONG> (Thumb, 0 bytes, Stack size 0 bytes, llsshr.o(.text), UNUSED)

<P><STRONG><a name="[181]"></a>__decompress</STRONG> (Thumb, 0 bytes, Stack size unknown bytes, __dczerorl2.o(.text), UNUSED)

<P><STRONG><a name="[182]"></a>__decompress1</STRONG> (Thumb, 86 bytes, Stack size unknown bytes, __dczerorl2.o(.text), UNUSED)

<P><STRONG><a name="[4]"></a>BusFault_Handler</STRONG> (Thumb, 2 bytes, Stack size 0 bytes, stm32f1xx_it.o(i.BusFault_Handler))
<BR><BR>[Calls]<UL><LI><a href="#[4]">&gt;&gt;</a>&nbsp;&nbsp;&nbsp;BusFault_Handler
</UL>
<BR>[Called By]<UL><LI><a href="#[4]">&gt;&gt;</a>&nbsp;&nbsp;&nbsp;BusFault_Handler
</UL>
<BR>[Address Reference Count : 1]<UL><LI> startup_stm32f103xe.o(RESET)
</UL>
<P><STRONG><a name="[17]"></a>DMA1_Channel3_IRQHandler</STRONG> (Thumb, 6 bytes, Stack size 0 bytes, stm32f1xx_it.o(i.DMA1_Channel3_IRQHandler))
<BR><BR>[Stack]<UL><LI>Max Depth = 40<LI>Call Chain = DMA1_Channel3_IRQHandler &rArr; HAL_DMA_IRQHandler
</UL>
<BR>[Calls]<UL><LI><a href="#[87]">&gt;&gt;</a>&nbsp;&nbsp;&nbsp;HAL_DMA_IRQHandler
</UL>
<BR>[Address Reference Count : 2]<UL><LI> startup_stm32f103xe.o(RESET)
<LI> los_interrupt.o(i.HalHwiInit)
</UL>
<P><STRONG><a name="[19]"></a>DMA1_Channel5_IRQHandler</STRONG> (Thumb, 6 bytes, Stack size 0 bytes, stm32f1xx_it.o(i.DMA1_Channel5_IRQHandler))
<BR><BR>[Stack]<UL><LI>Max Depth = 40<LI>Call Chain = DMA1_Channel5_IRQHandler &rArr; HAL_DMA_IRQHandler
</UL>
<BR>[Calls]<UL><LI><a href="#[87]">&gt;&gt;</a>&nbsp;&nbsp;&nbsp;HAL_DMA_IRQHandler
</UL>
<BR>[Address Reference Count : 2]<UL><LI> startup_stm32f103xe.o(RESET)
<LI> los_interrupt.o(i.HalHwiInit)
</UL>
<P><STRONG><a name="[1a]"></a>DMA1_Channel6_IRQHandler</STRONG> (Thumb, 6 bytes, Stack size 0 bytes, stm32f1xx_it.o(i.DMA1_Channel6_IRQHandler))
<BR><BR>[Stack]<UL><LI>Max Depth = 40<LI>Call Chain = DMA1_Channel6_IRQHandler &rArr; HAL_DMA_IRQHandler
</UL>
<BR>[Calls]<UL><LI><a href="#[87]">&gt;&gt;</a>&nbsp;&nbsp;&nbsp;HAL_DMA_IRQHandler
</UL>
<BR>[Address Reference Count : 2]<UL><LI> startup_stm32f103xe.o(RESET)
<LI> los_interrupt.o(i.HalHwiInit)
</UL>
<P><STRONG><a name="[1b]"></a>DMA1_Channel7_IRQHandler</STRONG> (Thumb, 6 bytes, Stack size 0 bytes, stm32f1xx_it.o(i.DMA1_Channel7_IRQHandler))
<BR><BR>[Stack]<UL><LI>Max Depth = 40<LI>Call Chain = DMA1_Channel7_IRQHandler &rArr; HAL_DMA_IRQHandler
</UL>
<BR>[Calls]<UL><LI><a href="#[87]">&gt;&gt;</a>&nbsp;&nbsp;&nbsp;HAL_DMA_IRQHandler
</UL>
<BR>[Address Reference Count : 2]<UL><LI> startup_stm32f103xe.o(RESET)
<LI> los_interrupt.o(i.HalHwiInit)
</UL>
<P><STRONG><a name="[44]"></a>DMA2_Channel3_IRQHandler</STRONG> (Thumb, 6 bytes, Stack size 0 bytes, stm32f1xx_it.o(i.DMA2_Channel3_IRQHandler))
<BR><BR>[Stack]<UL><LI>Max Depth = 40<LI>Call Chain = DMA2_Channel3_IRQHandler &rArr; HAL_DMA_IRQHandler
</UL>
<BR>[Calls]<UL><LI><a href="#[87]">&gt;&gt;</a>&nbsp;&nbsp;&nbsp;HAL_DMA_IRQHandler
</UL>
<BR>[Address Reference Count : 2]<UL><LI> startup_stm32f103xe.o(RESET)
<LI> los_interrupt.o(i.HalHwiInit)
</UL>
<P><STRONG><a name="[45]"></a>DMA2_Channel4_5_IRQHandler</STRONG> (Thumb, 6 bytes, Stack size 0 bytes, stm32f1xx_it.o(i.DMA2_Channel4_5_IRQHandler))
<BR><BR>[Stack]<UL><LI>Max Depth = 40<LI>Call Chain = DMA2_Channel4_5_IRQHandler &rArr; HAL_DMA_IRQHandler
</UL>
<BR>[Calls]<UL><LI><a href="#[87]">&gt;&gt;</a>&nbsp;&nbsp;&nbsp;HAL_DMA_IRQHandler
</UL>
<BR>[Address Reference Count : 2]<UL><LI> startup_stm32f103xe.o(RESET)
<LI> los_interrupt.o(i.HalHwiInit)
</UL>
<P><STRONG><a name="[7]"></a>DebugMon_Handler</STRONG> (Thumb, 2 bytes, Stack size 0 bytes, stm32f1xx_it.o(i.DebugMon_Handler))
<BR>[Address Reference Count : 1]<UL><LI> startup_stm32f103xe.o(RESET)
</UL>
<P><STRONG><a name="[ae]"></a>Error_Handler</STRONG> (Thumb, 4 bytes, Stack size 0 bytes, main.o(i.Error_Handler))
<BR><BR>[Called By]<UL><LI><a href="#[aa]">&gt;&gt;</a>&nbsp;&nbsp;&nbsp;HAL_UART_MspInit
<LI><a href="#[10f]">&gt;&gt;</a>&nbsp;&nbsp;&nbsp;MX_USART3_UART_Init
<LI><a href="#[10e]">&gt;&gt;</a>&nbsp;&nbsp;&nbsp;MX_USART2_UART_Init
<LI><a href="#[10d]">&gt;&gt;</a>&nbsp;&nbsp;&nbsp;MX_USART1_UART_Init
<LI><a href="#[10c]">&gt;&gt;</a>&nbsp;&nbsp;&nbsp;MX_UART4_Init
</UL>

<P><STRONG><a name="[a0]"></a>HAL_DMA_Abort</STRONG> (Thumb, 70 bytes, Stack size 8 bytes, stm32f1xx_hal_dma.o(i.HAL_DMA_Abort))
<BR><BR>[Stack]<UL><LI>Max Depth = 8<LI>Call Chain = HAL_DMA_Abort
</UL>
<BR>[Called By]<UL><LI><a href="#[a3]">&gt;&gt;</a>&nbsp;&nbsp;&nbsp;HAL_UART_IRQHandler
<LI><a href="#[9f]">&gt;&gt;</a>&nbsp;&nbsp;&nbsp;HAL_UART_DMAStop
</UL>

<P><STRONG><a name="[a5]"></a>HAL_DMA_Abort_IT</STRONG> (Thumb, 296 bytes, Stack size 40 bytes, stm32f1xx_hal_dma.o(i.HAL_DMA_Abort_IT))
<BR><BR>[Stack]<UL><LI>Max Depth = 40<LI>Call Chain = HAL_DMA_Abort_IT
</UL>
<BR>[Called By]<UL><LI><a href="#[a3]">&gt;&gt;</a>&nbsp;&nbsp;&nbsp;HAL_UART_IRQHandler
</UL>

<P><STRONG><a name="[87]"></a>HAL_DMA_IRQHandler</STRONG> (Thumb, 552 bytes, Stack size 40 bytes, stm32f1xx_hal_dma.o(i.HAL_DMA_IRQHandler))
<BR><BR>[Stack]<UL><LI>Max Depth = 40<LI>Call Chain = HAL_DMA_IRQHandler
</UL>
<BR>[Called By]<UL><LI><a href="#[45]">&gt;&gt;</a>&nbsp;&nbsp;&nbsp;DMA2_Channel4_5_IRQHandler
<LI><a href="#[44]">&gt;&gt;</a>&nbsp;&nbsp;&nbsp;DMA2_Channel3_IRQHandler
<LI><a href="#[1b]">&gt;&gt;</a>&nbsp;&nbsp;&nbsp;DMA1_Channel7_IRQHandler
<LI><a href="#[1a]">&gt;&gt;</a>&nbsp;&nbsp;&nbsp;DMA1_Channel6_IRQHandler
<LI><a href="#[19]">&gt;&gt;</a>&nbsp;&nbsp;&nbsp;DMA1_Channel5_IRQHandler
<LI><a href="#[17]">&gt;&gt;</a>&nbsp;&nbsp;&nbsp;DMA1_Channel3_IRQHandler
</UL>

<P><STRONG><a name="[ad]"></a>HAL_DMA_Init</STRONG> (Thumb, 112 bytes, Stack size 12 bytes, stm32f1xx_hal_dma.o(i.HAL_DMA_Init))
<BR><BR>[Stack]<UL><LI>Max Depth = 12<LI>Call Chain = HAL_DMA_Init
</UL>
<BR>[Called By]<UL><LI><a href="#[aa]">&gt;&gt;</a>&nbsp;&nbsp;&nbsp;HAL_UART_MspInit
</UL>

<P><STRONG><a name="[91]"></a>HAL_DMA_Start_IT</STRONG> (Thumb, 112 bytes, Stack size 16 bytes, stm32f1xx_hal_dma.o(i.HAL_DMA_Start_IT))
<BR><BR>[Stack]<UL><LI>Max Depth = 28<LI>Call Chain = HAL_DMA_Start_IT &rArr; DMA_SetConfig
</UL>
<BR>[Calls]<UL><LI><a href="#[92]">&gt;&gt;</a>&nbsp;&nbsp;&nbsp;DMA_SetConfig
</UL>
<BR>[Called By]<UL><LI><a href="#[b2]">&gt;&gt;</a>&nbsp;&nbsp;&nbsp;HAL_UART_Transmit_DMA
<LI><a href="#[b1]">&gt;&gt;</a>&nbsp;&nbsp;&nbsp;UART_Start_Receive_DMA
</UL>

<P><STRONG><a name="[93]"></a>HAL_Delay</STRONG> (Thumb, 32 bytes, Stack size 16 bytes, stm32f1xx_hal.o(i.HAL_Delay))
<BR><BR>[Stack]<UL><LI>Max Depth = 16<LI>Call Chain = HAL_Delay
</UL>
<BR>[Calls]<UL><LI><a href="#[94]">&gt;&gt;</a>&nbsp;&nbsp;&nbsp;HAL_GetTick
</UL>
<BR>[Called By]<UL><LI><a href="#[46]">&gt;&gt;</a>&nbsp;&nbsp;&nbsp;main
</UL>

<P><STRONG><a name="[ac]"></a>HAL_GPIO_Init</STRONG> (Thumb, 462 bytes, Stack size 40 bytes, stm32f1xx_hal_gpio.o(i.HAL_GPIO_Init))
<BR><BR>[Stack]<UL><LI>Max Depth = 40<LI>Call Chain = HAL_GPIO_Init
</UL>
<BR>[Called By]<UL><LI><a href="#[aa]">&gt;&gt;</a>&nbsp;&nbsp;&nbsp;HAL_UART_MspInit
<LI><a href="#[10a]">&gt;&gt;</a>&nbsp;&nbsp;&nbsp;MX_GPIO_Init
</UL>

<P><STRONG><a name="[8b]"></a>HAL_GPIO_TogglePin</STRONG> (Thumb, 16 bytes, Stack size 0 bytes, stm32f1xx_hal_gpio.o(i.HAL_GPIO_TogglePin))
<BR><BR>[Called By]<UL><LI><a href="#[46]">&gt;&gt;</a>&nbsp;&nbsp;&nbsp;main
<LI><a href="#[4b]">&gt;&gt;</a>&nbsp;&nbsp;&nbsp;DisplayTask
</UL>

<P><STRONG><a name="[10b]"></a>HAL_GPIO_WritePin</STRONG> (Thumb, 10 bytes, Stack size 0 bytes, stm32f1xx_hal_gpio.o(i.HAL_GPIO_WritePin))
<BR><BR>[Called By]<UL><LI><a href="#[10a]">&gt;&gt;</a>&nbsp;&nbsp;&nbsp;MX_GPIO_Init
</UL>

<P><STRONG><a name="[94]"></a>HAL_GetTick</STRONG> (Thumb, 6 bytes, Stack size 0 bytes, stm32f1xx_hal.o(i.HAL_GetTick))
<BR><BR>[Called By]<UL><LI><a href="#[9e]">&gt;&gt;</a>&nbsp;&nbsp;&nbsp;HAL_RCC_OscConfig
<LI><a href="#[9c]">&gt;&gt;</a>&nbsp;&nbsp;&nbsp;HAL_RCC_ClockConfig
<LI><a href="#[93]">&gt;&gt;</a>&nbsp;&nbsp;&nbsp;HAL_Delay
</UL>

<P><STRONG><a name="[156]"></a>HAL_IncTick</STRONG> (Thumb, 12 bytes, Stack size 0 bytes, stm32f1xx_hal.o(i.HAL_IncTick))
<BR><BR>[Called By]<UL><LI><a href="#[9]">&gt;&gt;</a>&nbsp;&nbsp;&nbsp;SysTick_Handler
</UL>

<P><STRONG><a name="[95]"></a>HAL_Init</STRONG> (Thumb, 32 bytes, Stack size 8 bytes, stm32f1xx_hal.o(i.HAL_Init))
<BR><BR>[Stack]<UL><LI>Max Depth = 40<LI>Call Chain = HAL_Init &rArr; HAL_InitTick &rArr; HAL_NVIC_SetPriority
</UL>
<BR>[Calls]<UL><LI><a href="#[98]">&gt;&gt;</a>&nbsp;&nbsp;&nbsp;HAL_MspInit
<LI><a href="#[97]">&gt;&gt;</a>&nbsp;&nbsp;&nbsp;HAL_InitTick
<LI><a href="#[96]">&gt;&gt;</a>&nbsp;&nbsp;&nbsp;HAL_NVIC_SetPriorityGrouping
</UL>
<BR>[Called By]<UL><LI><a href="#[46]">&gt;&gt;</a>&nbsp;&nbsp;&nbsp;main
</UL>

<P><STRONG><a name="[97]"></a>HAL_InitTick</STRONG> (Thumb, 54 bytes, Stack size 16 bytes, stm32f1xx_hal.o(i.HAL_InitTick))
<BR><BR>[Stack]<UL><LI>Max Depth = 32<LI>Call Chain = HAL_InitTick &rArr; HAL_NVIC_SetPriority
</UL>
<BR>[Calls]<UL><LI><a href="#[9a]">&gt;&gt;</a>&nbsp;&nbsp;&nbsp;HAL_NVIC_SetPriority
<LI><a href="#[99]">&gt;&gt;</a>&nbsp;&nbsp;&nbsp;HAL_SYSTICK_Config
</UL>
<BR>[Called By]<UL><LI><a href="#[9c]">&gt;&gt;</a>&nbsp;&nbsp;&nbsp;HAL_RCC_ClockConfig
<LI><a href="#[95]">&gt;&gt;</a>&nbsp;&nbsp;&nbsp;HAL_Init
</UL>

<P><STRONG><a name="[98]"></a>HAL_MspInit</STRONG> (Thumb, 52 bytes, Stack size 8 bytes, stm32f1xx_hal_msp.o(i.HAL_MspInit))
<BR><BR>[Stack]<UL><LI>Max Depth = 8<LI>Call Chain = HAL_MspInit
</UL>
<BR>[Called By]<UL><LI><a href="#[95]">&gt;&gt;</a>&nbsp;&nbsp;&nbsp;HAL_Init
</UL>

<P><STRONG><a name="[af]"></a>HAL_NVIC_EnableIRQ</STRONG> (Thumb, 26 bytes, Stack size 0 bytes, stm32f1xx_hal_cortex.o(i.HAL_NVIC_EnableIRQ))
<BR><BR>[Called By]<UL><LI><a href="#[aa]">&gt;&gt;</a>&nbsp;&nbsp;&nbsp;HAL_UART_MspInit
<LI><a href="#[109]">&gt;&gt;</a>&nbsp;&nbsp;&nbsp;MX_DMA_Init
</UL>

<P><STRONG><a name="[9a]"></a>HAL_NVIC_SetPriority</STRONG> (Thumb, 60 bytes, Stack size 16 bytes, stm32f1xx_hal_cortex.o(i.HAL_NVIC_SetPriority))
<BR><BR>[Stack]<UL><LI>Max Depth = 16<LI>Call Chain = HAL_NVIC_SetPriority
</UL>
<BR>[Calls]<UL><LI><a href="#[9b]">&gt;&gt;</a>&nbsp;&nbsp;&nbsp;__NVIC_SetPriority
</UL>
<BR>[Called By]<UL><LI><a href="#[aa]">&gt;&gt;</a>&nbsp;&nbsp;&nbsp;HAL_UART_MspInit
<LI><a href="#[109]">&gt;&gt;</a>&nbsp;&nbsp;&nbsp;MX_DMA_Init
<LI><a href="#[97]">&gt;&gt;</a>&nbsp;&nbsp;&nbsp;HAL_InitTick
</UL>

<P><STRONG><a name="[96]"></a>HAL_NVIC_SetPriorityGrouping</STRONG> (Thumb, 26 bytes, Stack size 0 bytes, stm32f1xx_hal_cortex.o(i.HAL_NVIC_SetPriorityGrouping))
<BR><BR>[Called By]<UL><LI><a href="#[95]">&gt;&gt;</a>&nbsp;&nbsp;&nbsp;HAL_Init
</UL>

<P><STRONG><a name="[9c]"></a>HAL_RCC_ClockConfig</STRONG> (Thumb, 280 bytes, Stack size 32 bytes, stm32f1xx_hal_rcc.o(i.HAL_RCC_ClockConfig))
<BR><BR>[Stack]<UL><LI>Max Depth = 64<LI>Call Chain = HAL_RCC_ClockConfig &rArr; HAL_InitTick &rArr; HAL_NVIC_SetPriority
</UL>
<BR>[Calls]<UL><LI><a href="#[9d]">&gt;&gt;</a>&nbsp;&nbsp;&nbsp;HAL_RCC_GetSysClockFreq
<LI><a href="#[97]">&gt;&gt;</a>&nbsp;&nbsp;&nbsp;HAL_InitTick
<LI><a href="#[94]">&gt;&gt;</a>&nbsp;&nbsp;&nbsp;HAL_GetTick
</UL>
<BR>[Called By]<UL><LI><a href="#[157]">&gt;&gt;</a>&nbsp;&nbsp;&nbsp;SystemClock_Config
</UL>

<P><STRONG><a name="[15d]"></a>HAL_RCC_GetPCLK1Freq</STRONG> (Thumb, 20 bytes, Stack size 0 bytes, stm32f1xx_hal_rcc.o(i.HAL_RCC_GetPCLK1Freq))
<BR><BR>[Called By]<UL><LI><a href="#[ab]">&gt;&gt;</a>&nbsp;&nbsp;&nbsp;UART_SetConfig
</UL>

<P><STRONG><a name="[15c]"></a>HAL_RCC_GetPCLK2Freq</STRONG> (Thumb, 20 bytes, Stack size 0 bytes, stm32f1xx_hal_rcc.o(i.HAL_RCC_GetPCLK2Freq))
<BR><BR>[Called By]<UL><LI><a href="#[ab]">&gt;&gt;</a>&nbsp;&nbsp;&nbsp;UART_SetConfig
</UL>

<P><STRONG><a name="[9d]"></a>HAL_RCC_GetSysClockFreq</STRONG> (Thumb, 58 bytes, Stack size 0 bytes, stm32f1xx_hal_rcc.o(i.HAL_RCC_GetSysClockFreq))
<BR><BR>[Called By]<UL><LI><a href="#[9c]">&gt;&gt;</a>&nbsp;&nbsp;&nbsp;HAL_RCC_ClockConfig
</UL>

<P><STRONG><a name="[9e]"></a>HAL_RCC_OscConfig</STRONG> (Thumb, 778 bytes, Stack size 40 bytes, stm32f1xx_hal_rcc.o(i.HAL_RCC_OscConfig))
<BR><BR>[Stack]<UL><LI>Max Depth = 40<LI>Call Chain = HAL_RCC_OscConfig
</UL>
<BR>[Calls]<UL><LI><a href="#[94]">&gt;&gt;</a>&nbsp;&nbsp;&nbsp;HAL_GetTick
</UL>
<BR>[Called By]<UL><LI><a href="#[157]">&gt;&gt;</a>&nbsp;&nbsp;&nbsp;SystemClock_Config
</UL>

<P><STRONG><a name="[99]"></a>HAL_SYSTICK_Config</STRONG> (Thumb, 40 bytes, Stack size 8 bytes, stm32f1xx_hal_cortex.o(i.HAL_SYSTICK_Config))
<BR><BR>[Stack]<UL><LI>Max Depth = 8<LI>Call Chain = HAL_SYSTICK_Config
</UL>
<BR>[Calls]<UL><LI><a href="#[9b]">&gt;&gt;</a>&nbsp;&nbsp;&nbsp;__NVIC_SetPriority
</UL>
<BR>[Called By]<UL><LI><a href="#[97]">&gt;&gt;</a>&nbsp;&nbsp;&nbsp;HAL_InitTick
</UL>

<P><STRONG><a name="[a7]"></a>HAL_UARTEx_RxEventCallback</STRONG> (Thumb, 2 bytes, Stack size 0 bytes, stm32f1xx_hal_uart.o(i.HAL_UARTEx_RxEventCallback))
<BR><BR>[Called By]<UL><LI><a href="#[a4]">&gt;&gt;</a>&nbsp;&nbsp;&nbsp;UART_Receive_IT
<LI><a href="#[6d]">&gt;&gt;</a>&nbsp;&nbsp;&nbsp;UART_DMARxHalfCplt
<LI><a href="#[6c]">&gt;&gt;</a>&nbsp;&nbsp;&nbsp;UART_DMAReceiveCplt
<LI><a href="#[a3]">&gt;&gt;</a>&nbsp;&nbsp;&nbsp;HAL_UART_IRQHandler
</UL>

<P><STRONG><a name="[9f]"></a>HAL_UART_DMAStop</STRONG> (Thumb, 112 bytes, Stack size 8 bytes, stm32f1xx_hal_uart.o(i.HAL_UART_DMAStop))
<BR><BR>[Stack]<UL><LI>Max Depth = 16<LI>Call Chain = HAL_UART_DMAStop &rArr; HAL_DMA_Abort
</UL>
<BR>[Calls]<UL><LI><a href="#[a1]">&gt;&gt;</a>&nbsp;&nbsp;&nbsp;UART_EndTxTransfer
<LI><a href="#[a2]">&gt;&gt;</a>&nbsp;&nbsp;&nbsp;UART_EndRxTransfer
<LI><a href="#[a0]">&gt;&gt;</a>&nbsp;&nbsp;&nbsp;HAL_DMA_Abort
</UL>
<BR>[Called By]<UL><LI><a href="#[158]">&gt;&gt;</a>&nbsp;&nbsp;&nbsp;USART4_ReceiveIDLE
<LI><a href="#[160]">&gt;&gt;</a>&nbsp;&nbsp;&nbsp;USART3_ReceiveIDLE
<LI><a href="#[15f]">&gt;&gt;</a>&nbsp;&nbsp;&nbsp;USART2_ReceiveIDLE
<LI><a href="#[15e]">&gt;&gt;</a>&nbsp;&nbsp;&nbsp;USART1_ReceiveIDLE
</UL>

<P><STRONG><a name="[a6]"></a>HAL_UART_ErrorCallback</STRONG> (Thumb, 2 bytes, Stack size 0 bytes, stm32f1xx_hal_uart.o(i.HAL_UART_ErrorCallback))
<BR><BR>[Called By]<UL><LI><a href="#[4f]">&gt;&gt;</a>&nbsp;&nbsp;&nbsp;UART_DMAError
<LI><a href="#[4c]">&gt;&gt;</a>&nbsp;&nbsp;&nbsp;UART_DMAAbortOnError
<LI><a href="#[a3]">&gt;&gt;</a>&nbsp;&nbsp;&nbsp;HAL_UART_IRQHandler
</UL>

<P><STRONG><a name="[a3]"></a>HAL_UART_IRQHandler</STRONG> (Thumb, 616 bytes, Stack size 24 bytes, stm32f1xx_hal_uart.o(i.HAL_UART_IRQHandler))
<BR><BR>[Stack]<UL><LI>Max Depth = 64<LI>Call Chain = HAL_UART_IRQHandler &rArr; HAL_DMA_Abort_IT
</UL>
<BR>[Calls]<UL><LI><a href="#[a4]">&gt;&gt;</a>&nbsp;&nbsp;&nbsp;UART_Receive_IT
<LI><a href="#[a2]">&gt;&gt;</a>&nbsp;&nbsp;&nbsp;UART_EndRxTransfer
<LI><a href="#[a8]">&gt;&gt;</a>&nbsp;&nbsp;&nbsp;HAL_UART_TxCpltCallback
<LI><a href="#[a6]">&gt;&gt;</a>&nbsp;&nbsp;&nbsp;HAL_UART_ErrorCallback
<LI><a href="#[a7]">&gt;&gt;</a>&nbsp;&nbsp;&nbsp;HAL_UARTEx_RxEventCallback
<LI><a href="#[a5]">&gt;&gt;</a>&nbsp;&nbsp;&nbsp;HAL_DMA_Abort_IT
<LI><a href="#[a0]">&gt;&gt;</a>&nbsp;&nbsp;&nbsp;HAL_DMA_Abort
</UL>
<BR>[Called By]<UL><LI><a href="#[31]">&gt;&gt;</a>&nbsp;&nbsp;&nbsp;USART3_IRQHandler
<LI><a href="#[30]">&gt;&gt;</a>&nbsp;&nbsp;&nbsp;USART2_IRQHandler
<LI><a href="#[2f]">&gt;&gt;</a>&nbsp;&nbsp;&nbsp;USART1_IRQHandler
<LI><a href="#[3e]">&gt;&gt;</a>&nbsp;&nbsp;&nbsp;UART4_IRQHandler
</UL>

<P><STRONG><a name="[a9]"></a>HAL_UART_Init</STRONG> (Thumb, 100 bytes, Stack size 16 bytes, stm32f1xx_hal_uart.o(i.HAL_UART_Init))
<BR><BR>[Stack]<UL><LI>Max Depth = 112<LI>Call Chain = HAL_UART_Init &rArr; HAL_UART_MspInit &rArr; HAL_GPIO_Init
</UL>
<BR>[Calls]<UL><LI><a href="#[ab]">&gt;&gt;</a>&nbsp;&nbsp;&nbsp;UART_SetConfig
<LI><a href="#[aa]">&gt;&gt;</a>&nbsp;&nbsp;&nbsp;HAL_UART_MspInit
</UL>
<BR>[Called By]<UL><LI><a href="#[10f]">&gt;&gt;</a>&nbsp;&nbsp;&nbsp;MX_USART3_UART_Init
<LI><a href="#[10e]">&gt;&gt;</a>&nbsp;&nbsp;&nbsp;MX_USART2_UART_Init
<LI><a href="#[10d]">&gt;&gt;</a>&nbsp;&nbsp;&nbsp;MX_USART1_UART_Init
<LI><a href="#[10c]">&gt;&gt;</a>&nbsp;&nbsp;&nbsp;MX_UART4_Init
</UL>

<P><STRONG><a name="[aa]"></a>HAL_UART_MspInit</STRONG> (Thumb, 616 bytes, Stack size 56 bytes, usart.o(i.HAL_UART_MspInit))
<BR><BR>[Stack]<UL><LI>Max Depth = 96<LI>Call Chain = HAL_UART_MspInit &rArr; HAL_GPIO_Init
</UL>
<BR>[Calls]<UL><LI><a href="#[ad]">&gt;&gt;</a>&nbsp;&nbsp;&nbsp;HAL_DMA_Init
<LI><a href="#[9a]">&gt;&gt;</a>&nbsp;&nbsp;&nbsp;HAL_NVIC_SetPriority
<LI><a href="#[af]">&gt;&gt;</a>&nbsp;&nbsp;&nbsp;HAL_NVIC_EnableIRQ
<LI><a href="#[ac]">&gt;&gt;</a>&nbsp;&nbsp;&nbsp;HAL_GPIO_Init
<LI><a href="#[ae]">&gt;&gt;</a>&nbsp;&nbsp;&nbsp;Error_Handler
</UL>
<BR>[Called By]<UL><LI><a href="#[a9]">&gt;&gt;</a>&nbsp;&nbsp;&nbsp;HAL_UART_Init
</UL>

<P><STRONG><a name="[b0]"></a>HAL_UART_Receive_DMA</STRONG> (Thumb, 28 bytes, Stack size 0 bytes, stm32f1xx_hal_uart.o(i.HAL_UART_Receive_DMA))
<BR><BR>[Stack]<UL><LI>Max Depth = 44<LI>Call Chain = HAL_UART_Receive_DMA &rArr; UART_Start_Receive_DMA &rArr; HAL_DMA_Start_IT &rArr; DMA_SetConfig
</UL>
<BR>[Calls]<UL><LI><a href="#[b1]">&gt;&gt;</a>&nbsp;&nbsp;&nbsp;UART_Start_Receive_DMA
</UL>
<BR>[Called By]<UL><LI><a href="#[158]">&gt;&gt;</a>&nbsp;&nbsp;&nbsp;USART4_ReceiveIDLE
<LI><a href="#[160]">&gt;&gt;</a>&nbsp;&nbsp;&nbsp;USART3_ReceiveIDLE
<LI><a href="#[15f]">&gt;&gt;</a>&nbsp;&nbsp;&nbsp;USART2_ReceiveIDLE
<LI><a href="#[15e]">&gt;&gt;</a>&nbsp;&nbsp;&nbsp;USART1_ReceiveIDLE
<LI><a href="#[10f]">&gt;&gt;</a>&nbsp;&nbsp;&nbsp;MX_USART3_UART_Init
<LI><a href="#[10e]">&gt;&gt;</a>&nbsp;&nbsp;&nbsp;MX_USART2_UART_Init
<LI><a href="#[10d]">&gt;&gt;</a>&nbsp;&nbsp;&nbsp;MX_USART1_UART_Init
<LI><a href="#[10c]">&gt;&gt;</a>&nbsp;&nbsp;&nbsp;MX_UART4_Init
</UL>

<P><STRONG><a name="[159]"></a>HAL_UART_RxCpltCallback</STRONG> (Thumb, 2 bytes, Stack size 0 bytes, stm32f1xx_hal_uart.o(i.HAL_UART_RxCpltCallback))
<BR><BR>[Called By]<UL><LI><a href="#[a4]">&gt;&gt;</a>&nbsp;&nbsp;&nbsp;UART_Receive_IT
<LI><a href="#[6c]">&gt;&gt;</a>&nbsp;&nbsp;&nbsp;UART_DMAReceiveCplt
</UL>

<P><STRONG><a name="[15a]"></a>HAL_UART_RxHalfCpltCallback</STRONG> (Thumb, 2 bytes, Stack size 0 bytes, stm32f1xx_hal_uart.o(i.HAL_UART_RxHalfCpltCallback))
<BR><BR>[Called By]<UL><LI><a href="#[6d]">&gt;&gt;</a>&nbsp;&nbsp;&nbsp;UART_DMARxHalfCplt
</UL>

<P><STRONG><a name="[b2]"></a>HAL_UART_Transmit_DMA</STRONG> (Thumb, 106 bytes, Stack size 16 bytes, stm32f1xx_hal_uart.o(i.HAL_UART_Transmit_DMA))
<BR><BR>[Stack]<UL><LI>Max Depth = 44<LI>Call Chain = HAL_UART_Transmit_DMA &rArr; HAL_DMA_Start_IT &rArr; DMA_SetConfig
</UL>
<BR>[Calls]<UL><LI><a href="#[91]">&gt;&gt;</a>&nbsp;&nbsp;&nbsp;HAL_DMA_Start_IT
</UL>
<BR>[Called By]<UL><LI><a href="#[89]">&gt;&gt;</a>&nbsp;&nbsp;&nbsp;send_to_lcd
<LI><a href="#[4a]">&gt;&gt;</a>&nbsp;&nbsp;&nbsp;SensorTask
</UL>

<P><STRONG><a name="[a8]"></a>HAL_UART_TxCpltCallback</STRONG> (Thumb, 2 bytes, Stack size 0 bytes, stm32f1xx_hal_uart.o(i.HAL_UART_TxCpltCallback))
<BR><BR>[Called By]<UL><LI><a href="#[4d]">&gt;&gt;</a>&nbsp;&nbsp;&nbsp;UART_DMATransmitCplt
<LI><a href="#[a3]">&gt;&gt;</a>&nbsp;&nbsp;&nbsp;HAL_UART_IRQHandler
</UL>

<P><STRONG><a name="[15b]"></a>HAL_UART_TxHalfCpltCallback</STRONG> (Thumb, 2 bytes, Stack size 0 bytes, stm32f1xx_hal_uart.o(i.HAL_UART_TxHalfCpltCallback))
<BR><BR>[Called By]<UL><LI><a href="#[4e]">&gt;&gt;</a>&nbsp;&nbsp;&nbsp;UART_DMATxHalfCplt
</UL>

<P><STRONG><a name="[c1]"></a>HalAftInterruptHandler</STRONG> (Thumb, 2 bytes, Stack size 0 bytes, los_interrupt.o(i.HalAftInterruptHandler))
<BR><BR>[Called By]<UL><LI><a href="#[69]">&gt;&gt;</a>&nbsp;&nbsp;&nbsp;HalInterrupt
</UL>

<P><STRONG><a name="[b3]"></a>HalArchInit</STRONG> (Thumb, 38 bytes, Stack size 8 bytes, los_context.o(i.HalArchInit))
<BR><BR>[Stack]<UL><LI>Max Depth = 40<LI>Call Chain = HalArchInit &rArr; OsLogLevelCheck &rArr;  OsLogLevelCheck (Cycle)
</UL>
<BR>[Calls]<UL><LI><a href="#[b6]">&gt;&gt;</a>&nbsp;&nbsp;&nbsp;OsLogLevelCheck
<LI><a href="#[b5]">&gt;&gt;</a>&nbsp;&nbsp;&nbsp;HalTickStart
<LI><a href="#[b4]">&gt;&gt;</a>&nbsp;&nbsp;&nbsp;HalHwiInit
<LI><a href="#[86]">&gt;&gt;</a>&nbsp;&nbsp;&nbsp;__2printf
</UL>
<BR>[Called By]<UL><LI><a href="#[c9]">&gt;&gt;</a>&nbsp;&nbsp;&nbsp;LOS_KernelInit
</UL>

<P><STRONG><a name="[68]"></a>HalEnterSleep</STRONG> (Thumb, 14 bytes, Stack size 0 bytes, los_timer.o(i.HalEnterSleep))
<BR><BR>[Called By]<UL><LI><a href="#[5d]">&gt;&gt;</a>&nbsp;&nbsp;&nbsp;OsIdleTask
</UL>
<BR>[Address Reference Count : 1]<UL><LI> los_pm.o(i.OsPmSysctrlInit)
</UL>
<P><STRONG><a name="[73]"></a>HalExcHandleEntry</STRONG> (Thumb, 132 bytes, Stack size 0 bytes, los_interrupt.o(i.HalExcHandleEntry))
<BR><BR>[Stack]<UL><LI>Max Depth = 768 + Unknown Stack Size
<LI>Call Chain = HalExcHandleEntry &rArr; OsExcMemPoolCheckInfo &rArr; LOS_MemIntegrityCheck &rArr; OsMemIntegrityCheck &rArr; OsMemPoolHeadCheck &rArr; OsLogLevelCheck &rArr;  OsLogLevelCheck (Cycle)
</UL>
<BR>[Calls]<UL><LI><a href="#[bc]">&gt;&gt;</a>&nbsp;&nbsp;&nbsp;OsGetAllTskInfo
<LI><a href="#[b7]">&gt;&gt;</a>&nbsp;&nbsp;&nbsp;OsDoExcHook
<LI><a href="#[b8]">&gt;&gt;</a>&nbsp;&nbsp;&nbsp;OsExcTypeInfo
<LI><a href="#[ba]">&gt;&gt;</a>&nbsp;&nbsp;&nbsp;OsExcRegInfo
<LI><a href="#[bd]">&gt;&gt;</a>&nbsp;&nbsp;&nbsp;OsExcNvicDump
<LI><a href="#[be]">&gt;&gt;</a>&nbsp;&nbsp;&nbsp;OsExcMemPoolCheckInfo
<LI><a href="#[b9]">&gt;&gt;</a>&nbsp;&nbsp;&nbsp;OsExcCurTaskInfo
<LI><a href="#[bb]">&gt;&gt;</a>&nbsp;&nbsp;&nbsp;OsExcBackTraceInfo
<LI><a href="#[b6]">&gt;&gt;</a>&nbsp;&nbsp;&nbsp;OsLogLevelCheck
<LI><a href="#[59]">&gt;&gt;</a>&nbsp;&nbsp;&nbsp;HalSysExit
<LI><a href="#[86]">&gt;&gt;</a>&nbsp;&nbsp;&nbsp;__2printf
</UL>
<BR>[Called By]<UL><LI><a href="#[56]">&gt;&gt;</a>&nbsp;&nbsp;&nbsp;HalExcUsageFault
</UL>

<P><STRONG><a name="[bf]"></a>HalGetTickCycle</STRONG> (Thumb, 34 bytes, Stack size 16 bytes, los_timer.o(i.HalGetTickCycle))
<BR><BR>[Stack]<UL><LI>Max Depth = 16 + Unknown Stack Size
<LI>Call Chain = HalGetTickCycle
</UL>
<BR>[Calls]<UL><LI><a href="#[90]">&gt;&gt;</a>&nbsp;&nbsp;&nbsp;HalIntRestore
<LI><a href="#[8e]">&gt;&gt;</a>&nbsp;&nbsp;&nbsp;HalIntLock
</UL>
<BR>[Called By]<UL><LI><a href="#[14b]">&gt;&gt;</a>&nbsp;&nbsp;&nbsp;OsSchedUpdateSchedTimeBase
<LI><a href="#[108]">&gt;&gt;</a>&nbsp;&nbsp;&nbsp;OsGetCurrSysTimeCycle
</UL>

<P><STRONG><a name="[51]"></a>HalHwiDefaultHandler</STRONG> (Thumb, 26 bytes, Stack size 0 bytes, los_interrupt.o(i.HalHwiDefaultHandler))
<BR><BR>[Stack]<UL><LI>Max Depth = 32<LI>Call Chain = HalHwiDefaultHandler &rArr; OsLogLevelCheck &rArr;  OsLogLevelCheck (Cycle)
</UL>
<BR>[Calls]<UL><LI><a href="#[b6]">&gt;&gt;</a>&nbsp;&nbsp;&nbsp;OsLogLevelCheck
<LI><a href="#[86]">&gt;&gt;</a>&nbsp;&nbsp;&nbsp;__2printf
</UL>
<BR>[Address Reference Count : 1]<UL><LI> los_interrupt.o(i.HalHwiInit)
</UL>
<P><STRONG><a name="[b4]"></a>HalHwiInit</STRONG> (Thumb, 164 bytes, Stack size 0 bytes, los_interrupt.o(i.HalHwiInit))
<BR><BR>[Called By]<UL><LI><a href="#[b3]">&gt;&gt;</a>&nbsp;&nbsp;&nbsp;HalArchInit
</UL>

<P><STRONG><a name="[69]"></a>HalInterrupt</STRONG> (Thumb, 62 bytes, Stack size 16 bytes, los_interrupt.o(i.HalInterrupt))
<BR><BR>[Stack]<UL><LI>Max Depth = 16 + Unknown Stack Size
<LI>Call Chain = HalInterrupt
</UL>
<BR>[Calls]<UL><LI><a href="#[c0]">&gt;&gt;</a>&nbsp;&nbsp;&nbsp;HalPreInterruptHandler
<LI><a href="#[c1]">&gt;&gt;</a>&nbsp;&nbsp;&nbsp;HalAftInterruptHandler
<LI><a href="#[90]">&gt;&gt;</a>&nbsp;&nbsp;&nbsp;HalIntRestore
<LI><a href="#[8e]">&gt;&gt;</a>&nbsp;&nbsp;&nbsp;HalIntLock
</UL>
<BR>[Address Reference Count : 1]<UL><LI> los_interrupt.o(i.OsSetVector)
</UL>
<P><STRONG><a name="[fb]"></a>HalIsIntActive</STRONG> (Thumb, 12 bytes, Stack size 0 bytes, los_interrupt.o(i.HalIsIntActive))
<BR><BR>[Called By]<UL><LI><a href="#[8a]">&gt;&gt;</a>&nbsp;&nbsp;&nbsp;LOS_TaskDelay
<LI><a href="#[e9]">&gt;&gt;</a>&nbsp;&nbsp;&nbsp;OsQueueWriteParameterCheck
<LI><a href="#[e6]">&gt;&gt;</a>&nbsp;&nbsp;&nbsp;OsQueueReadParameterCheck
</UL>

<P><STRONG><a name="[c0]"></a>HalPreInterruptHandler</STRONG> (Thumb, 2 bytes, Stack size 0 bytes, los_interrupt.o(i.HalPreInterruptHandler))
<BR><BR>[Called By]<UL><LI><a href="#[69]">&gt;&gt;</a>&nbsp;&nbsp;&nbsp;HalInterrupt
</UL>

<P><STRONG><a name="[c2]"></a>HalStartSchedule</STRONG> (Thumb, 18 bytes, Stack size 8 bytes, los_context.o(i.HalStartSchedule))
<BR><BR>[Stack]<UL><LI>Max Depth = 200 + Unknown Stack Size
<LI>Call Chain = HalStartSchedule &rArr; OsSchedStart &rArr; OsSchedSetNextExpireTime &rArr; OsSchedTickReload &rArr; OsGetCurrSchedTimeCycle &rArr; OsGetCurrSysTimeCycle &rArr; OsLogLevelCheck &rArr;  OsLogLevelCheck (Cycle)
</UL>
<BR>[Calls]<UL><LI><a href="#[c3]">&gt;&gt;</a>&nbsp;&nbsp;&nbsp;OsSchedStart
<LI><a href="#[c4]">&gt;&gt;</a>&nbsp;&nbsp;&nbsp;HalStartToRun
<LI><a href="#[8e]">&gt;&gt;</a>&nbsp;&nbsp;&nbsp;HalIntLock
</UL>
<BR>[Called By]<UL><LI><a href="#[f5]">&gt;&gt;</a>&nbsp;&nbsp;&nbsp;LOS_Start
</UL>

<P><STRONG><a name="[59]"></a>HalSysExit</STRONG> (Thumb, 6 bytes, Stack size 0 bytes, los_context.o(i.HalSysExit))
<BR><BR>[Calls]<UL><LI><a href="#[8e]">&gt;&gt;</a>&nbsp;&nbsp;&nbsp;HalIntLock
</UL>
<BR>[Called By]<UL><LI><a href="#[73]">&gt;&gt;</a>&nbsp;&nbsp;&nbsp;HalExcHandleEntry
<LI><a href="#[e2]">&gt;&gt;</a>&nbsp;&nbsp;&nbsp;LOS_Panic
</UL>
<BR>[Address Reference Count : 1]<UL><LI> los_context.o(i.HalTskStackInit)
</UL>
<P><STRONG><a name="[14a]"></a>HalSysTickReload</STRONG> (Thumb, 32 bytes, Stack size 0 bytes, los_timer.o(i.HalSysTickReload))
<BR><BR>[Called By]<UL><LI><a href="#[146]">&gt;&gt;</a>&nbsp;&nbsp;&nbsp;OsSchedTickReload
</UL>

<P><STRONG><a name="[b5]"></a>HalTickStart</STRONG> (Thumb, 52 bytes, Stack size 8 bytes, los_timer.o(i.HalTickStart))
<BR><BR>[Stack]<UL><LI>Max Depth = 8<LI>Call Chain = HalTickStart
</UL>
<BR>[Calls]<UL><LI><a href="#[c5]">&gt;&gt;</a>&nbsp;&nbsp;&nbsp;OsSetVector
</UL>
<BR>[Called By]<UL><LI><a href="#[b3]">&gt;&gt;</a>&nbsp;&nbsp;&nbsp;HalArchInit
</UL>

<P><STRONG><a name="[c6]"></a>HalTskStackInit</STRONG> (Thumb, 132 bytes, Stack size 16 bytes, los_context.o(i.HalTskStackInit))
<BR><BR>[Stack]<UL><LI>Max Depth = 40<LI>Call Chain = HalTskStackInit &rArr; __2printf
</UL>
<BR>[Calls]<UL><LI><a href="#[c7]">&gt;&gt;</a>&nbsp;&nbsp;&nbsp;memset_s
<LI><a href="#[86]">&gt;&gt;</a>&nbsp;&nbsp;&nbsp;__2printf
</UL>
<BR>[Called By]<UL><LI><a href="#[f9]">&gt;&gt;</a>&nbsp;&nbsp;&nbsp;OsNewTaskInit
</UL>

<P><STRONG><a name="[2]"></a>HardFault_Handler</STRONG> (Thumb, 2 bytes, Stack size 0 bytes, stm32f1xx_it.o(i.HardFault_Handler))
<BR><BR>[Calls]<UL><LI><a href="#[2]">&gt;&gt;</a>&nbsp;&nbsp;&nbsp;HardFault_Handler
</UL>
<BR>[Called By]<UL><LI><a href="#[2]">&gt;&gt;</a>&nbsp;&nbsp;&nbsp;HardFault_Handler
</UL>
<BR>[Address Reference Count : 1]<UL><LI> startup_stm32f103xe.o(RESET)
</UL>
<P><STRONG><a name="[102]"></a>LOS_CurTaskIDGet</STRONG> (Thumb, 14 bytes, Stack size 0 bytes, los_task.o(i.LOS_CurTaskIDGet))
<BR><BR>[Called By]<UL><LI><a href="#[b9]">&gt;&gt;</a>&nbsp;&nbsp;&nbsp;OsExcCurTaskInfo
<LI><a href="#[fe]">&gt;&gt;</a>&nbsp;&nbsp;&nbsp;LOS_TaskDelete
</UL>

<P><STRONG><a name="[c8]"></a>LOS_EventDestroy</STRONG> (Thumb, 46 bytes, Stack size 8 bytes, los_event.o(i.LOS_EventDestroy))
<BR><BR>[Stack]<UL><LI>Max Depth = 8 + Unknown Stack Size
<LI>Call Chain = LOS_EventDestroy
</UL>
<BR>[Calls]<UL><LI><a href="#[90]">&gt;&gt;</a>&nbsp;&nbsp;&nbsp;HalIntRestore
<LI><a href="#[8e]">&gt;&gt;</a>&nbsp;&nbsp;&nbsp;HalIntLock
</UL>
<BR>[Called By]<UL><LI><a href="#[fe]">&gt;&gt;</a>&nbsp;&nbsp;&nbsp;LOS_TaskDelete
</UL>

<P><STRONG><a name="[13a]"></a>LOS_EventInit</STRONG> (Thumb, 18 bytes, Stack size 0 bytes, los_event.o(i.LOS_EventInit))
<BR><BR>[Called By]<UL><LI><a href="#[d1]">&gt;&gt;</a>&nbsp;&nbsp;&nbsp;OsPmInit
<LI><a href="#[f9]">&gt;&gt;</a>&nbsp;&nbsp;&nbsp;OsNewTaskInit
</UL>

<P><STRONG><a name="[c9]"></a>LOS_KernelInit</STRONG> (Thumb, 174 bytes, Stack size 8 bytes, los_init.o(i.LOS_KernelInit))
<BR><BR>[Stack]<UL><LI>Max Depth = 368 + Unknown Stack Size
<LI>Call Chain = LOS_KernelInit &rArr; OsSwtmrInit &rArr; OsSwtmrTaskCreate &rArr; LOS_TaskCreate &rArr; LOS_TaskCreateOnly &rArr; LOS_MemAllocAlign &rArr; OsMemAlloc &rArr; OsMemInfoPrint &rArr; LOS_MemInfoGet &rArr; OsAllMemNodeDoHandle &rArr; LOS_MemIntegrityCheck &rArr; OsMemIntegrityCheck &rArr; OsMemPoolHeadCheck &rArr; OsLogLevelCheck &rArr;  OsLogLevelCheck (Cycle)
</UL>
<BR>[Calls]<UL><LI><a href="#[b6]">&gt;&gt;</a>&nbsp;&nbsp;&nbsp;OsLogLevelCheck
<LI><a href="#[b3]">&gt;&gt;</a>&nbsp;&nbsp;&nbsp;HalArchInit
<LI><a href="#[cb]">&gt;&gt;</a>&nbsp;&nbsp;&nbsp;OsTaskInit
<LI><a href="#[cf]">&gt;&gt;</a>&nbsp;&nbsp;&nbsp;OsSwtmrInit
<LI><a href="#[cc]">&gt;&gt;</a>&nbsp;&nbsp;&nbsp;OsSemInit
<LI><a href="#[ce]">&gt;&gt;</a>&nbsp;&nbsp;&nbsp;OsQueueInit
<LI><a href="#[d1]">&gt;&gt;</a>&nbsp;&nbsp;&nbsp;OsPmInit
<LI><a href="#[cd]">&gt;&gt;</a>&nbsp;&nbsp;&nbsp;OsMuxInit
<LI><a href="#[ca]">&gt;&gt;</a>&nbsp;&nbsp;&nbsp;OsMemSystemInit
<LI><a href="#[d0]">&gt;&gt;</a>&nbsp;&nbsp;&nbsp;OsIdleTaskCreate
<LI><a href="#[d2]">&gt;&gt;</a>&nbsp;&nbsp;&nbsp;OsExcMsgDumpInit
<LI><a href="#[86]">&gt;&gt;</a>&nbsp;&nbsp;&nbsp;__2printf
</UL>
<BR>[Called By]<UL><LI><a href="#[46]">&gt;&gt;</a>&nbsp;&nbsp;&nbsp;main
</UL>

<P><STRONG><a name="[d3]"></a>LOS_MemAlloc</STRONG> (Thumb, 74 bytes, Stack size 24 bytes, los_memory.o(i.LOS_MemAlloc))
<BR><BR>[Stack]<UL><LI>Max Depth = 264 + Unknown Stack Size
<LI>Call Chain = LOS_MemAlloc &rArr; OsMemAlloc &rArr; OsMemInfoPrint &rArr; LOS_MemInfoGet &rArr; OsAllMemNodeDoHandle &rArr; LOS_MemIntegrityCheck &rArr; OsMemIntegrityCheck &rArr; OsMemPoolHeadCheck &rArr; OsLogLevelCheck &rArr;  OsLogLevelCheck (Cycle)
</UL>
<BR>[Calls]<UL><LI><a href="#[90]">&gt;&gt;</a>&nbsp;&nbsp;&nbsp;HalIntRestore
<LI><a href="#[8e]">&gt;&gt;</a>&nbsp;&nbsp;&nbsp;HalIntLock
<LI><a href="#[d4]">&gt;&gt;</a>&nbsp;&nbsp;&nbsp;OsMemAlloc
</UL>
<BR>[Called By]<UL><LI><a href="#[e4]">&gt;&gt;</a>&nbsp;&nbsp;&nbsp;LOS_QueueCreate
<LI><a href="#[cb]">&gt;&gt;</a>&nbsp;&nbsp;&nbsp;OsTaskInit
<LI><a href="#[cf]">&gt;&gt;</a>&nbsp;&nbsp;&nbsp;OsSwtmrInit
<LI><a href="#[cc]">&gt;&gt;</a>&nbsp;&nbsp;&nbsp;OsSemInit
<LI><a href="#[ce]">&gt;&gt;</a>&nbsp;&nbsp;&nbsp;OsQueueInit
<LI><a href="#[cd]">&gt;&gt;</a>&nbsp;&nbsp;&nbsp;OsMuxInit
</UL>

<P><STRONG><a name="[d5]"></a>LOS_MemAllocAlign</STRONG> (Thumb, 132 bytes, Stack size 24 bytes, los_memory.o(i.LOS_MemAllocAlign))
<BR><BR>[Stack]<UL><LI>Max Depth = 264 + Unknown Stack Size
<LI>Call Chain = LOS_MemAllocAlign &rArr; OsMemAlloc &rArr; OsMemInfoPrint &rArr; LOS_MemInfoGet &rArr; OsAllMemNodeDoHandle &rArr; LOS_MemIntegrityCheck &rArr; OsMemIntegrityCheck &rArr; OsMemPoolHeadCheck &rArr; OsLogLevelCheck &rArr;  OsLogLevelCheck (Cycle)
</UL>
<BR>[Calls]<UL><LI><a href="#[90]">&gt;&gt;</a>&nbsp;&nbsp;&nbsp;HalIntRestore
<LI><a href="#[8e]">&gt;&gt;</a>&nbsp;&nbsp;&nbsp;HalIntLock
<LI><a href="#[d4]">&gt;&gt;</a>&nbsp;&nbsp;&nbsp;OsMemAlloc
</UL>
<BR>[Called By]<UL><LI><a href="#[f6]">&gt;&gt;</a>&nbsp;&nbsp;&nbsp;LOS_TaskCreateOnly
</UL>

<P><STRONG><a name="[d6]"></a>LOS_MemFree</STRONG> (Thumb, 80 bytes, Stack size 24 bytes, los_memory.o(i.LOS_MemFree))
<BR><BR>[Stack]<UL><LI>Max Depth = 128 + Unknown Stack Size
<LI>Call Chain = LOS_MemFree &rArr; OsMemFree &rArr; OsMemFreeNodeDelete &rArr; OsMemFreeListIndexGet &rArr; OsMemSlGet &rArr; OsLogLevelCheck &rArr;  OsLogLevelCheck (Cycle)
</UL>
<BR>[Calls]<UL><LI><a href="#[90]">&gt;&gt;</a>&nbsp;&nbsp;&nbsp;HalIntRestore
<LI><a href="#[8e]">&gt;&gt;</a>&nbsp;&nbsp;&nbsp;HalIntLock
<LI><a href="#[d8]">&gt;&gt;</a>&nbsp;&nbsp;&nbsp;OsMemFree
<LI><a href="#[d7]">&gt;&gt;</a>&nbsp;&nbsp;&nbsp;OsGetRealPtr
</UL>
<BR>[Called By]<UL><LI><a href="#[e4]">&gt;&gt;</a>&nbsp;&nbsp;&nbsp;LOS_QueueCreate
<LI><a href="#[cf]">&gt;&gt;</a>&nbsp;&nbsp;&nbsp;OsSwtmrInit
<LI><a href="#[fe]">&gt;&gt;</a>&nbsp;&nbsp;&nbsp;LOS_TaskDelete
<LI><a href="#[f7]">&gt;&gt;</a>&nbsp;&nbsp;&nbsp;OsRecyleFinishedTask
</UL>

<P><STRONG><a name="[d9]"></a>LOS_MemInfoGet</STRONG> (Thumb, 116 bytes, Stack size 16 bytes, los_memory.o(i.LOS_MemInfoGet))
<BR><BR>[Stack]<UL><LI>Max Depth = 160 + Unknown Stack Size
<LI>Call Chain = LOS_MemInfoGet &rArr; OsAllMemNodeDoHandle &rArr; LOS_MemIntegrityCheck &rArr; OsMemIntegrityCheck &rArr; OsMemPoolHeadCheck &rArr; OsLogLevelCheck &rArr;  OsLogLevelCheck (Cycle)
</UL>
<BR>[Calls]<UL><LI><a href="#[90]">&gt;&gt;</a>&nbsp;&nbsp;&nbsp;HalIntRestore
<LI><a href="#[c7]">&gt;&gt;</a>&nbsp;&nbsp;&nbsp;memset_s
<LI><a href="#[b6]">&gt;&gt;</a>&nbsp;&nbsp;&nbsp;OsLogLevelCheck
<LI><a href="#[8e]">&gt;&gt;</a>&nbsp;&nbsp;&nbsp;HalIntLock
<LI><a href="#[da]">&gt;&gt;</a>&nbsp;&nbsp;&nbsp;OsAllMemNodeDoHandle
<LI><a href="#[86]">&gt;&gt;</a>&nbsp;&nbsp;&nbsp;__2printf
</UL>
<BR>[Called By]<UL><LI><a href="#[12a]">&gt;&gt;</a>&nbsp;&nbsp;&nbsp;OsMemInfoPrint
</UL>

<P><STRONG><a name="[db]"></a>LOS_MemInit</STRONG> (Thumb, 142 bytes, Stack size 32 bytes, los_memory.o(i.LOS_MemInit))
<BR><BR>[Stack]<UL><LI>Max Depth = 112 + Unknown Stack Size
<LI>Call Chain = LOS_MemInit &rArr; OsMemFreeNodeAdd &rArr; OsMemFreeListIndexGet &rArr; OsMemSlGet &rArr; OsLogLevelCheck &rArr;  OsLogLevelCheck (Cycle)
</UL>
<BR>[Calls]<UL><LI><a href="#[c7]">&gt;&gt;</a>&nbsp;&nbsp;&nbsp;memset_s
[...]
<BR><BR>[Called By]<UL><LI><a href="#[126]">&gt;&gt;</a>&nbsp;&nbsp;&nbsp;OsMemFindNextSuitableBlock
</UL>

<P><STRONG><a name="[126]"></a>OsMemFindNextSuitableBlock</STRONG> (Thumb, 172 bytes, Stack size 24 bytes, los_memory.o(i.OsMemFindNextSuitableBlock))
<BR><BR>[Stack]<UL><LI>Max Depth = 72<LI>Call Chain = OsMemFindNextSuitableBlock &rArr; OsMemSlGet &rArr; OsLogLevelCheck &rArr;  OsLogLevelCheck (Cycle)
</UL>
<BR>[Calls]<UL><LI><a href="#[12f]">&gt;&gt;</a>&nbsp;&nbsp;&nbsp;OsMemSlGet
<LI><a href="#[12e]">&gt;&gt;</a>&nbsp;&nbsp;&nbsp;OsMemFlGet
<LI><a href="#[130]">&gt;&gt;</a>&nbsp;&nbsp;&nbsp;OsMemFFS
</UL>
<BR>[Called By]<UL><LI><a href="#[d4]">&gt;&gt;</a>&nbsp;&nbsp;&nbsp;OsMemAlloc
</UL>

<P><STRONG><a name="[12e]"></a>OsMemFlGet</STRONG> (Thumb, 24 bytes, Stack size 0 bytes, los_memory.o(i.OsMemFlGet))
<BR><BR>[Called By]<UL><LI><a href="#[133]">&gt;&gt;</a>&nbsp;&nbsp;&nbsp;OsMemFreeListIndexGet
<LI><a href="#[126]">&gt;&gt;</a>&nbsp;&nbsp;&nbsp;OsMemFindNextSuitableBlock
</UL>

<P><STRONG><a name="[d8]"></a>OsMemFree</STRONG> (Thumb, 122 bytes, Stack size 24 bytes, los_memory.o(i.OsMemFree))
<BR><BR>[Stack]<UL><LI>Max Depth = 104 + Unknown Stack Size
<LI>Call Chain = OsMemFree &rArr; OsMemFreeNodeDelete &rArr; OsMemFreeListIndexGet &rArr; OsMemSlGet &rArr; OsLogLevelCheck &rArr;  OsLogLevelCheck (Cycle)
</UL>
<BR>[Calls]<UL><LI><a href="#[b6]">&gt;&gt;</a>&nbsp;&nbsp;&nbsp;OsLogLevelCheck
<LI><a href="#[132]">&gt;&gt;</a>&nbsp;&nbsp;&nbsp;OsMemMergeNode
<LI><a href="#[131]">&gt;&gt;</a>&nbsp;&nbsp;&nbsp;OsMemFreeNodeDelete
<LI><a href="#[dc]">&gt;&gt;</a>&nbsp;&nbsp;&nbsp;OsMemFreeNodeAdd
<LI><a href="#[12b]">&gt;&gt;</a>&nbsp;&nbsp;&nbsp;OsMemCheckUsedNode
<LI><a href="#[86]">&gt;&gt;</a>&nbsp;&nbsp;&nbsp;__2printf
</UL>
<BR>[Called By]<UL><LI><a href="#[d6]">&gt;&gt;</a>&nbsp;&nbsp;&nbsp;LOS_MemFree
</UL>

<P><STRONG><a name="[133]"></a>OsMemFreeListIndexGet</STRONG> (Thumb, 30 bytes, Stack size 16 bytes, los_memory.o(i.OsMemFreeListIndexGet))
<BR><BR>[Stack]<UL><LI>Max Depth = 64<LI>Call Chain = OsMemFreeListIndexGet &rArr; OsMemSlGet &rArr; OsLogLevelCheck &rArr;  OsLogLevelCheck (Cycle)
</UL>
<BR>[Calls]<UL><LI><a href="#[12f]">&gt;&gt;</a>&nbsp;&nbsp;&nbsp;OsMemSlGet
<LI><a href="#[12e]">&gt;&gt;</a>&nbsp;&nbsp;&nbsp;OsMemFlGet
</UL>
<BR>[Called By]<UL><LI><a href="#[131]">&gt;&gt;</a>&nbsp;&nbsp;&nbsp;OsMemFreeNodeDelete
<LI><a href="#[dc]">&gt;&gt;</a>&nbsp;&nbsp;&nbsp;OsMemFreeNodeAdd
</UL>

<P><STRONG><a name="[dc]"></a>OsMemFreeNodeAdd</STRONG> (Thumb, 64 bytes, Stack size 16 bytes, los_memory.o(i.OsMemFreeNodeAdd))
<BR><BR>[Stack]<UL><LI>Max Depth = 80 + Unknown Stack Size
<LI>Call Chain = OsMemFreeNodeAdd &rArr; OsMemFreeListIndexGet &rArr; OsMemSlGet &rArr; OsLogLevelCheck &rArr;  OsLogLevelCheck (Cycle)
</UL>
<BR>[Calls]<UL><LI><a href="#[e2]">&gt;&gt;</a>&nbsp;&nbsp;&nbsp;LOS_Panic
<LI><a href="#[133]">&gt;&gt;</a>&nbsp;&nbsp;&nbsp;OsMemFreeListIndexGet
</UL>
<BR>[Called By]<UL><LI><a href="#[128]">&gt;&gt;</a>&nbsp;&nbsp;&nbsp;OsMemSplitNode
<LI><a href="#[d8]">&gt;&gt;</a>&nbsp;&nbsp;&nbsp;OsMemFree
<LI><a href="#[db]">&gt;&gt;</a>&nbsp;&nbsp;&nbsp;LOS_MemInit
</UL>

<P><STRONG><a name="[131]"></a>OsMemFreeNodeDelete</STRONG> (Thumb, 26 bytes, Stack size 16 bytes, los_memory.o(i.OsMemFreeNodeDelete))
<BR><BR>[Stack]<UL><LI>Max Depth = 80<LI>Call Chain = OsMemFreeNodeDelete &rArr; OsMemFreeListIndexGet &rArr; OsMemSlGet &rArr; OsLogLevelCheck &rArr;  OsLogLevelCheck (Cycle)
</UL>
<BR>[Calls]<UL><LI><a href="#[127]">&gt;&gt;</a>&nbsp;&nbsp;&nbsp;OsMemListDelete
<LI><a href="#[133]">&gt;&gt;</a>&nbsp;&nbsp;&nbsp;OsMemFreeListIndexGet
</UL>
<BR>[Called By]<UL><LI><a href="#[128]">&gt;&gt;</a>&nbsp;&nbsp;&nbsp;OsMemSplitNode
<LI><a href="#[d8]">&gt;&gt;</a>&nbsp;&nbsp;&nbsp;OsMemFree
</UL>

<P><STRONG><a name="[12a]"></a>OsMemInfoPrint</STRONG> (Thumb, 106 bytes, Stack size 56 bytes, los_memory.o(i.OsMemInfoPrint))
<BR><BR>[Stack]<UL><LI>Max Depth = 216 + Unknown Stack Size
<LI>Call Chain = OsMemInfoPrint &rArr; LOS_MemInfoGet &rArr; OsAllMemNodeDoHandle &rArr; LOS_MemIntegrityCheck &rArr; OsMemIntegrityCheck &rArr; OsMemPoolHeadCheck &rArr; OsLogLevelCheck &rArr;  OsLogLevelCheck (Cycle)
</UL>
<BR>[Calls]<UL><LI><a href="#[b6]">&gt;&gt;</a>&nbsp;&nbsp;&nbsp;OsLogLevelCheck
<LI><a href="#[115]">&gt;&gt;</a>&nbsp;&nbsp;&nbsp;__aeabi_memclr4
<LI><a href="#[134]">&gt;&gt;</a>&nbsp;&nbsp;&nbsp;LOS_MemPoolSizeGet
<LI><a href="#[d9]">&gt;&gt;</a>&nbsp;&nbsp;&nbsp;LOS_MemInfoGet
<LI><a href="#[86]">&gt;&gt;</a>&nbsp;&nbsp;&nbsp;__2printf
</UL>
<BR>[Called By]<UL><LI><a href="#[d4]">&gt;&gt;</a>&nbsp;&nbsp;&nbsp;OsMemAlloc
</UL>

<P><STRONG><a name="[e0]"></a>OsMemIntegrityCheck</STRONG> (Thumb, 114 bytes, Stack size 24 bytes, los_memory.o(i.OsMemIntegrityCheck))
<BR><BR>[Stack]<UL><LI>Max Depth = 88<LI>Call Chain = OsMemIntegrityCheck &rArr; OsMemPoolHeadCheck &rArr; OsLogLevelCheck &rArr;  OsLogLevelCheck (Cycle)
</UL>
<BR>[Calls]<UL><LI><a href="#[b6]">&gt;&gt;</a>&nbsp;&nbsp;&nbsp;OsLogLevelCheck
<LI><a href="#[135]">&gt;&gt;</a>&nbsp;&nbsp;&nbsp;OsMemPoolHeadCheck
<LI><a href="#[124]">&gt;&gt;</a>&nbsp;&nbsp;&nbsp;OsMemAddrValidCheckPrint
<LI><a href="#[125]">&gt;&gt;</a>&nbsp;&nbsp;&nbsp;OsMemAddrValidCheck
<LI><a href="#[86]">&gt;&gt;</a>&nbsp;&nbsp;&nbsp;__2printf
</UL>
<BR>[Called By]<UL><LI><a href="#[df]">&gt;&gt;</a>&nbsp;&nbsp;&nbsp;LOS_MemIntegrityCheck
</UL>

<P><STRONG><a name="[e1]"></a>OsMemIntegrityCheckError</STRONG> (Thumb, 64 bytes, Stack size 0 bytes, los_memory.o(i.OsMemIntegrityCheckError))
<BR><BR>[Stack]<UL><LI>Max Depth = 56 + Unknown Stack Size
<LI>Call Chain = OsMemIntegrityCheckError &rArr; LOS_Panic &rArr; OsLogLevelCheck &rArr;  OsLogLevelCheck (Cycle)
</UL>
<BR>[Calls]<UL><LI><a href="#[90]">&gt;&gt;</a>&nbsp;&nbsp;&nbsp;HalIntRestore
<LI><a href="#[116]">&gt;&gt;</a>&nbsp;&nbsp;&nbsp;memcpy_s
<LI><a href="#[e2]">&gt;&gt;</a>&nbsp;&nbsp;&nbsp;LOS_Panic
<LI><a href="#[136]">&gt;&gt;</a>&nbsp;&nbsp;&nbsp;OsMemNodeInfo
</UL>
<BR>[Called By]<UL><LI><a href="#[df]">&gt;&gt;</a>&nbsp;&nbsp;&nbsp;LOS_MemIntegrityCheck
</UL>

<P><STRONG><a name="[12c]"></a>OsMemIsNodeValid</STRONG> (Thumb, 36 bytes, Stack size 8 bytes, los_memory.o(i.OsMemIsNodeValid))
<BR><BR>[Stack]<UL><LI>Max Depth = 8<LI>Call Chain = OsMemIsNodeValid
</UL>
<BR>[Calls]<UL><LI><a href="#[125]">&gt;&gt;</a>&nbsp;&nbsp;&nbsp;OsMemAddrValidCheck
</UL>
<BR>[Called By]<UL><LI><a href="#[12b]">&gt;&gt;</a>&nbsp;&nbsp;&nbsp;OsMemCheckUsedNode
</UL>

<P><STRONG><a name="[127]"></a>OsMemListDelete</STRONG> (Thumb, 64 bytes, Stack size 12 bytes, los_memory.o(i.OsMemListDelete))
<BR><BR>[Stack]<UL><LI>Max Depth = 12<LI>Call Chain = OsMemListDelete
</UL>
<BR>[Called By]<UL><LI><a href="#[131]">&gt;&gt;</a>&nbsp;&nbsp;&nbsp;OsMemFreeNodeDelete
<LI><a href="#[d4]">&gt;&gt;</a>&nbsp;&nbsp;&nbsp;OsMemAlloc
</UL>

<P><STRONG><a name="[132]"></a>OsMemMergeNode</STRONG> (Thumb, 20 bytes, Stack size 0 bytes, los_memory.o(i.OsMemMergeNode))
<BR><BR>[Called By]<UL><LI><a href="#[128]">&gt;&gt;</a>&nbsp;&nbsp;&nbsp;OsMemSplitNode
<LI><a href="#[d8]">&gt;&gt;</a>&nbsp;&nbsp;&nbsp;OsMemFree
</UL>

<P><STRONG><a name="[136]"></a>OsMemNodeInfo</STRONG> (Thumb, 132 bytes, Stack size 16 bytes, los_memory.o(i.OsMemNodeInfo))
<BR><BR>[Stack]<UL><LI>Max Depth = 48<LI>Call Chain = OsMemNodeInfo &rArr; OsLogLevelCheck &rArr;  OsLogLevelCheck (Cycle)
</UL>
<BR>[Calls]<UL><LI><a href="#[b6]">&gt;&gt;</a>&nbsp;&nbsp;&nbsp;OsLogLevelCheck
<LI><a href="#[86]">&gt;&gt;</a>&nbsp;&nbsp;&nbsp;__2printf
</UL>
<BR>[Called By]<UL><LI><a href="#[e1]">&gt;&gt;</a>&nbsp;&nbsp;&nbsp;OsMemIntegrityCheckError
</UL>

<P><STRONG><a name="[5b]"></a>OsMemNodeInfoGetHandle</STRONG> (Thumb, 72 bytes, Stack size 20 bytes, los_memory.o(i.OsMemNodeInfoGetHandle))
<BR><BR>[Stack]<UL><LI>Max Depth = 20<LI>Call Chain = OsMemNodeInfoGetHandle
</UL>
<BR>[Address Reference Count : 1]<UL><LI> los_memory.o(i.LOS_MemInfoGet)
</UL>
<P><STRONG><a name="[dd]"></a>OsMemPoolAdd</STRONG> (Thumb, 104 bytes, Stack size 24 bytes, los_memory.o(i.OsMemPoolAdd))
<BR><BR>[Stack]<UL><LI>Max Depth = 56<LI>Call Chain = OsMemPoolAdd &rArr; OsLogLevelCheck &rArr;  OsLogLevelCheck (Cycle)
</UL>
<BR>[Calls]<UL><LI><a href="#[b6]">&gt;&gt;</a>&nbsp;&nbsp;&nbsp;OsLogLevelCheck
<LI><a href="#[134]">&gt;&gt;</a>&nbsp;&nbsp;&nbsp;LOS_MemPoolSizeGet
<LI><a href="#[86]">&gt;&gt;</a>&nbsp;&nbsp;&nbsp;__2printf
</UL>
<BR>[Called By]<UL><LI><a href="#[db]">&gt;&gt;</a>&nbsp;&nbsp;&nbsp;LOS_MemInit
</UL>

<P><STRONG><a name="[de]"></a>OsMemPoolDeinit</STRONG> (Thumb, 12 bytes, Stack size 0 bytes, los_memory.o(i.OsMemPoolDeinit))
<BR><BR>[Stack]<UL><LI>Max Depth = 16<LI>Call Chain = OsMemPoolDeinit &rArr; memset_s &rArr; SecMemsetError
</UL>
<BR>[Calls]<UL><LI><a href="#[c7]">&gt;&gt;</a>&nbsp;&nbsp;&nbsp;memset_s
</UL>
<BR>[Called By]<UL><LI><a href="#[db]">&gt;&gt;</a>&nbsp;&nbsp;&nbsp;LOS_MemInit
</UL>

<P><STRONG><a name="[135]"></a>OsMemPoolHeadCheck</STRONG> (Thumb, 220 bytes, Stack size 32 bytes, los_memory.o(i.OsMemPoolHeadCheck))
<BR><BR>[Stack]<UL><LI>Max Depth = 64<LI>Call Chain = OsMemPoolHeadCheck &rArr; OsLogLevelCheck &rArr;  OsLogLevelCheck (Cycle)
</UL>
<BR>[Calls]<UL><LI><a href="#[b6]">&gt;&gt;</a>&nbsp;&nbsp;&nbsp;OsLogLevelCheck
<LI><a href="#[125]">&gt;&gt;</a>&nbsp;&nbsp;&nbsp;OsMemAddrValidCheck
<LI><a href="#[86]">&gt;&gt;</a>&nbsp;&nbsp;&nbsp;__2printf
</UL>
<BR>[Called By]<UL><LI><a href="#[e0]">&gt;&gt;</a>&nbsp;&nbsp;&nbsp;OsMemIntegrityCheck
</UL>

<P><STRONG><a name="[12f]"></a>OsMemSlGet</STRONG> (Thumb, 48 bytes, Stack size 16 bytes, los_memory.o(i.OsMemSlGet))
<BR><BR>[Stack]<UL><LI>Max Depth = 48<LI>Call Chain = OsMemSlGet &rArr; OsLogLevelCheck &rArr;  OsLogLevelCheck (Cycle)
</UL>
<BR>[Calls]<UL><LI><a href="#[b6]">&gt;&gt;</a>&nbsp;&nbsp;&nbsp;OsLogLevelCheck
<LI><a href="#[86]">&gt;&gt;</a>&nbsp;&nbsp;&nbsp;__2printf
</UL>
<BR>[Called By]<UL><LI><a href="#[133]">&gt;&gt;</a>&nbsp;&nbsp;&nbsp;OsMemFreeListIndexGet
<LI><a href="#[126]">&gt;&gt;</a>&nbsp;&nbsp;&nbsp;OsMemFindNextSuitableBlock
</UL>

<P><STRONG><a name="[128]"></a>OsMemSplitNode</STRONG> (Thumb, 58 bytes, Stack size 16 bytes, los_memory.o(i.OsMemSplitNode))
<BR><BR>[Stack]<UL><LI>Max Depth = 96 + Unknown Stack Size
<LI>Call Chain = OsMemSplitNode &rArr; OsMemFreeNodeDelete &rArr; OsMemFreeListIndexGet &rArr; OsMemSlGet &rArr; OsLogLevelCheck &rArr;  OsLogLevelCheck (Cycle)
</UL>
<BR>[Calls]<UL><LI><a href="#[132]">&gt;&gt;</a>&nbsp;&nbsp;&nbsp;OsMemMergeNode
<LI><a href="#[131]">&gt;&gt;</a>&nbsp;&nbsp;&nbsp;OsMemFreeNodeDelete
<LI><a href="#[dc]">&gt;&gt;</a>&nbsp;&nbsp;&nbsp;OsMemFreeNodeAdd
</UL>
<BR>[Called By]<UL><LI><a href="#[d4]">&gt;&gt;</a>&nbsp;&nbsp;&nbsp;OsMemAlloc
</UL>

<P><STRONG><a name="[129]"></a>OsMemWaterUsedRecord</STRONG> (Thumb, 16 bytes, Stack size 0 bytes, los_memory.o(i.OsMemWaterUsedRecord))
<BR><BR>[Called By]<UL><LI><a href="#[d4]">&gt;&gt;</a>&nbsp;&nbsp;&nbsp;OsMemAlloc
</UL>

<P><STRONG><a name="[13f]"></a>OsPmCpuResume</STRONG> (Thumb, 36 bytes, Stack size 0 bytes, los_pm.o(i.OsPmCpuResume))
<BR><BR>[Called By]<UL><LI><a href="#[67]">&gt;&gt;</a>&nbsp;&nbsp;&nbsp;OsPmNormalSleep
</UL>

<P><STRONG><a name="[13b]"></a>OsPmCpuSuspend</STRONG> (Thumb, 70 bytes, Stack size 8 bytes, los_pm.o(i.OsPmCpuSuspend))
<BR><BR>[Stack]<UL><LI>Max Depth = 40 + Unknown Stack Size
<LI>Call Chain = OsPmCpuSuspend &rArr; OsLogLevelCheck &rArr;  OsLogLevelCheck (Cycle)
</UL>
<BR>[Calls]<UL><LI><a href="#[b7]">&gt;&gt;</a>&nbsp;&nbsp;&nbsp;OsDoExcHook
<LI><a href="#[b6]">&gt;&gt;</a>&nbsp;&nbsp;&nbsp;OsLogLevelCheck
<LI><a href="#[8e]">&gt;&gt;</a>&nbsp;&nbsp;&nbsp;HalIntLock
<LI><a href="#[86]">&gt;&gt;</a>&nbsp;&nbsp;&nbsp;__2printf
</UL>
<BR>[Called By]<UL><LI><a href="#[67]">&gt;&gt;</a>&nbsp;&nbsp;&nbsp;OsPmNormalSleep
</UL>

<P><STRONG><a name="[67]"></a>OsPmNormalSleep</STRONG> (Thumb, 32 bytes, Stack size 16 bytes, los_pm.o(i.OsPmNormalSleep))
<BR><BR>[Stack]<UL><LI>Max Depth = 56 + Unknown Stack Size
<LI>Call Chain = OsPmNormalSleep &rArr; OsPmCpuSuspend &rArr; OsLogLevelCheck &rArr;  OsLogLevelCheck (Cycle)
</UL>
<BR>[Calls]<UL><LI><a href="#[90]">&gt;&gt;</a>&nbsp;&nbsp;&nbsp;HalIntRestore
<LI><a href="#[8e]">&gt;&gt;</a>&nbsp;&nbsp;&nbsp;HalIntLock
<LI><a href="#[13b]">&gt;&gt;</a>&nbsp;&nbsp;&nbsp;OsPmCpuSuspend
<LI><a href="#[13f]">&gt;&gt;</a>&nbsp;&nbsp;&nbsp;OsPmCpuResume
</UL>
<BR>[Address Reference Count : 1]<UL><LI> los_pm.o(i.OsPmInit)
</UL>
<P><STRONG><a name="[66]"></a>OsPmSleepTimeSet</STRONG> (Thumb, 8 bytes, Stack size 0 bytes, los_pm.o(i.OsPmSleepTimeSet))
<BR>[Address Reference Count : 1]<UL><LI> los_pm.o(i.OsPmInit)
</UL>
<P><STRONG><a name="[13e]"></a>OsPmSysctrlInit</STRONG> (Thumb, 28 bytes, Stack size 0 bytes, los_pm.o(i.OsPmSysctrlInit))
<BR><BR>[Called By]<UL><LI><a href="#[d1]">&gt;&gt;</a>&nbsp;&nbsp;&nbsp;OsPmInit
</UL>

<P><STRONG><a name="[5e]"></a>OsExcContentGet</STRONG> (Thumb, 72 bytes, Stack size 16 bytes, los_exc_info.o(i.OsExcContentGet))
<BR><BR>[Stack]<UL><LI>Max Depth = 32<LI>Call Chain = OsExcContentGet &rArr; memcpy_s &rArr; SecMemcpyError
</UL>
<BR>[Calls]<UL><LI><a href="#[116]">&gt;&gt;</a>&nbsp;&nbsp;&nbsp;memcpy_s
</UL>
<BR>[Address Reference Count : 1]<UL><LI> los_exc_info.o(i.OsExcMsgDumpInit)
</UL>
<P><STRONG><a name="[11b]"></a>OsExcHookFunc</STRONG> (Thumb, 66 bytes, Stack size 24 bytes, los_exc_info.o(i.OsExcHookFunc))
<BR><BR>[Stack]<UL><LI>Max Depth = 24<LI>Call Chain = OsExcHookFunc
</UL>
<BR>[Called By]<UL><LI><a href="#[5f]">&gt;&gt;</a>&nbsp;&nbsp;&nbsp;OsExcTaskMsgGet
<LI><a href="#[60]">&gt;&gt;</a>&nbsp;&nbsp;&nbsp;OsExcQueueMsgGet
</UL>

<P><STRONG><a name="[62]"></a>OsExcMemMsgGet</STRONG> (Thumb, 62 bytes, Stack size 16 bytes, los_exc_info.o(i.OsExcMemMsgGet))
<BR><BR>[Stack]<UL><LI>Max Depth = 120 + Unknown Stack Size
<LI>Call Chain = OsExcMemMsgGet &rArr; OsMemExcInfoGet &rArr; OsMemExcInfoGetSub &rArr; OsMemAddrValidCheckPrint &rArr; OsLogLevelCheck &rArr;  OsLogLevelCheck (Cycle)
</UL>
<BR>[Calls]<UL><LI><a href="#[117]">&gt;&gt;</a>&nbsp;&nbsp;&nbsp;OsMemboxExcInfoGet
<LI><a href="#[118]">&gt;&gt;</a>&nbsp;&nbsp;&nbsp;OsMemExcInfoGet
</UL>
<BR>[Address Reference Count : 1]<UL><LI> los_exc_info.o(i.OsExcMsgDumpInit)
</UL>
<P><STRONG><a name="[63]"></a>OsExcMsgDump</STRONG> (Thumb, 72 bytes, Stack size 16 bytes, los_exc_info.o(i.OsExcMsgDump))
<BR><BR>[Stack]<UL><LI>Max Depth = 32<LI>Call Chain = OsExcMsgDump &rArr; memset_s &rArr; SecMemsetError
</UL>
<BR>[Calls]<UL><LI><a href="#[c7]">&gt;&gt;</a>&nbsp;&nbsp;&nbsp;memset_s
</UL>
<BR>[Address Reference Count : 1]<UL><LI> los_exc_info.o(i.OsExcMsgDumpInit)
</UL>
<P><STRONG><a name="[60]"></a>OsExcQueueMsgGet</STRONG> (Thumb, 18 bytes, Stack size 8 bytes, los_exc_info.o(i.OsExcQueueMsgGet))
<BR><BR>[Stack]<UL><LI>Max Depth = 32<LI>Call Chain = OsExcQueueMsgGet &rArr; OsExcHookFunc
</UL>
<BR>[Calls]<UL><LI><a href="#[11b]">&gt;&gt;</a>&nbsp;&nbsp;&nbsp;OsExcHookFunc
</UL>
<BR>[Address Reference Count : 1]<UL><LI> los_exc_info.o(i.OsExcMsgDumpInit)
</UL>
<P><STRONG><a name="[61]"></a>OsExcSaveIntStatus</STRONG> (Thumb, 166 bytes, Stack size 16 bytes, los_exc_info.o(i.OsExcSaveIntStatus))
<BR><BR>[Stack]<UL><LI>Max Depth = 32<LI>Call Chain = OsExcSaveIntStatus &rArr; memcpy_s &rArr; SecMemcpyError
</UL>
<BR>[Calls]<UL><LI><a href="#[116]">&gt;&gt;</a>&nbsp;&nbsp;&nbsp;memcpy_s
</UL>
<BR>[Address Reference Count : 1]<UL><LI> los_exc_info.o(i.OsExcMsgDumpInit)
</UL>
<P><STRONG><a name="[5f]"></a>OsExcTaskMsgGet</STRONG> (Thumb, 18 bytes, Stack size 8 bytes, los_exc_info.o(i.OsExcTaskMsgGet))
<BR><BR>[Stack]<UL><LI>Max Depth = 32<LI>Call Chain = OsExcTaskMsgGet &rArr; OsExcHookFunc
</UL>
<BR>[Calls]<UL><LI><a href="#[11b]">&gt;&gt;</a>&nbsp;&nbsp;&nbsp;OsExcHookFunc
</UL>
<BR>[Address Reference Count : 1]<UL><LI> los_exc_info.o(i.OsExcMsgDumpInit)
</UL>
<P><STRONG><a name="[5c]"></a>DoExcHook</STRONG> (Thumb, 38 bytes, Stack size 16 bytes, los_exchook.o(i.DoExcHook))
<BR><BR>[Stack]<UL><LI>Max Depth = 32 + Unknown Stack Size
<LI>Call Chain = DoExcHook &rArr; DoExcHookInRegOrder &rArr;  DoExcHookInRegOrder (Cycle)
</UL>
<BR>[Calls]<UL><LI><a href="#[90]">&gt;&gt;</a>&nbsp;&nbsp;&nbsp;HalIntRestore
<LI><a href="#[8e]">&gt;&gt;</a>&nbsp;&nbsp;&nbsp;HalIntLock
<LI><a href="#[8f]">&gt;&gt;</a>&nbsp;&nbsp;&nbsp;DoExcHookInRegOrder
</UL>
<BR>[Address Reference Count : 1]<UL><LI> los_exchook.o(i.LOS_RegExcHook)
</UL>
<P><STRONG><a name="[8f]"></a>DoExcHookInRegOrder</STRONG> (Thumb, 26 bytes, Stack size 16 bytes, los_exchook.o(i.DoExcHookInRegOrder))
<BR><BR>[Stack]<UL><LI>Max Depth = 16 + In Cycle
<LI>Call Chain = DoExcHookInRegOrder &rArr;  DoExcHookInRegOrder (Cycle)
</UL>
<BR>[Calls]<UL><LI><a href="#[8f]">&gt;&gt;</a>&nbsp;&nbsp;&nbsp;DoExcHookInRegOrder
</UL>
<BR>[Called By]<UL><LI><a href="#[8f]">&gt;&gt;</a>&nbsp;&nbsp;&nbsp;DoExcHookInRegOrder
<LI><a href="#[5c]">&gt;&gt;</a>&nbsp;&nbsp;&nbsp;DoExcHook
</UL>

<P><STRONG><a name="[154]"></a>SecMemcpyError</STRONG> (Thumb, 78 bytes, Stack size 8 bytes, memcpy_s.o(i.SecMemcpyError))
<BR><BR>[Stack]<UL><LI>Max Depth = 8<LI>Call Chain = SecMemcpyError
</UL>
<BR>[Calls]<UL><LI><a href="#[77]">&gt;&gt;</a>&nbsp;&nbsp;&nbsp;__aeabi_memclr
</UL>
<BR>[Called By]<UL><LI><a href="#[116]">&gt;&gt;</a>&nbsp;&nbsp;&nbsp;memcpy_s
</UL>

<P><STRONG><a name="[155]"></a>SecMemsetError</STRONG> (Thumb, 36 bytes, Stack size 8 bytes, memset_s.o(i.SecMemsetError))
<BR><BR>[Stack]<UL><LI>Max Depth = 8<LI>Call Chain = SecMemsetError
</UL>
<BR>[Calls]<UL><LI><a href="#[78]">&gt;&gt;</a>&nbsp;&nbsp;&nbsp;__aeabi_memset
</UL>
<BR>[Called By]<UL><LI><a href="#[c7]">&gt;&gt;</a>&nbsp;&nbsp;&nbsp;memset_s
</UL>

<P><STRONG><a name="[16d]"></a>SecMinStrLen</STRONG> (Thumb, 22 bytes, Stack size 0 bytes, strncpy_s.o(i.SecMinStrLen))
<BR><BR>[Called By]<UL><LI><a href="#[104]">&gt;&gt;</a>&nbsp;&nbsp;&nbsp;strncpy_s
</UL>

<P><STRONG><a name="[165]"></a>_fp_digits</STRONG> (Thumb, 366 bytes, Stack size 64 bytes, printfa.o(i._fp_digits), UNUSED)
<BR><BR>[Calls]<UL><LI><a href="#[7a]">&gt;&gt;</a>&nbsp;&nbsp;&nbsp;__aeabi_ddiv
<LI><a href="#[7c]">&gt;&gt;</a>&nbsp;&nbsp;&nbsp;__aeabi_d2ulz
<LI><a href="#[74]">&gt;&gt;</a>&nbsp;&nbsp;&nbsp;__aeabi_uldivmod
<LI><a href="#[82]">&gt;&gt;</a>&nbsp;&nbsp;&nbsp;__aeabi_dmul
<LI><a href="#[7e]">&gt;&gt;</a>&nbsp;&nbsp;&nbsp;__aeabi_dadd
<LI><a href="#[166]">&gt;&gt;</a>&nbsp;&nbsp;&nbsp;__aeabi_cdrcmple
</UL>
<BR>[Called By]<UL><LI><a href="#[163]">&gt;&gt;</a>&nbsp;&nbsp;&nbsp;_printf_core
</UL>

<P><STRONG><a name="[163]"></a>_printf_core</STRONG> (Thumb, 1704 bytes, Stack size 136 bytes, printfa.o(i._printf_core), UNUSED)
<BR><BR>[Calls]<UL><LI><a href="#[74]">&gt;&gt;</a>&nbsp;&nbsp;&nbsp;__aeabi_uldivmod
<LI><a href="#[169]">&gt;&gt;</a>&nbsp;&nbsp;&nbsp;__aeabi_uidivmod
<LI><a href="#[167]">&gt;&gt;</a>&nbsp;&nbsp;&nbsp;_printf_pre_padding
<LI><a href="#[168]">&gt;&gt;</a>&nbsp;&nbsp;&nbsp;_printf_post_padding
<LI><a href="#[165]">&gt;&gt;</a>&nbsp;&nbsp;&nbsp;_fp_digits
</UL>
<BR>[Called By]<UL><LI><a href="#[164]">&gt;&gt;</a>&nbsp;&nbsp;&nbsp;__0sprintf
<LI><a href="#[162]">&gt;&gt;</a>&nbsp;&nbsp;&nbsp;__0printf
</UL>

<P><STRONG><a name="[168]"></a>_printf_post_padding</STRONG> (Thumb, 36 bytes, Stack size 24 bytes, printfa.o(i._printf_post_padding), UNUSED)
<BR><BR>[Called By]<UL><LI><a href="#[163]">&gt;&gt;</a>&nbsp;&nbsp;&nbsp;_printf_core
</UL>

<P><STRONG><a name="[167]"></a>_printf_pre_padding</STRONG> (Thumb, 46 bytes, Stack size 24 bytes, printfa.o(i._printf_pre_padding), UNUSED)
<BR><BR>[Called By]<UL><LI><a href="#[163]">&gt;&gt;</a>&nbsp;&nbsp;&nbsp;_printf_core
</UL>

<P><STRONG><a name="[6f]"></a>_sputc</STRONG> (Thumb, 10 bytes, Stack size 0 bytes, printfa.o(i._sputc))
<BR><BR>[Called By]<UL><LI><a href="#[164]">&gt;&gt;</a>&nbsp;&nbsp;&nbsp;__0sprintf
</UL>
<BR>[Address Reference Count : 1]<UL><LI> printfa.o(i.__0sprintf)
</UL><P>
<H3>
Undefined Global Symbols
</H3><HR></body></html>
